08:14:24 i1-auto start case=BC user=WDAGUtilityAccount
08:14:24 C:\Users entries: All Users, ContainerAdministrator, ContainerUser, Default, Default User, Public, WDAGUtilityAccount, desktop.ini
08:14:26 isolation gate passed
08:14:26 [B-install-z82] installing z82
08:14:32 [B-install-z82] no wizard window; top-level windows: Shell_TrayWnd||pid=4880 ; Progman|Program Manager|pid=4880
08:14:33 [B-install-z82] page 1: Button=Next > ; Button=Cancel ; Text= ; Text= ; Text=ZCode Graph 3.14.3-z8.2  ; Text=ZCode Graph 3.14.3-z8.2(disabled) ; Text=ZCode Graph 3.14.3-z8.2 ; Text=Choose Installation Options ; Text=Who should this application be installed for? ; Text=Please select whether you wish to make this software available to all users or just yourself ; RadioButton=Anyone who uses this computer (all users)[Off] ; RadioButton=Only for me (WDAGUtilityAccount)[On] ; Text=Fresh install for current user only. ; Button=Minimize ; Button=Maximize(disabled) ; Button=Close
08:14:34 [B-install-z82] page 2: Button=< Back ; Button=Next > ; Button=Cancel ; Text= ; Text= ; Text=ZCode Graph 3.14.3-z8.2  ; Text=ZCode Graph 3.14.3-z8.2(disabled) ; Text=ZCode Graph 3.14.3-z8.2 ; Text=Choose Install Location ; Text=Choose the folder in which to install ZCode Graph. ; Button=Browse... ; Text=Space available: 76.8 GB ; Text=Space required: 648.8 MB ; Text=Setup will install ZCode Graph in the following folder. To install in a different folder, click Browse and select another folder. Click Next to continue. ; Button=Minimize ; Button=Maximize(disabled) ; Button=Close
08:14:36 [B-install-z82] page 3: Button=< Back(disabled) ; Button=Next >(disabled) ; Button=Cancel(disabled) ; Text= ; Text= ; Text=ZCode Graph 3.14.3-z8.2  ; Text=ZCode Graph 3.14.3-z8.2(disabled) ; Text=ZCode Graph 3.14.3-z8.2 ; Text=Installing ; Text=Please wait while ZCode Graph is being installed. ; Text= ; Text=ZCode: install-started ; Button=Minimize ; Button=Maximize(disabled) ; Button=Close
08:14:40 [B-install-z82] page 4: Button=< Back(disabled) ; Button=Next >(disabled) ; Button=Cancel(disabled) ; Text= ; Text= ; Text=ZCode Graph 3.14.3-z8.2  ; Text=ZCode Graph 3.14.3-z8.2(disabled) ; Text=ZCode Graph 3.14.3-z8.2 ; Text=Installing ; Text=Please wait while ZCode Graph is being installed. ; Text= ; Text=ZCode: install-started ; Text=ZCode: cleanup-started ; Text=ZCode: cleanup-completed ; Text=Output folder: C:\Users\WDAGUtilityAccount\AppData\Local\Programs\ZCode Graph ; Text=Extract: uninstallerIcon.ico... 100% ; Text=ZCode: extract-started ; Text=Extract: C:\Users\WDAGUtilityAccount\AppData\Local\Temp\nsz97BC.tmp\app-64.7z ; Text=Create folder: C:\Users\WDAGUtilityAccount\AppData\Local\Temp\nsz97BC.tmp\7z-out ; Text=Output folder: C:\Users\WDAGUtilityAccount\AppData\Local\Temp\nsz97BC.tmp\7z-out ; Button=Minimize ; Button=Maximize(disabled) ; Button=Close
08:14:42 [B-install-z82] page 5: Button=< Back(disabled) ; Button=Next >(disabled) ; Button=Cancel(disabled) ; Text= ; Text= ; Text=ZCode Graph 3.14.3-z8.2  ; Text=ZCode Graph 3.14.3-z8.2(disabled) ; Text=ZCode Graph 3.14.3-z8.2 ; Text=Installing ; Text=Please wait while ZCode Graph is being installed. ; Text= ; Text=ZCode: cleanup-started ; Text=ZCode: cleanup-completed ; Text=Output folder: C:\Users\WDAGUtilityAccount\AppData\Local\Programs\ZCode Graph ; Text=Extract: uninstallerIcon.ico... 100% ; Text=ZCode: extract-started ; Text=Extract: C:\Users\WDAGUtilityAccount\AppData\Local\Temp\nsz97BC.tmp\app-64.7z ; Text=Create folder: C:\Users\WDAGUtilityAccount\AppData\Local\Temp\nsz97BC.tmp\7z-out ; Text=Output folder: C:\Users\WDAGUtilityAccount\AppData\Local\Temp\nsz97BC.tmp\7z-out ; Text=Output folder: C:\Users\WDAGUtilityAccount\AppData\Local\Programs\ZCode Graph ; Text=Copy to C:\Users\WDAGUtilityAccount\AppData\Local\Programs\ZCode Graph ; Button=Minimize ; Button=Maximize(disabled) ; Button=Close
08:14:43 [B-install-z82] page 6: Button=< Back(disabled) ; Button=Next >(disabled) ; Button=Cancel(disabled) ; Text= ; Text= ; Text=ZCode Graph 3.14.3-z8.2  ; Text=ZCode Graph 3.14.3-z8.2(disabled) ; Text=ZCode Graph 3.14.3-z8.2 ; Text=Installing ; Text=Please wait while ZCode Graph is being installed. ; Text= ; Button=Back by small amount ; Button=Back by large amount ; Button=Forward by small amount ; Text=ZCode: cleanup-started ; Text=ZCode: cleanup-completed ; Text=Output folder: C:\Users\WDAGUtilityAccount\AppData\Local\Programs\ZCode Graph ; Text=Extract: uninstallerIcon.ico... 100% ; Text=ZCode: extract-started ; Text=Extract: C:\Users\WDAGUtilityAccount\AppData\Local\Temp\nsz97BC.tmp\app-64.7z ; Text=Create folder: C:\Users\WDAGUtilityAccount\AppData\Local\Temp\nsz97BC.tmp\7z-out ; Text=Output folder: C:\Users\WDAGUtilityAccount\AppData\Local\Temp\nsz97BC.tmp\7z-out ; Text=Output folder: C:\Users\WDAGUtilityAccount\AppData\Local\Programs\ZCode Graph ; Text=Copy to C:\Users\WDAGUtilityAccount\AppData\Local\Programs\ZCode Graph ; Button=Minimize ; Button=Maximize(disabled) ; Button=Close
08:14:45 [B-install-z82] page 7: Button=< Back(disabled) ; Button=Next >(disabled) ; Button=Cancel(disabled) ; Text= ; Text= ; Text=ZCode Graph 3.14.3-z8.2  ; Text=ZCode Graph 3.14.3-z8.2(disabled) ; Text=ZCode Graph 3.14.3-z8.2 ; Text=Installing ; Text=Please wait while ZCode Graph is being installed. ; Text= ; Button=Back by small amount ; Button=Back by large amount ; Button=Forward by small amount ; Text=Output folder: C:\Users\WDAGUtilityAccount\AppData\Local\Programs\ZCode Graph ; Text=Extract: uninstallerIcon.ico... 100% ; Text=ZCode: extract-started ; Text=Extract: C:\Users\WDAGUtilityAccount\AppData\Local\Temp\nsz97BC.tmp\app-64.7z ; Text=Create folder: C:\Users\WDAGUtilityAccount\AppData\Local\Temp\nsz97BC.tmp\7z-out ; Text=Output folder: C:\Users\WDAGUtilityAccount\AppData\Local\Temp\nsz97BC.tmp\7z-out ; Text=Output folder: C:\Users\WDAGUtilityAccount\AppData\Local\Programs\ZCode Graph ; Text=Copy to C:\Users\WDAGUtilityAccount\AppData\Local\Programs\ZCode Graph ; Text=Create folder: C:\Users\WDAGUtilityAccount\AppData\Local\@zcodedesktop-updater ; Text=Copy to C:\Users\WDAGUtilityAccount\AppData\Local\@zcodedesktop-updater\installer.exe ; Button=Minimize ; Button=Maximize(disabled) ; Button=Close
08:14:46 [B-install-z82] page 8: Button=< Back(disabled) ; Button=Finish ; Button=Cancel(disabled) ; Text= ; Text= ; Text=ZCode Graph 3.14.3-z8.2 ; Text=Completing ZCode Graph Setup ; Text=ZCode Graph has been installed on your computer.

Click Finish to close Setup. ; CheckBox=Run ZCode Graph[On] ; Button=Minimize ; Button=Maximize(disabled) ; Button=Close
08:14:47 [B-install-z82] page 9: Button=< Back(disabled) ; Button=Finish ; Button=Cancel(disabled) ; Text= ; Text= ; Text=ZCode Graph 3.14.3-z8.2 ; Text=Completing ZCode Graph Setup ; Text=ZCode Graph has been installed on your computer.

Click Finish to close Setup. ; CheckBox=Run ZCode Graph[Off] ; Button=Minimize ; Button=Maximize(disabled) ; Button=Close
08:14:50 [B-install-z82] install exit: 0
08:14:50 z8.2 install dir: C:\Users\WDAGUtilityAccount\AppData\Local\Programs\ZCode Graph
08:14:51 [B-seed-tool] harness: scripts\graph-engineering\i1-seed-tool.mjs
08:15:04 [B-seed-tool] harness exit= status=PASS
08:15:04 [B-seed-review] harness: scripts\graph-engineering\reviewer-native.mjs --scenario=pass
08:15:22 [B-seed-review] harness exit= status=PASS
08:15:22 [B-seed-library] harness: scripts\graph-engineering\i1-seed-library.mjs
08:15:29 [B-seed-library] harness exit= status=PASS
08:15:29 settings probes written: {"marker":"i1SyntheticMarker=keep-me","flippedKey":"keepAwakeWhileRunning","before":false,"after":true}
08:15:30 [B-upgrade-c3] installing c3
08:15:35 [B-upgrade-c3] page 1: Button=Next > ; Button=Cancel ; Text= ; Text= ; Text=ZCode Graph 3.14.3-z8.303  ; Text=ZCode Graph 3.14.3-z8.303(disabled) ; Text=ZCode Graph 3.14.3-z8.303 ; Text=Choose Installation Options ; Text=Who should this application be installed for? ; Text=Please select whether you wish to make this software available to all users or just yourself ; RadioButton=Anyone who uses this computer (all users)[Off] ; RadioButton=Only for me (WDAGUtilityAccount)[On] ; Text=There is already a per-user installation.(C:\Users\WDAGUtilityAccount\AppData\Local\Programs\ZCode Graph)
Will reinstall/upgrade. ; Button=Minimize ; Button=Maximize(disabled) ; Button=Close
08:15:36 [B-upgrade-c3] page 2: Button=< Back ; Button=Next > ; Button=Cancel ; Text= ; Text= ; Text=ZCode Graph 3.14.3-z8.303  ; Text=ZCode Graph 3.14.3-z8.303(disabled) ; Text=ZCode Graph 3.14.3-z8.303 ; Text=Choose Install Location ; Text=Choose the folder in which to install ZCode Graph. ; Button=Browse... ; Text=Space available: 76.0 GB ; Text=Space required: 648.9 MB ; Text=Setup will install ZCode Graph in the following folder. To install in a different folder, click Browse and select another folder. Click Next to continue. ; Button=Minimize ; Button=Maximize(disabled) ; Button=Close
08:15:38 [B-upgrade-c3] page 3: Button=< Back(disabled) ; Button=Next >(disabled) ; Button=Cancel(disabled) ; Text= ; Text= ; Text=ZCode Graph 3.14.3-z8.303  ; Text=ZCode Graph 3.14.3-z8.303(disabled) ; Text=ZCode Graph 3.14.3-z8.303 ; Text=Installing ; Text=Please wait while ZCode Graph is being installed. ; Text= ; Text=ZCode: install-started ; Button=Minimize ; Button=Maximize(disabled) ; Button=Close
08:15:42 [B-upgrade-c3] page 4: Button=< Back(disabled) ; Button=Next >(disabled) ; Button=Cancel(disabled) ; Text= ; Text= ; Text=ZCode Graph 3.14.3-z8.303  ; Text=ZCode Graph 3.14.3-z8.303(disabled) ; Text=ZCode Graph 3.14.3-z8.303 ; Text=Installing ; Text=Please wait while ZCode Graph is being installed. ; Text= ; Text=ZCode: install-started ; Text=ZCode: cleanup-started ; Text=Create folder: C:\Users\WDAGUtilityAccount\AppData\Local\Temp\nsb8C9C.tmp ; Text=Copy to C:\Users\WDAGUtilityAccount\AppData\Local\Temp\nsb8C9C.tmp\old-uninstaller.exe ; Text=Execute: "C:\Users\WDAGUtilityAccount\AppData\Local\Temp\nsb8C9C.tmp\old-uninstaller.exe" /S /KEEP_APP_DATA /currentuser --keep-shortcuts --updated _?=C:\Users\WDAGUtilityAccount\AppData\Local\Programs\ZCode Graph ; Button=Minimize ; Button=Maximize(disabled) ; Button=Close
08:15:47 [B-upgrade-c3] page 5: Button=< Back(disabled) ; Button=Next >(disabled) ; Button=Cancel(disabled) ; Text= ; Text= ; Text=ZCode Graph 3.14.3-z8.303  ; Text=ZCode Graph 3.14.3-z8.303(disabled) ; Text=ZCode Graph 3.14.3-z8.303 ; Text=Installing ; Text=Please wait while ZCode Graph is being installed. ; Text= ; Button=Back by small amount ; Button=Back by large amount ; Button=Forward by small amount ; Text=ZCode: cleanup-log [pid=6576] cleanup-file path=vk_swiftshader.dll
 ; Text=ZCode: cleanup-log [pid=6576] cleanup-file path=vk_swiftshader_icd.json
 ; Text=ZCode: cleanup-log [pid=6576] cleanup-file path=vulkan-1.dll
 ; Text=ZCode: cleanup-log [pid=6576] cleanup-completed
 ; Text=Output folder: C:\Users\WDAGUtilityAccount\AppData\Local\Programs\ZCode Graph ; Text=Extract: uninstallerIcon.ico... 100% ; Text=ZCode: extract-started ; Text=Extract: C:\Users\WDAGUtilityAccount\AppData\Local\Temp\nsb8C9C.tmp\app-64.7z ; Text=Create folder: C:\Users\WDAGUtilityAccount\AppData\Local\Temp\nsb8C9C.tmp\7z-out ; Text=Output folder: C:\Users\WDAGUtilityAccount\AppData\Local\Temp\nsb8C9C.tmp\7z-out ; Button=Minimize ; Button=Maximize(disabled) ; Button=Close
08:15:49 [B-upgrade-c3] page 6: Button=< Back(disabled) ; Button=Next >(disabled) ; Button=Cancel(disabled) ; Text= ; Text= ; Text=ZCode Graph 3.14.3-z8.303  ; Text=ZCode Graph 3.14.3-z8.303(disabled) ; Text=ZCode Graph 3.14.3-z8.303 ; Text=Installing ; Text=Please wait while ZCode Graph is being installed. ; Text= ; Button=Back by small amount ; Button=Back by large amount ; Button=Forward by small amount ; Text=Extract: C:\Users\WDAGUtilityAccount\AppData\Local\Temp\nsb8C9C.tmp\app-64.7z ; Text=Create folder: C:\Users\WDAGUtilityAccount\AppData\Local\Temp\nsb8C9C.tmp\7z-out ; Text=Output folder: C:\Users\WDAGUtilityAccount\AppData\Local\Temp\nsb8C9C.tmp\7z-out ; Text=Output folder: C:\Users\WDAGUtilityAccount\AppData\Local\Programs\ZCode Graph ; Text=Copy to C:\Users\WDAGUtilityAccount\AppData\Local\Programs\ZCode Graph ; Text=Create folder: C:\Users\WDAGUtilityAccount\AppData\Local\@zcodedesktop-updater ; Text=Copy to C:\Users\WDAGUtilityAccount\AppData\Local\@zcodedesktop-updater\installer.exe ; Button=Minimize ; Button=Maximize(disabled) ; Button=Close
08:15:51 [B-upgrade-c3] page 7: Button=< Back(disabled) ; Button=Next >(disabled) ; Button=Cancel(disabled) ; Text= ; Text= ; Text=ZCode Graph 3.14.3-z8.303  ; Text=ZCode Graph 3.14.3-z8.303(disabled) ; Text=ZCode Graph 3.14.3-z8.303 ; Text=Installing ; Text=Please wait while ZCode Graph is being installed. ; Text= ; Button=Back by small amount ; Button=Back by large amount ; Button=Forward by small amount ; Text=Output folder: C:\Users\WDAGUtilityAccount\AppData\Local\Temp\nsb8C9C.tmp\7z-out ; Text=Output folder: C:\Users\WDAGUtilityAccount\AppData\Local\Programs\ZCode Graph ; Text=Copy to C:\Users\WDAGUtilityAccount\AppData\Local\Programs\ZCode Graph ; Text=Create folder: C:\Users\WDAGUtilityAccount\AppData\Local\@zcodedesktop-updater ; Text=Copy to C:\Users\WDAGUtilityAccount\AppData\Local\@zcodedesktop-updater\installer.exe ; Text=Extract: Uninstall ZCode Graph.exe... 100% ; Text=ZCode: extract-completed ; Text=ZCode: shortcuts-started ; Text=ZCode: shortcuts-completed ; Text=ZCode: install-finalization-started ; Button=Minimize ; Button=Maximize(disabled) ; Button=Close
08:15:51 [B-upgrade-c3] page 8: Button=< Back(disabled) ; Button=Finish ; Button=Cancel(disabled) ; Text= ; Text= ; Text=ZCode Graph 3.14.3-z8.303 ; Text=Completing ZCode Graph Setup ; Text=ZCode Graph has been installed on your computer.

Click Finish to close Setup. ; CheckBox=Run ZCode Graph[On] ; Button=Minimize ; Button=Maximize(disabled) ; Button=Close
08:15:52 [B-upgrade-c3] page 9: Button=< Back(disabled) ; Button=Finish ; Button=Cancel(disabled) ; Text= ; Text= ; Text=ZCode Graph 3.14.3-z8.303 ; Text=Completing ZCode Graph Setup ; Text=ZCode Graph has been installed on your computer.

Click Finish to close Setup. ; CheckBox=Run ZCode Graph[Off] ; Button=Minimize ; Button=Maximize(disabled) ; Button=Close
08:15:56 [B-upgrade-c3] install exit: 0
08:15:57 [inspect-B-after-upgrade-tool] harness: scripts\graph-engineering\i1-inspect.mjs --workspace=C:\Users\WDAGUtilityAccount\AppData\Local\Temp\zcode-graph-acceptance-stpJB5\workspace --expect-runs=1 --out=C:\i1\logs\inspect-B-after-upgrade-tool.json
08:16:04 [inspect-B-after-upgrade-tool] harness exit= status=PASS
08:16:04 [inspect-B-after-upgrade-library] harness: scripts\graph-engineering\i1-inspect.mjs --workspace=C:\Users\WDAGUtilityAccount\AppData\Local\Temp\zcode-graph-acceptance-ieovJL\workspace --expect-runs=0 --out=C:\i1\logs\inspect-B-after-upgrade-library.json
08:16:10 [inspect-B-after-upgrade-library] harness exit= status=PASS
08:16:10 [inspect-B-after-upgrade-review] harness: scripts\graph-engineering\i1-inspect.mjs --workspace=C:\Users\WDAGUtilityAccount\AppData\Local\Temp\zcode-graph-acceptance-7u52Wo\workspace --expect-runs=1 --out=C:\i1\logs\inspect-B-after-upgrade-review.json
08:16:15 [inspect-B-after-upgrade-review] harness exit= status=PASS
08:16:15 [B-new-workflow] harness: scripts\graph-engineering\i1-seed-tool.mjs
08:16:24 [B-new-workflow] harness exit= status=PASS
08:16:25 [inspect-B-restart-new] harness: scripts\graph-engineering\i1-inspect.mjs --workspace=C:\Users\WDAGUtilityAccount\AppData\Local\Temp\zcode-graph-acceptance-sTGQsD\workspace --expect-runs=1 --out=C:\i1\logs\inspect-B-restart-new.json
08:16:30 [inspect-B-restart-new] harness exit= status=PASS
08:16:30 [inspect-B-restart-old] harness: scripts\graph-engineering\i1-inspect.mjs --workspace=C:\Users\WDAGUtilityAccount\AppData\Local\Temp\zcode-graph-acceptance-7u52Wo\workspace --expect-runs=1 --out=C:\i1\logs\inspect-B-restart-old.json
08:16:36 [inspect-B-restart-old] harness exit= status=PASS
08:16:36 [C-uninstall] uninstalling through the registered uninstaller
08:16:40 [C-uninstall] page 1: Button=Next > ; Button=Cancel ; Text= ; Text= ; Text=ZCode Graph 3.14.3-z8.303 ; Text=Welcome to ZCode Graph Uninstall ; Text=Setup will guide you through the uninstallation of ZCode Graph.

Before starting the uninstallation, make sure ZCode Graph is not running.

Click Next to continue. ; Button=Minimize ; Button=Maximize(disabled) ; Button=Close
08:16:42 [C-uninstall] page 2: Button=< Back(disabled) ; Button=Next >(disabled) ; Button=Cancel(disabled) ; Text= ; Text= ; Text=ZCode Graph 3.14.3-z8.303  ; Text=ZCode Graph 3.14.3-z8.303(disabled) ; Text=ZCode Graph 3.14.3-z8.303 ; Text=Uninstalling ; Text=Please wait while ZCode Graph is being uninstalled. ; Text= ; Button=Minimize ; Button=Maximize(disabled) ; Button=Close
08:16:45 [C-uninstall] page 3: Button=< Back(disabled) ; Button=Next >(disabled) ; Button=Cancel(disabled) ; Text= ; Text= ; Text=ZCode Graph 3.14.3-z8.303  ; Text=ZCode Graph 3.14.3-z8.303(disabled) ; Text=ZCode Graph 3.14.3-z8.303 ; Text=Uninstalling ; Text=Please wait while ZCode Graph is being uninstalled. ; Text=Remove folder: C:\Users\WDAGUtilityAccount\AppData\Local\Programs\ZCode Graph\resources\glm\packages\browser-use-plugin\docs\ ; Button=Minimize ; Button=Maximize(disabled) ; Button=Close
08:16:46 [C-uninstall] page 4: Button=< Back(disabled) ; Button=Finish ; Button=Cancel(disabled) ; Text= ; Text= ; Text=ZCode Graph 3.14.3-z8.303 ; Text=Completing ZCode Graph Uninstall ; Text=ZCode Graph has been uninstalled from your computer.

Click Finish to close Setup. ; Button=Minimize ; Button=Maximize(disabled) ; Button=Close
08:16:50 [C-uninstall] no wizard window; top-level windows: Shell_TrayWnd||pid=4880 ; Progman|Program Manager|pid=4880
08:16:56 [C-uninstall] ZCode-uninstaller.log lastWriteUtc=2026-10-04T08:15:46.4668341Z
08:16:56 [C-uninstall] uninstall exit: 0
08:16:56 [C-reinstall-c3] installing c3
08:17:00 [C-reinstall-c3] page 1: Button=Next > ; Button=Cancel ; Text= ; Text= ; Text=ZCode Graph 3.14.3-z8.303  ; Text=ZCode Graph 3.14.3-z8.303(disabled) ; Text=ZCode Graph 3.14.3-z8.303 ; Text=Choose Installation Options ; Text=Who should this application be installed for? ; Text=Please select whether you wish to make this software available to all users or just yourself ; RadioButton=Anyone who uses this computer (all users)[Off] ; RadioButton=Only for me (WDAGUtilityAccount)[On] ; Text=Fresh install for current user only. ; Button=Minimize ; Button=Maximize(disabled) ; Button=Close
08:17:01 [C-reinstall-c3] page 2: Button=< Back ; Button=Next > ; Button=Cancel ; Text= ; Text= ; Text=ZCode Graph 3.14.3-z8.303  ; Text=ZCode Graph 3.14.3-z8.303(disabled) ; Text=ZCode Graph 3.14.3-z8.303 ; Text=Choose Install Location ; Text=Choose the folder in which to install ZCode Graph. ; Button=Browse... ; Text=Space available: 76.6 GB ; Text=Space required: 648.9 MB ; Text=Setup will install ZCode Graph in the following folder. To install in a different folder, click Browse and select another folder. Click Next to continue. ; Button=Minimize ; Button=Maximize(disabled) ; Button=Close
08:17:03 [C-reinstall-c3] page 3: Button=< Back(disabled) ; Button=Next >(disabled) ; Button=Cancel(disabled) ; Text= ; Text= ; Text=ZCode Graph 3.14.3-z8.303  ; Text=ZCode Graph 3.14.3-z8.303(disabled) ; Text=ZCode Graph 3.14.3-z8.303 ; Text=Installing ; Text=Please wait while ZCode Graph is being installed. ; Text= ; Text=ZCode: install-started ; Button=Minimize ; Button=Maximize(disabled) ; Button=Close
08:17:07 [C-reinstall-c3] page 4: Button=< Back(disabled) ; Button=Next >(disabled) ; Button=Cancel(disabled) ; Text= ; Text= ; Text=ZCode Graph 3.14.3-z8.303  ; Text=ZCode Graph 3.14.3-z8.303(disabled) ; Text=ZCode Graph 3.14.3-z8.303 ; Text=Installing ; Text=Please wait while ZCode Graph is being installed. ; Text= ; Text=ZCode: install-started ; Text=ZCode: cleanup-started ; Text=ZCode: cleanup-completed ; Text=Output folder: C:\Users\WDAGUtilityAccount\AppData\Local\Programs\ZCode Graph ; Text=Extract: uninstallerIcon.ico... 100% ; Text=ZCode: extract-started ; Text=Extract: C:\Users\WDAGUtilityAccount\AppData\Local\Temp\nsrD7F8.tmp\app-64.7z ; Text=Create folder: C:\Users\WDAGUtilityAccount\AppData\Local\Temp\nsrD7F8.tmp\7z-out ; Text=Output folder: C:\Users\WDAGUtilityAccount\AppData\Local\Temp\nsrD7F8.tmp\7z-out ; Button=Minimize ; Button=Maximize(disabled) ; Button=Close
08:17:08 [C-reinstall-c3] page 5: Button=< Back(disabled) ; Button=Next >(disabled) ; Button=Cancel(disabled) ; Text= ; Text= ; Text=ZCode Graph 3.14.3-z8.303  ; Text=ZCode Graph 3.14.3-z8.303(disabled) ; Text=ZCode Graph 3.14.3-z8.303 ; Text=Installing ; Text=Please wait while ZCode Graph is being installed. ; Text= ; Text=ZCode: cleanup-started ; Text=ZCode: cleanup-completed ; Text=Output folder: C:\Users\WDAGUtilityAccount\AppData\Local\Programs\ZCode Graph ; Text=Extract: uninstallerIcon.ico... 100% ; Text=ZCode: extract-started ; Text=Extract: C:\Users\WDAGUtilityAccount\AppData\Local\Temp\nsrD7F8.tmp\app-64.7z ; Text=Create folder: C:\Users\WDAGUtilityAccount\AppData\Local\Temp\nsrD7F8.tmp\7z-out ; Text=Output folder: C:\Users\WDAGUtilityAccount\AppData\Local\Temp\nsrD7F8.tmp\7z-out ; Text=Output folder: C:\Users\WDAGUtilityAccount\AppData\Local\Programs\ZCode Graph ; Text=Copy to C:\Users\WDAGUtilityAccount\AppData\Local\Programs\ZCode Graph ; Button=Minimize ; Button=Maximize(disabled) ; Button=Close
08:17:09 [C-reinstall-c3] page 6: Button=< Back(disabled) ; Button=Next >(disabled) ; Button=Cancel(disabled) ; Text= ; Text= ; Text=ZCode Graph 3.14.3-z8.303  ; Text=ZCode Graph 3.14.3-z8.303(disabled) ; Text=ZCode Graph 3.14.3-z8.303 ; Text=Installing ; Text=Please wait while ZCode Graph is being installed. ; Text= ; Button=Back by small amount ; Button=Back by large amount ; Button=Forward by small amount ; Text=Output folder: C:\Users\WDAGUtilityAccount\AppData\Local\Programs\ZCode Graph ; Text=Extract: uninstallerIcon.ico... 100% ; Text=ZCode: extract-started ; Text=Extract: C:\Users\WDAGUtilityAccount\AppData\Local\Temp\nsrD7F8.tmp\app-64.7z ; Text=Create folder: C:\Users\WDAGUtilityAccount\AppData\Local\Temp\nsrD7F8.tmp\7z-out ; Text=Output folder: C:\Users\WDAGUtilityAccount\AppData\Local\Temp\nsrD7F8.tmp\7z-out ; Text=Output folder: C:\Users\WDAGUtilityAccount\AppData\Local\Programs\ZCode Graph ; Text=Copy to C:\Users\WDAGUtilityAccount\AppData\Local\Programs\ZCode Graph ; Button=Minimize ; Button=Maximize(disabled) ; Button=Close
08:17:10 [C-reinstall-c3] page 7: Button=< Back(disabled) ; Button=Finish ; Button=Cancel(disabled) ; Text= ; Text= ; Text=ZCode Graph 3.14.3-z8.303 ; Text=Completing ZCode Graph Setup ; Text=ZCode Graph has been installed on your computer.

Click Finish to close Setup. ; CheckBox=Run ZCode Graph[On] ; Button=Minimize ; Button=Maximize(disabled) ; Button=Close
08:17:11 [C-reinstall-c3] page 8: Button=< Back(disabled) ; Button=Finish ; Button=Cancel(disabled) ; Text= ; Text= ; Text=ZCode Graph 3.14.3-z8.303 ; Text=Completing ZCode Graph Setup ; Text=ZCode Graph has been installed on your computer.

Click Finish to close Setup. ; CheckBox=Run ZCode Graph[Off] ; Button=Minimize ; Button=Maximize(disabled) ; Button=Close
08:17:14 [C-reinstall-c3] install exit: 0
08:17:15 [inspect-C-after-reinstall-tool] harness: scripts\graph-engineering\i1-inspect.mjs --workspace=C:\Users\WDAGUtilityAccount\AppData\Local\Temp\zcode-graph-acceptance-stpJB5\workspace --expect-runs=1 --out=C:\i1\logs\inspect-C-after-reinstall-tool.json
08:17:22 [inspect-C-after-reinstall-tool] harness exit= status=PASS
08:17:22 [inspect-C-after-reinstall-review] harness: scripts\graph-engineering\i1-inspect.mjs --workspace=C:\Users\WDAGUtilityAccount\AppData\Local\Temp\zcode-graph-acceptance-7u52Wo\workspace --expect-runs=1 --out=C:\i1\logs\inspect-C-after-reinstall-review.json
08:17:28 [inspect-C-after-reinstall-review] harness exit= status=PASS
08:17:28 [inspect-C-after-reinstall-library] harness: scripts\graph-engineering\i1-inspect.mjs --workspace=C:\Users\WDAGUtilityAccount\AppData\Local\Temp\zcode-graph-acceptance-ieovJL\workspace --expect-runs=0 --out=C:\i1\logs\inspect-C-after-reinstall-library.json
08:17:33 [inspect-C-after-reinstall-library] harness exit= status=PASS
08:17:33 [inspect-C-after-reinstall-new] harness: scripts\graph-engineering\i1-inspect.mjs --workspace=C:\Users\WDAGUtilityAccount\AppData\Local\Temp\zcode-graph-acceptance-sTGQsD\workspace --expect-runs=1 --out=C:\i1\logs\inspect-C-after-reinstall-new.json
08:17:38 [inspect-C-after-reinstall-new] harness exit= status=PASS
08:17:39 shutting the guest down
