<?xml version="1.0" encoding="utf-8"?>
<TestRun id="bf8d66c0-5bd4-4440-85c6-9e6fff89ce1a" name="USER@CY-DESKTOP 2026-09-27 04:55:26" runUser="CY-DESKTOP\USER" xmlns="http://microsoft.com/schemas/VisualStudio/TeamTest/2010">
  <Times creation="2026-09-27T04:55:26.7475904+08:00" queuing="2026-09-27T04:55:26.7475906+08:00" start="2026-09-27T04:55:26.5001311+08:00" finish="2026-09-27T04:55:26.7504437+08:00" />
  <TestSettings name="default" id="2659f831-5229-4fd8-97c6-3591828382e4">
    <Deployment runDeploymentRoot="USER_CY-DESKTOP_2026-09-27_04_55_26" />
  </TestSettings>
  <Results>
    <UnitTestResult executionId="e4b718dd-18ef-4a2c-97f0-dd391d81606f" testId="eb90d76a-b7d2-1711-e640-281b24b699e2" testName="AddPositive" computerName="CY-DESKTOP" duration="00:00:00.0003788" startTime="2026-09-27T04:55:26.6977313+08:00" endTime="2026-09-27T04:55:26.6981101+08:00" testType="13cdc9d9-ddb5-4fa4-a97d-d965ccfc6d4b" outcome="Passed" testListId="8c84fa94-04c1-424b-9868-57a2d4851a1d" relativeResultsDirectory="e4b718dd-18ef-4a2c-97f0-dd391d81606f" />
  </Results>
  <TestDefinitions>
    <UnitTest name="AddPositive" storage="c:\users\user\desktop\personal\zcode\.tmp\z1-native-1790456111852-79d13a\workspace\bin\release\net8.0\fixture.tests.dll" id="eb90d76a-b7d2-1711-e640-281b24b699e2">
      <Execution id="e4b718dd-18ef-4a2c-97f0-dd391d81606f" />
      <TestMethod codeBase="C:\Users\USER\Desktop\Personal\ZCode\.tmp\z1-native-1790456111852-79d13a\workspace\bin\Release\net8.0\Fixture.Tests.dll" adapterTypeName="executor://pre-z8-synthetic/v1" className="PreZ8Fixture.Cases" name="AddPositive" />
    </UnitTest>
  </TestDefinitions>
  <TestEntries>
    <TestEntry testId="eb90d76a-b7d2-1711-e640-281b24b699e2" executionId="e4b718dd-18ef-4a2c-97f0-dd391d81606f" testListId="8c84fa94-04c1-424b-9868-57a2d4851a1d" />
  </TestEntries>
  <TestLists>
    <TestList name="Results Not in a List" id="8c84fa94-04c1-424b-9868-57a2d4851a1d" />
    <TestList name="All Loaded Results" id="19431567-8539-422a-85d7-44ee4e166bda" />
  </TestLists>
  <ResultSummary outcome="Completed">
    <Counters total="1" executed="1" passed="1" failed="0" error="0" timeout="0" aborted="0" inconclusive="0" passedButRunAborted="0" notRunnable="0" notExecuted="0" disconnected="0" warning="0" completed="0" inProgress="0" pending="0" />
  </ResultSummary>
</TestRun>