✔ artifact immutable retry, ownership and tamper detection (178.0728ms)
✔ declared capture retains HTML as data and displays unsafe/binary/oversized failures (192.5285ms)
✔ workspace junction capture and fingerprint refuse external files (15.7552ms)
✔ secret-bearing retained copy is marked incomplete, while binary fingerprints retain only metadata (26.5393ms)
✔ source adapter forwards the captured workspace and retains native incomplete evidence (1.5256ms)
✔ native adapter retains the native allocated session and sends frozen input only after real subscription readiness (17.5187ms)
✔ rejected native input preserves useful message and reason code without unbounded diagnostic output (1.2165ms)
✔ native adapter fails closed for auto-answer, cold restore, mismatched input acceptance and changed runtime (1.6509ms)
✔ native cancellation targets only the foreground execution of the original input (5.9477ms)
✔ observer matches original input, reflects waiting and freezes exact terminal outcome (14.0356ms)
✔ duplicate/out-of-order and foreign subscription frames cannot alter facts (0.5806ms)
✔ gap, epoch change and cold terminal snapshot fail closed without fabricated success (1.4001ms)
✔ verified warm original-runtime snapshot can reconcile original input (0.331ms)
✔ terminal output freezes only the last complete assistant text in the exactly owned turn (1.9395ms)
✔ missing, blank, incomplete and oversized final text never falls back to earlier prose (5.7734ms)
✔ failed or interrupted owned input exposes no handoff text (0.5681ms)
✔ project recipe writes preserve unrelated keys and reject stale/concurrent revisions (199.7211ms)
✔ recipe schema rejects shell recipes, unsafe paths, duplicated IDs, zero test contracts and unknown placeholders (3.1291ms)
✔ missing output preflight checks existing ancestors and project config links (18.1087ms)
✔ recovery reads an exact warm terminal without creation, input, or model traffic (19.1489ms)
✔ recovery refuses cold, foreign epoch, missing input, and inactive-looking current runtime (1.578ms)
✔ active exact foreground is inspectable and targeted cancellation remains usable (2.0589ms)
✔ running header without exact foreground is uncertain, never inactive or cancellable (1.0491ms)
✔ replacement runtime and unavailable lifecycle never establish retirement (0.4387ms)
✔ persisted missing, copied, or mismatched release proof cannot unlock a run (153.4305ms)
✔ terminal release proof must match session, command, input, epoch and frozen terminal (4.8297ms)
✔ an interrupted exact warm terminal may release without rewriting the unknown attempt (0.5217ms)
✔ never-submitted proof accepts only matching pre-send phases and excludes admitted evidence (2.2922ms)
✔ unchanged Z1 history remains valid, while new legacy release requires exact proof (0.6643ms)
✔ atomic graph metadata files preserve definitions and isolate workspace identities (72.2849ms)
✔ malformed persisted metadata fails closed instead of inventing an empty graph (42.7143ms)
✔ terminal records require correlated proof and coherent identity / timestamps (74.0303ms)
✔ only one Host owns graph metadata until release, with concurrent same-owner acquisition (132.2107ms)
✔ disposal releases ownership acquired during an in-flight acquisition and rejects later writes (5.6555ms)
✔ repository reuses native abandoned-lock recovery and does not hide filesystem failures (9.5698ms)
✔ decision persistence failure has no effect; committed lost reply retry is idempotent (62.3714ms)
✔ committed decision plus undispatched successor survives restart but only explicit Continue dispatches (14.0835ms)
✔ uncertain creation and send boundaries retain Z2 guard and cannot Continue/replay (19.0439ms)
✔ source is rechecked after committed decision and before successor native send (20.4047ms)
✔ pending request metadata failure publishes no actionable gate and no successor (7.5817ms)
✔ restart refuses continuation if selected source has changed, preserving frozen request (5.6388ms)
✔ a second source check during Continue preserves Stale evidence instead of generic interruption (8.5424ms)
✔ decision IDs cannot be reused across gate requests (4.8719ms)
✔ consecutive approvals retain source obligation until native dispatch and never revive stale gates on restart (16.3265ms)
✔ persisted sending identity cannot authorize native replay after live failure or cold restart (8.957ms)
✔ native input exemption is one use and matches frozen runtime/client/payload (2.2867ms)
✔ Z3 readiness preserves v2, requires explicit evidence and earlier task sources (8.3015ms)
✔ gate freezes exact upstream evidence, performs zero native work until one explicit winner (40.132ms)
✔ entry and final gates are real controls; final output completes only after final approval (23.3746ms)
✔ cancel/reject waiting gates have no stop or successor; late decisions cannot resurrect (10.4279ms)
✔ required comment, stale request version and incomplete source evidence never authorize (8.8588ms)
✔ graph changes and source changes invalidate review while frozen evidence remains unchanged (10.5961ms)
✔ cold pending gate keeps exact request and demands explicit Continue before decision (8.358ms)
✔ changed frozen native settings cannot inherit a previously displayed request (4.3977ms)
✔ strict output preserves typed object and rejects prose, trailing data, duplicate escaped keys (2.5967ms)
✔ strict output bounds depth/bytes/members and validates declared shape without repair (3.4933ms)
✔ JSON pointers use own properties, escaped segments and canonical indices only (0.3883ms)
✔ actual native Z1 completed JSON opens without changes or dispatch (17.9415ms)
✔ actual persisted Z1 pending guard stays owned on reopen, with IDs/literal instructions intact (2.6469ms)
✔ edge order alone controls readiness; shaped incomplete drafts remain saveable (7.707ms)
✖ reject invalid topology, duplicate identifiers, unsupported versions and future inputs (3.4803ms)
✔ exact frozen output is bound once with source correlation; literal text is untouched (0.6874ms)
✔ malformed/unmapped aliases and explicit size limits reject without truncation (1.3866ms)
✔ transient accepted-write failure closes sequencing before an already queued terminal fact (30.6754ms)
✔ first persistence failure has no cached reservation; creating intent failure has no calls (2.432ms)
✔ lost create/send replies never recreate or repeat; terminal persistence failure blocks next (14.123ms)
✔ interrupted active/unproven inputs refuse release and exact recovered cancel works (6.7632ms)
✔ failed release audit write leaves guard owned and retirement identity must match (3.7997ms)
✔ sequential native admission freezes all settings and exact dynamic handoffs; predecessors stay owned (47.4421ms)
✔ validation rejects invalid graph or unavailable future configuration before first create (1.602ms)
✔ duplicate submission returns original and contradictory reuse rejects (3.0734ms)
✔ missing final output and definitive native failure skip successors without sending (6.8178ms)
✔ waiting, stale/foreign facts and cancellation keep successors unsent; late success cannot advance (6.2882ms)
✔ cancel already queued at a predecessor terminal boundary wins before next dispatch (4.3149ms)
✔ restart with successful predecessor and planned successor never continues (8.9695ms)
✔ question protection follows unresolved native session ownership without waiting on dispatch (13.8385ms)
✔ lost native creation reply never recreates a session or submits input (1.3469ms)
✔ failed first attempt write creates no work or cached reservation and the same request can retry (1.0819ms)
✔ failed metadata persistence cannot release native input ownership or publish terminal proof (1.0222ms)
✔ another metadata owner permits read-only projection but no mutation or reconciliation (1.0176ms)
✔ saved layout survives reopen and stale revisions / extra topology are rejected (0.7546ms)
✔ double run persists correlation first and only creates / dispatches once (1.287ms)
✔ shutdown retains metadata ownership until in-flight operations settle (0.7441ms)
✔ only exact live input can finish; waiting, stale events and frozen outcomes (0.9768ms)
✔ lost dispatch reply remains Unknown and never retries on duplicate or restart (0.889ms)
✔ cancel requires exact execution identity and remains requested until terminal (1.1899ms)
✔ remote targets and unavailable provider/question configuration do not create sessions (0.4588ms)
✔ genuine report identity and positive required tests are independently checked (4.2903ms)
✔ model PASS cannot make failed skipped zero malformed or duplicate-test reports pass (0.7218ms)
✔ expected runtime returns only the same live existing client (0.8644ms)
✔ a client replacement during identity read never returns the replacement (0.162ms)
✔ retirement receipt requires fulfilled original cleanup and never means merely unavailable (1.738ms)
✔ retirement evidence is bounded and eviction fails closed (2.8281ms)
✔ opaque runtime binding changes even when Host-local generation and OS PID are recycled (0.2127ms)
ℹ tests 94
ℹ suites 0
ℹ pass 93
ℹ fail 1
ℹ cancelled 0
ℹ skipped 0
ℹ todo 0
ℹ duration_ms 1803.7981

✖ failing tests:

test at packages\services\src\graph-engineering\app\sequential-domain.test.ts:1:1435
✖ reject invalid topology, duplicate identifiers, unsupported versions and future inputs (3.4803ms)
  AssertionError [ERR_ASSERTION]: Missing expected exception.
      at TestContext.<anonymous> (C:\Users\USER\Desktop\Personal\ZCode\packages\services\src\graph-engineering\app\sequential-domain.test.ts:80:10)
      at Test.runInAsyncScope (node:async_hooks:228:14)
      at Test.run (node:internal/test_runner/test:1118:25)
      at Test.processPendingSubtests (node:internal/test_runner/test:787:18)
      at Test.postRun (node:internal/test_runner/test:1247:19)
      at Test.run (node:internal/test_runner/test:1175:12)
      at async startSubtestAfterBootstrap (node:internal/test_runner/harness:358:3) {
    generatedMessage: false,
    code: 'ERR_ASSERTION',
    actual: undefined,
    expected: undefined,
    operator: 'throws',
    diff: 'simple'
  }
