packages/services/src/graph-engineering/adapters/tools.ts(16,108): error TS2322: Type '"agent"' is not assignable to type '"yolo" | "plan" | "edit" | "auto" | "build" | undefined'.
packages/services/src/graph-engineering/app/tools.ts(81,7): error TS2322: Type '"Pending" | "WaitingForApproval" | "Rejected" | "StaleEvidence" | "Skipped" | "Starting" | "Running" | "WaitingForPermission" | "WaitingForUser" | "AwaitingContinuation" | ... 4 more ... | "Unknown"' is not assignable to type 'GraphRunStatus'.
  Type '"Pending"' is not assignable to type 'GraphRunStatus'.
packages/services/src/graph-engineering/domain/release-validation.ts(58,11): error TS2339: Property 'commandId' does not exist on type '{ kind: "tool-terminal"; runtimeIdentity: string; sessionId: string; operationId: string; completedAt: number; status: "failed" | "completed" | "cancelled"; } | { kind: "input-terminal"; ... 4 more ...; terminalProof: GraphTerminalProof; }'.
  Property 'commandId' does not exist on type '{ kind: "tool-terminal"; runtimeIdentity: string; sessionId: string; operationId: string; completedAt: number; status: "failed" | "completed" | "cancelled"; }'.
packages/services/src/graph-engineering/domain/release-validation.ts(59,11): error TS2339: Property 'inputId' does not exist on type '{ kind: "tool-terminal"; runtimeIdentity: string; sessionId: string; operationId: string; completedAt: number; status: "failed" | "completed" | "cancelled"; } | { kind: "input-terminal"; ... 4 more ...; terminalProof: GraphTerminalProof; }'.
  Property 'inputId' does not exist on type '{ kind: "tool-terminal"; runtimeIdentity: string; sessionId: string; operationId: string; completedAt: number; status: "failed" | "completed" | "cancelled"; }'.
packages/services/src/graph-engineering/domain/release-validation.ts(60,11): error TS2339: Property 'terminalProof' does not exist on type '{ kind: "tool-terminal"; runtimeIdentity: string; sessionId: string; operationId: string; completedAt: number; status: "failed" | "completed" | "cancelled"; } | { kind: "input-terminal"; ... 4 more ...; terminalProof: GraphTerminalProof; }'.
  Property 'terminalProof' does not exist on type '{ kind: "tool-terminal"; runtimeIdentity: string; sessionId: string; operationId: string; completedAt: number; status: "failed" | "completed" | "cancelled"; }'.
packages/services/src/graph-engineering/domain/release-validation.ts(66,14): error TS2339: Property 'terminalProof' does not exist on type '{ kind: "tool-terminal"; runtimeIdentity: string; sessionId: string; operationId: string; completedAt: number; status: "failed" | "completed" | "cancelled"; } | { kind: "input-terminal"; ... 4 more ...; terminalProof: GraphTerminalProof; }'.
  Property 'terminalProof' does not exist on type '{ kind: "tool-terminal"; runtimeIdentity: string; sessionId: string; operationId: string; completedAt: number; status: "failed" | "completed" | "cancelled"; }'.
packages/services/src/graph-engineering/domain/release-validation.ts(68,44): error TS2339: Property 'terminalProof' does not exist on type '{ kind: "tool-terminal"; runtimeIdentity: string; sessionId: string; operationId: string; completedAt: number; status: "failed" | "completed" | "cancelled"; } | { kind: "input-terminal"; ... 4 more ...; terminalProof: GraphTerminalProof; }'.
  Property 'terminalProof' does not exist on type '{ kind: "tool-terminal"; runtimeIdentity: string; sessionId: string; operationId: string; completedAt: number; status: "failed" | "completed" | "cancelled"; }'.
packages/services/src/graph-engineering/domain/release-validation.ts(71,78): error TS2339: Property 'terminalProof' does not exist on type '{ kind: "tool-terminal"; runtimeIdentity: string; sessionId: string; operationId: string; completedAt: number; status: "failed" | "completed" | "cancelled"; } | { kind: "input-terminal"; ... 4 more ...; terminalProof: GraphTerminalProof; }'.
  Property 'terminalProof' does not exist on type '{ kind: "tool-terminal"; runtimeIdentity: string; sessionId: string; operationId: string; completedAt: number; status: "failed" | "completed" | "cancelled"; }'.
packages/services/src/zcode-agent/zcodeAgent.ts(581,117): error TS2694: Namespace '"C:/Users/USER/Desktop/Personal/ZCode/packages/shared/dist/index"' has no exported member 'ZCodeRecipeRequest'.
packages/services/src/zcode-agent/zcodeAgent.ts(581,172): error TS2694: Namespace '"C:/Users/USER/Desktop/Personal/ZCode/packages/shared/dist/index"' has no exported member 'ZCodeRecipeSnapshot'.
packages/services/src/zcode-agent/zcodeAgent.ts(582,142): error TS2694: Namespace '"C:/Users/USER/Desktop/Personal/ZCode/packages/shared/dist/index"' has no exported member 'ZCodeRecipeSnapshot'.
packages/services/src/zcode-agent/zcodeAgent.ts(583,141): error TS2694: Namespace '"C:/Users/USER/Desktop/Personal/ZCode/packages/shared/dist/index"' has no exported member 'ZCodeRecipeSnapshot'.
packages/services/src/zcode-agent/zcodeAgentService.ts(5,3): error TS2305: Module '"@zcode/shared"' has no exported member 'zcodeRecipeSnapshotSchema'.
packages/services/src/zcode-agent/zcodeAgentService.ts(3744,50): error TS2339: Property 'sessionRecipeStart' does not exist on type '{ readonly runtimeCapabilities: "runtime/capabilities"; readonly computerUseOperationEvent: "computer-use/operation-event"; readonly sessionCreate: "session/create"; readonly sessionResume: "session/resume"; ... 69 more ...; readonly interactionBrowserExecute: "interaction/browserExecute"; }'.
packages/services/src/zcode-agent/zcodeAgentService.ts(3748,50): error TS2339: Property 'sessionRecipeInspect' does not exist on type '{ readonly runtimeCapabilities: "runtime/capabilities"; readonly computerUseOperationEvent: "computer-use/operation-event"; readonly sessionCreate: "session/create"; readonly sessionResume: "session/resume"; ... 69 more ...; readonly interactionBrowserExecute: "interaction/browserExecute"; }'.
packages/services/src/zcode-agent/zcodeAgentService.ts(3752,50): error TS2339: Property 'sessionRecipeCancel' does not exist on type '{ readonly runtimeCapabilities: "runtime/capabilities"; readonly computerUseOperationEvent: "computer-use/operation-event"; readonly sessionCreate: "session/create"; readonly sessionResume: "session/resume"; ... 69 more ...; readonly interactionBrowserExecute: "interaction/browserExecute"; }'.
