08:11:28 i1-auto start case=A user=WDAGUtilityAccount
08:11:28 C:\Users entries: All Users, ContainerAdministrator, ContainerUser, Default, Default User, Public, WDAGUtilityAccount, desktop.ini
08:11:30 isolation gate passed
08:11:30 [A-install] installing c3
08:11:36 [A-install] no wizard window; top-level windows: Shell_TrayWnd||pid=5152 ; Progman|Program Manager|pid=5152
08:11:37 [A-install] page 1: Button=Next > ; Button=Cancel ; Text= ; Text= ; Text=ZCode Graph 3.14.3-z8.303  ; Text=ZCode Graph 3.14.3-z8.303(disabled) ; Text=ZCode Graph 3.14.3-z8.303 ; Text=Choose Installation Options ; Text=Who should this application be installed for? ; Text=Please select whether you wish to make this software available to all users or just yourself ; RadioButton=Anyone who uses this computer (all users)[Off] ; RadioButton=Only for me (WDAGUtilityAccount)[On] ; Text=Fresh install for current user only. ; Button=Minimize ; Button=Maximize(disabled) ; Button=Close
08:11:38 [A-install] page 2: Button=< Back ; Button=Next > ; Button=Cancel ; Text= ; Text= ; Text=ZCode Graph 3.14.3-z8.303  ; Text=ZCode Graph 3.14.3-z8.303(disabled) ; Text=ZCode Graph 3.14.3-z8.303 ; Text=Choose Install Location ; Text=Choose the folder in which to install ZCode Graph. ; Button=Browse... ; Text=Space available: 76.8 GB ; Text=Space required: 648.9 MB ; Text=Setup will install ZCode Graph in the following folder. To install in a different folder, click Browse and select another folder. Click Next to continue. ; Button=Minimize ; Button=Maximize(disabled) ; Button=Close
08:11:40 [A-install] page 3: Button=< Back(disabled) ; Button=Next >(disabled) ; Button=Cancel(disabled) ; Text= ; Text= ; Text=ZCode Graph 3.14.3-z8.303  ; Text=ZCode Graph 3.14.3-z8.303(disabled) ; Text=ZCode Graph 3.14.3-z8.303 ; Text=Installing ; Text=Please wait while ZCode Graph is being installed. ; Text= ; Text=ZCode: install-started ; Button=Minimize ; Button=Maximize(disabled) ; Button=Close
08:11:44 [A-install] page 4: Button=< Back(disabled) ; Button=Next >(disabled) ; Button=Cancel(disabled) ; Text= ; Text= ; Text=ZCode Graph 3.14.3-z8.303  ; Text=ZCode Graph 3.14.3-z8.303(disabled) ; Text=ZCode Graph 3.14.3-z8.303 ; Text=Installing ; Text=Please wait while ZCode Graph is being installed. ; Text= ; Text=ZCode: install-started ; Text=ZCode: cleanup-started ; Text=ZCode: cleanup-completed ; Text=Output folder: C:\Users\WDAGUtilityAccount\AppData\Local\Programs\ZCode Graph ; Text=Extract: uninstallerIcon.ico... 100% ; Text=ZCode: extract-started ; Text=Extract: C:\Users\WDAGUtilityAccount\AppData\Local\Temp\nshAB92.tmp\app-64.7z ; Text=Create folder: C:\Users\WDAGUtilityAccount\AppData\Local\Temp\nshAB92.tmp\7z-out ; Text=Output folder: C:\Users\WDAGUtilityAccount\AppData\Local\Temp\nshAB92.tmp\7z-out ; Button=Minimize ; Button=Maximize(disabled) ; Button=Close
08:11:46 [A-install] page 5: Button=< Back(disabled) ; Button=Next >(disabled) ; Button=Cancel(disabled) ; Text= ; Text= ; Text=ZCode Graph 3.14.3-z8.303  ; Text=ZCode Graph 3.14.3-z8.303(disabled) ; Text=ZCode Graph 3.14.3-z8.303 ; Text=Installing ; Text=Please wait while ZCode Graph is being installed. ; Text= ; Text=ZCode: install-started ; Text=ZCode: cleanup-started ; Text=ZCode: cleanup-completed ; Text=Output folder: C:\Users\WDAGUtilityAccount\AppData\Local\Programs\ZCode Graph ; Text=Extract: uninstallerIcon.ico... 100% ; Text=Extract: C:\Users\WDAGUtilityAccount\AppData\Local\Temp\nshAB92.tmp\app-64.7z ; Text=Create folder: C:\Users\WDAGUtilityAccount\AppData\Local\Temp\nshAB92.tmp\7z-out ; Text=Output folder: C:\Users\WDAGUtilityAccount\AppData\Local\Temp\nshAB92.tmp\7z-out ; Button=Minimize ; Button=Maximize(disabled) ; Button=Close
08:11:47 [A-install] page 6: Button=< Back(disabled) ; Button=Next >(disabled) ; Button=Cancel(disabled) ; Text= ; Text= ; Text=ZCode Graph 3.14.3-z8.303  ; Text=ZCode Graph 3.14.3-z8.303(disabled) ; Text=ZCode Graph 3.14.3-z8.303 ; Text=Installing ; Text=Please wait while ZCode Graph is being installed. ; Text= ; Button=Back by small amount ; Button=Back by large amount ; Button=Forward by small amount ; Text=ZCode: cleanup-started ; Text=ZCode: cleanup-completed ; Text=Output folder: C:\Users\WDAGUtilityAccount\AppData\Local\Programs\ZCode Graph ; Text=Extract: uninstallerIcon.ico... 100% ; Text=ZCode: extract-started ; Text=Extract: C:\Users\WDAGUtilityAccount\AppData\Local\Temp\nshAB92.tmp\app-64.7z ; Text=Create folder: C:\Users\WDAGUtilityAccount\AppData\Local\Temp\nshAB92.tmp\7z-out ; Text=Output folder: C:\Users\WDAGUtilityAccount\AppData\Local\Temp\nshAB92.tmp\7z-out ; Text=Output folder: C:\Users\WDAGUtilityAccount\AppData\Local\Programs\ZCode Graph ; Text=Copy to C:\Users\WDAGUtilityAccount\AppData\Local\Programs\ZCode Graph ; Button=Minimize ; Button=Maximize(disabled) ; Button=Close
08:11:49 [A-install] page 7: Button=< Back(disabled) ; Button=Finish ; Button=Cancel(disabled) ; Text= ; Text= ; Text=ZCode Graph 3.14.3-z8.303 ; Text=Completing ZCode Graph Setup ; Text=ZCode Graph has been installed on your computer.

Click Finish to close Setup. ; CheckBox=Run ZCode Graph[On] ; Button=Minimize ; Button=Maximize(disabled) ; Button=Close
08:11:50 [A-install] page 8: Button=< Back(disabled) ; Button=Finish ; Button=Cancel(disabled) ; Text= ; Text= ; Text=ZCode Graph 3.14.3-z8.303 ; Text=Completing ZCode Graph Setup ; Text=ZCode Graph has been installed on your computer.

Click Finish to close Setup. ; CheckBox=Run ZCode Graph[Off] ; Button=Minimize ; Button=Maximize(disabled) ; Button=Close
08:11:53 [A-install] install exit: 0
08:11:54 install dir (registry): C:\Users\WDAGUtilityAccount\AppData\Local\Programs\ZCode Graph ; default would be C:\Users\WDAGUtilityAccount\AppData\Local\Programs\ZCode Graph
08:11:56 [A-launch] launching via shortcut
08:12:35 [A-launch] 6 ZCode process(es) outlived a graceful close
08:12:36 graceful-close leftovers: 6
08:12:36 [A-tool-support] harness: scripts\graph-engineering\w1-native.mjs --case=tool-only-support
08:12:54 [A-tool-support] harness exit= status=PASS
08:12:54 [A-chat-n1] harness: scripts\graph-engineering\w1-native.mjs --case=n1
08:13:19 [A-chat-n1] harness exit= status=PASS
08:13:19 [A-workflow-reviewer] harness: scripts\graph-engineering\reviewer-native.mjs --scenario=pass
08:13:36 [A-workflow-reviewer] harness exit= status=PASS
08:13:37 [inspect-A-tool] harness: scripts\graph-engineering\i1-inspect.mjs --workspace=C:\Users\WDAGUtilityAccount\AppData\Local\Temp\zcode-graph-acceptance-ttwhHs\workspace --expect-runs=1 --out=C:\i1\logs\inspect-A-tool.json
08:13:43 [inspect-A-tool] harness exit= status=PASS
08:13:43 [inspect-A-review] harness: scripts\graph-engineering\i1-inspect.mjs --workspace=C:\Users\WDAGUtilityAccount\AppData\Local\Temp\zcode-graph-acceptance-DpiWOT\workspace --expect-runs=1 --out=C:\i1\logs\inspect-A-review.json
08:13:48 [inspect-A-review] harness exit= status=PASS
08:13:48 shutting the guest down
