✖ rapid atomic metadata replacement tolerates transient OS reader sharing without losing revisions (15.5818ms)
✔ atomic graph metadata files preserve definitions and isolate workspace identities (15.7206ms)
✔ malformed persisted metadata fails closed instead of inventing an empty graph (9.3858ms)
✔ terminal records require correlated proof and coherent identity / timestamps (35.6284ms)
✔ only one Host owns graph metadata until release, with concurrent same-owner acquisition (135.0572ms)
✔ disposal releases ownership acquired during an in-flight acquisition and rejects later writes (5.3642ms)
✔ repository reuses native abandoned-lock recovery and does not hide filesystem failures (11.3984ms)
ℹ tests 7
ℹ suites 0
ℹ pass 6
ℹ fail 1
ℹ cancelled 0
ℹ skipped 0
ℹ todo 0
ℹ duration_ms 1021.4233

✖ failing tests:

test at packages\services\src\graph-engineering\adapters\repository.test.ts:1:304
✖ rapid atomic metadata replacement tolerates transient OS reader sharing without losing revisions (15.5818ms)
  Error: EPERM: operation not permitted, rename 'C:\Users\USER\AppData\Local\Temp\z4-graph-replace-EtQanj\bab5e15f11bf61003a338bec234b391b99fe4f5b4a21ecdb9a283a67fded836c.json.5dec6802-87c4-469b-a439-f185e938027f.tmp' -> 'C:\Users\USER\AppData\Local\Temp\z4-graph-replace-EtQanj\bab5e15f11bf61003a338bec234b391b99fe4f5b4a21ecdb9a283a67fded836c.json'
      at async rename (node:internal/fs/promises:782:10)
      at async <anonymous> (C:\Users\USER\Desktop\Personal\ZCode\packages\services\src\graph-engineering\adapters\repository.ts:111:11) {
    errno: -4048,
    code: 'EPERM',
    syscall: 'rename',
    path: 'C:\\Users\\USER\\AppData\\Local\\Temp\\z4-graph-replace-EtQanj\\bab5e15f11bf61003a338bec234b391b99fe4f5b4a21ecdb9a283a67fded836c.json.5dec6802-87c4-469b-a439-f185e938027f.tmp',
    dest: 'C:\\Users\\USER\\AppData\\Local\\Temp\\z4-graph-replace-EtQanj\\bab5e15f11bf61003a338bec234b391b99fe4f5b4a21ecdb9a283a67fded836c.json'
  }
