[2026-09-24 23:26:15.791] [pid:11836] [settingService] write done
[2026-09-24 23:26:15.793] [pid:11836] [main] [open-folder] Windows Explorer 右键菜单安装失败 { error: '[Z1 isolation] registry access blocked' }
[11836:0924/232615.799:ERROR:content\browser\gpu\gpu_process_host.cc:996] GPU process exited unexpectedly: exit_code=-1073741515
[2026-09-24 23:26:15.810] [pid:11836] [main] [desktop-network] renderer proxy mode=direct bypass=disabled customCa=disabled insecureCerts=rejected
[2026-09-24 23:26:15.812] [pid:11836] [main] [desktop-network] renderer proxy mode=system bypass=disabled customCa=disabled insecureCerts=rejected
[2026-09-24 23:26:15.813] [pid:11836] [main] [auto-update] disabled for this desktop product flavor
[Z1 isolation] blocked recent-document mutation
[2026-09-24 23:26:15.821] [pid:11836] [main] [resource] sampling started interval=10000ms report=60000ms
[2026-09-24 23:26:15.822] [pid:11836] [main] [network] reporting started interval=60000ms
[2026-09-24 23:26:15.822] [pid:11836] [main] [force-update] Preview 跳过远端强制升级检查
[2026-09-24 23:26:15.823] [pid:11836] [main] [startup] 创建主窗口
[2026-09-24 23:26:15.824] [pid:11836] [main] [primary-window] creating main window (app-ready)
[2026-09-24 23:26:15.826] [pid:11836] [main] [startup-workspace] using explicit open workspace: C:\Users\USER\Desktop\Personal\ZCode\.tmp\z1-native-1790263574131-350429\workspace
[11836:0924/232615.890:ERROR:content\browser\gpu\gpu_process_host.cc:996] GPU process exited unexpectedly: exit_code=-1073741515
[2026-09-24 23:26:15.891] [pid:11836] [main] [crash-capture] child-process-gone: {
  type: 'GPU',
  reason: 'crashed',
  exitCode: -1073741515,
  serviceName: 'GPU'
}
[2026-09-24 23:26:15.892] [pid:11836] [main] [stability] perf_process_exit reported {
  exit_code: -1073741515,
  exit_reason: 'crashed',
  process_role: 'gpu',
  exit_kind: 'recoverable_child_crash',
  process_type: 'GPU',
  process_name: 'GPU'
}
[2026-09-24 23:26:15.895] [pid:11836] [main] [crash-capture] render-process-gone: {
  webContentsId: 1,
  reason: 'launch-failed',
  exitCode: 49,
  name: 'window',
  url: ''
}
[2026-09-24 23:26:15.896] [pid:11836] [main] [stability] perf_crash reported {
  crash_id: '1613d8a2-d09f-4945-b55f-9e7fed17f997',
  crash_kind: 'native',
  crash_scope: 'main_window_renderer',
  crash_cause: 'launch_failed',
  crash_source: 'electron_callback',
  exit_code: 49,
  exit_reason: 'launch-failed',
  process_role: 'renderer',
  web_contents_type: 'window',
  web_contents_id: 1,
  window_id: 1
}
[11836:0924/232615.908:ERROR:content\browser\gpu\gpu_process_host.cc:996] GPU process exited unexpectedly: exit_code=-1073741515
[2026-09-24 23:26:15.909] [pid:11836] [main] [crash-capture] child-process-gone: {
  type: 'GPU',
  reason: 'crashed',
  exitCode: -1073741515,
  serviceName: 'GPU'
}
[2026-09-24 23:26:15.909] [pid:11836] [main] [stability] perf_process_exit reported {
  exit_code: -1073741515,
  exit_reason: 'crashed',
  process_role: 'gpu',
  exit_kind: 'recoverable_child_crash',
  process_type: 'GPU',
  process_name: 'GPU'
}
[2026-09-24 23:26:15.912] [pid:11836] [main] [desktop-context-prompt] config refreshed { enabled: false, configVersion: undefined }
[2026-09-24 23:26:15.918] [pid:11836] [main] [desktop-window] renderer navigation rejected Error: ERR_FAILED (-2) loading 'file:///C:\Users\USER\Desktop\Personal\ZCode\packages\desktop\out\renderer\index.html?restoreSession=true&supportsSettings=true&initialWorkspacePath=C%3A%5CUsers%5CUSER%5CDesktop%5CPersonal%5CZCode%5C.tmp%5Cz1-native-1790263574131-350429%5Cworkspace&initialWorkspacePurpose=project&zcodeLaunchMarks=%7B%22createdAt%22%3A1790263574236.891%2C%22mainStart%22%3A1790263575710%2C%22appReady%22%3A1790263575766%2C%22loadUrl%22%3A1790263575880%7D'
    at rejectAndCleanup (node:electron/js2c/browser_init:2:89325)
    at finishListener (node:electron/js2c/browser_init:2:89487)
    at WebContents.stopLoadingListener (node:electron/js2c/browser_init:2:89874)
    at WebContents.emit (node:events:508:28) {
  errno: -2,
  code: 'ERR_FAILED',
  url: 'file:///C:\\Users\\USER\\Desktop\\Personal\\ZCode\\packages\\desktop\\out\\renderer\\index.html?restoreSession=true&supportsSettings=true&initialWorkspacePath=C%3A%5CUsers%5CUSER%5CDesktop%5CPersonal%5CZCode%5C.tmp%5Cz1-native-1790263574131-350429%5Cworkspace&initialWorkspacePurpose=project&zcodeLaunchMarks=%7B%22createdAt%22%3A1790263574236.891%2C%22mainStart%22%3A1790263575710%2C%22appReady%22%3A1790263575766%2C%22loadUrl%22%3A1790263575880%7D'
}
[2026-09-24 23:26:15.920] [pid:11836] [main] [crash-capture] render-process-gone: {
  webContentsId: 1,
  reason: 'launch-failed',
  exitCode: 49,
  name: 'window',
  url: ''
}
[2026-09-24 23:26:15.921] [pid:11836] [main] [stability] perf_crash reported {
  crash_id: '210cbc4a-6c4c-4d2a-84d7-86bee83bd872',
  crash_kind: 'native',
  crash_scope: 'main_window_renderer',
  crash_cause: 'launch_failed',
  crash_source: 'electron_callback',
  exit_code: 49,
  exit_reason: 'launch-failed',
  process_role: 'renderer',
  web_contents_type: 'window',
  web_contents_id: 1,
  window_id: 1
}
