<?xml version="1.0" encoding="utf-8"?>
<TestRun id="44747df5-1c1b-496d-a06d-37695f2f2131" name="USER@CY-DESKTOP 2026-09-27 04:56:33" runUser="CY-DESKTOP\USER" xmlns="http://microsoft.com/schemas/VisualStudio/TeamTest/2010">
  <Times creation="2026-09-27T04:56:33.9285832+08:00" queuing="2026-09-27T04:56:33.9285833+08:00" start="2026-09-27T04:56:33.6954893+08:00" finish="2026-09-27T04:56:33.9321719+08:00" />
  <TestSettings name="default" id="95367d9b-3fd6-4951-bb72-eba8710b3863">
    <Deployment runDeploymentRoot="USER_CY-DESKTOP_2026-09-27_04_56_33" />
  </TestSettings>
  <Results>
    <UnitTestResult executionId="74a018c8-0dd7-4952-a1f4-4bc31a6682e9" testId="3396595b-4ddb-d83c-abbe-c28451dd3ee4" testName="AddZero" computerName="CY-DESKTOP" duration="00:00:00.0000693" startTime="2026-09-27T04:56:33.8796604+08:00" endTime="2026-09-27T04:56:33.8797297+08:00" testType="13cdc9d9-ddb5-4fa4-a97d-d965ccfc6d4b" outcome="Failed" testListId="8c84fa94-04c1-424b-9868-57a2d4851a1d" relativeResultsDirectory="74a018c8-0dd7-4952-a1f4-4bc31a6682e9">
      <Output>
        <ErrorInfo>
          <Message>Expected 0, actual 1.</Message>
          <StackTrace>   at PreZ8Fixture.Cases.Equal(Int32 expected, Int32 actual) in C:\Users\USER\Desktop\Personal\ZCode\.tmp\z1-native-1790456180288-32d5d3\workspace\Cases.cs:line 14&#xD;
   at PreZ8Fixture.Cases.AddZero() in C:\Users\USER\Desktop\Personal\ZCode\.tmp\z1-native-1790456180288-32d5d3\workspace\Cases.cs:line 19&#xD;
   at System.RuntimeMethodHandle.InvokeMethod(Object target, Void** arguments, Signature sig, Boolean isConstructor)&#xD;
   at System.Reflection.MethodBaseInvoker.InvokeWithNoArgs(Object obj, BindingFlags invokeAttr)</StackTrace>
        </ErrorInfo>
      </Output>
    </UnitTestResult>
    <UnitTestResult executionId="cda37791-fb1b-4801-9ea9-9447727c68d7" testId="a9c69394-5c95-5f01-a507-bde7ed1cee2d" testName="AddNegative" computerName="CY-DESKTOP" duration="00:00:00.0001106" startTime="2026-09-27T04:56:33.8794217+08:00" endTime="2026-09-27T04:56:33.8795323+08:00" testType="13cdc9d9-ddb5-4fa4-a97d-d965ccfc6d4b" outcome="Failed" testListId="8c84fa94-04c1-424b-9868-57a2d4851a1d" relativeResultsDirectory="cda37791-fb1b-4801-9ea9-9447727c68d7">
      <Output>
        <ErrorInfo>
          <Message>Expected 0, actual 1.</Message>
          <StackTrace>   at PreZ8Fixture.Cases.Equal(Int32 expected, Int32 actual) in C:\Users\USER\Desktop\Personal\ZCode\.tmp\z1-native-1790456180288-32d5d3\workspace\Cases.cs:line 14&#xD;
   at PreZ8Fixture.Cases.AddNegative() in C:\Users\USER\Desktop\Personal\ZCode\.tmp\z1-native-1790456180288-32d5d3\workspace\Cases.cs:line 18&#xD;
   at System.RuntimeMethodHandle.InvokeMethod(Object target, Void** arguments, Signature sig, Boolean isConstructor)&#xD;
   at System.Reflection.MethodBaseInvoker.InvokeWithNoArgs(Object obj, BindingFlags invokeAttr)</StackTrace>
        </ErrorInfo>
      </Output>
    </UnitTestResult>
    <UnitTestResult executionId="df7bf3a2-f29c-4bb7-9314-5dfcbb1d5fb7" testId="6c2afd56-f545-e780-a8c9-04b81c4bf4a4" testName="Disabled" computerName="CY-DESKTOP" duration="00:00:00.0001433" startTime="2026-09-27T04:56:33.8797349+08:00" endTime="2026-09-27T04:56:33.8798782+08:00" testType="13cdc9d9-ddb5-4fa4-a97d-d965ccfc6d4b" outcome="NotExecuted" testListId="8c84fa94-04c1-424b-9868-57a2d4851a1d" relativeResultsDirectory="df7bf3a2-f29c-4bb7-9314-5dfcbb1d5fb7" />
    <UnitTestResult executionId="5de4a0dc-46c3-49d6-a50d-c05ba5a8292a" testId="eb90d76a-b7d2-1711-e640-281b24b699e2" testName="AddPositive" computerName="CY-DESKTOP" duration="00:00:00.0029985" startTime="2026-09-27T04:56:33.8758072+08:00" endTime="2026-09-27T04:56:33.8788057+08:00" testType="13cdc9d9-ddb5-4fa4-a97d-d965ccfc6d4b" outcome="Failed" testListId="8c84fa94-04c1-424b-9868-57a2d4851a1d" relativeResultsDirectory="5de4a0dc-46c3-49d6-a50d-c05ba5a8292a">
      <Output>
        <ErrorInfo>
          <Message>Expected 5, actual 6.</Message>
          <StackTrace>   at PreZ8Fixture.Cases.Equal(Int32 expected, Int32 actual) in C:\Users\USER\Desktop\Personal\ZCode\.tmp\z1-native-1790456180288-32d5d3\workspace\Cases.cs:line 14&#xD;
   at PreZ8Fixture.Cases.AddPositive() in C:\Users\USER\Desktop\Personal\ZCode\.tmp\z1-native-1790456180288-32d5d3\workspace\Cases.cs:line 17&#xD;
   at System.RuntimeMethodHandle.InvokeMethod(Object target, Void** arguments, Signature sig, Boolean isConstructor)&#xD;
   at System.Reflection.MethodBaseInvoker.InvokeWithNoArgs(Object obj, BindingFlags invokeAttr)</StackTrace>
        </ErrorInfo>
      </Output>
    </UnitTestResult>
  </Results>
  <TestDefinitions>
    <UnitTest name="AddNegative" storage="c:\users\user\desktop\personal\zcode\.tmp\z1-native-1790456180288-32d5d3\workspace\bin\release\net8.0\fixture.tests.dll" id="a9c69394-5c95-5f01-a507-bde7ed1cee2d">
      <Execution id="cda37791-fb1b-4801-9ea9-9447727c68d7" />
      <TestMethod codeBase="C:\Users\USER\Desktop\Personal\ZCode\.tmp\z1-native-1790456180288-32d5d3\workspace\bin\Release\net8.0\Fixture.Tests.dll" adapterTypeName="executor://pre-z8-synthetic/v1" className="PreZ8Fixture.Cases" name="AddNegative" />
    </UnitTest>
    <UnitTest name="Disabled" storage="c:\users\user\desktop\personal\zcode\.tmp\z1-native-1790456180288-32d5d3\workspace\bin\release\net8.0\fixture.tests.dll" id="6c2afd56-f545-e780-a8c9-04b81c4bf4a4">
      <Execution id="df7bf3a2-f29c-4bb7-9314-5dfcbb1d5fb7" />
      <TestMethod codeBase="C:\Users\USER\Desktop\Personal\ZCode\.tmp\z1-native-1790456180288-32d5d3\workspace\bin\Release\net8.0\Fixture.Tests.dll" adapterTypeName="executor://pre-z8-synthetic/v1" className="PreZ8Fixture.Cases" name="Disabled" />
    </UnitTest>
    <UnitTest name="AddZero" storage="c:\users\user\desktop\personal\zcode\.tmp\z1-native-1790456180288-32d5d3\workspace\bin\release\net8.0\fixture.tests.dll" id="3396595b-4ddb-d83c-abbe-c28451dd3ee4">
      <Execution id="74a018c8-0dd7-4952-a1f4-4bc31a6682e9" />
      <TestMethod codeBase="C:\Users\USER\Desktop\Personal\ZCode\.tmp\z1-native-1790456180288-32d5d3\workspace\bin\Release\net8.0\Fixture.Tests.dll" adapterTypeName="executor://pre-z8-synthetic/v1" className="PreZ8Fixture.Cases" name="AddZero" />
    </UnitTest>
    <UnitTest name="AddPositive" storage="c:\users\user\desktop\personal\zcode\.tmp\z1-native-1790456180288-32d5d3\workspace\bin\release\net8.0\fixture.tests.dll" id="eb90d76a-b7d2-1711-e640-281b24b699e2">
      <Execution id="5de4a0dc-46c3-49d6-a50d-c05ba5a8292a" />
      <TestMethod codeBase="C:\Users\USER\Desktop\Personal\ZCode\.tmp\z1-native-1790456180288-32d5d3\workspace\bin\Release\net8.0\Fixture.Tests.dll" adapterTypeName="executor://pre-z8-synthetic/v1" className="PreZ8Fixture.Cases" name="AddPositive" />
    </UnitTest>
  </TestDefinitions>
  <TestEntries>
    <TestEntry testId="3396595b-4ddb-d83c-abbe-c28451dd3ee4" executionId="74a018c8-0dd7-4952-a1f4-4bc31a6682e9" testListId="8c84fa94-04c1-424b-9868-57a2d4851a1d" />
    <TestEntry testId="a9c69394-5c95-5f01-a507-bde7ed1cee2d" executionId="cda37791-fb1b-4801-9ea9-9447727c68d7" testListId="8c84fa94-04c1-424b-9868-57a2d4851a1d" />
    <TestEntry testId="6c2afd56-f545-e780-a8c9-04b81c4bf4a4" executionId="df7bf3a2-f29c-4bb7-9314-5dfcbb1d5fb7" testListId="8c84fa94-04c1-424b-9868-57a2d4851a1d" />
    <TestEntry testId="eb90d76a-b7d2-1711-e640-281b24b699e2" executionId="5de4a0dc-46c3-49d6-a50d-c05ba5a8292a" testListId="8c84fa94-04c1-424b-9868-57a2d4851a1d" />
  </TestEntries>
  <TestLists>
    <TestList name="Results Not in a List" id="8c84fa94-04c1-424b-9868-57a2d4851a1d" />
    <TestList name="All Loaded Results" id="19431567-8539-422a-85d7-44ee4e166bda" />
  </TestLists>
  <ResultSummary outcome="Failed">
    <Counters total="4" executed="3" passed="0" failed="3" error="0" timeout="0" aborted="0" inconclusive="0" passedButRunAborted="0" notRunnable="0" notExecuted="0" disconnected="0" warning="0" completed="0" inProgress="0" pending="0" />
    <Output>
      <StdOut>Test 'Disabled' was skipped in the test run.&#xD;
</StdOut>
    </Output>
  </ResultSummary>
</TestRun>