✖ predicate operators must be scalar strings and cannot be coerced from arrays (1.3133ms)
ℹ tests 1
ℹ suites 0
ℹ pass 0
ℹ fail 1
ℹ cancelled 0
ℹ skipped 0
ℹ todo 0
ℹ duration_ms 736.0632

✖ failing tests:

test at .tmp\z5-checks\predicate-op-probe.ts:1:360
✖ predicate operators must be scalar strings and cannot be coerced from arrays (1.3133ms)
  AssertionError [ERR_ASSERTION]: {"values":[{"alias":"review","pointer":"/passed","present":true,"value":1}],"errors":[],"selectedExit":"yes"}
      at TestContext.<anonymous> (C:\Users\USER\Desktop\Personal\ZCode\.tmp\z5-checks\predicate-op-probe.ts:11:10)
      at Test.runInAsyncScope (node:async_hooks:228:14)
      at Test.run (node:internal/test_runner/test:1118:25)
      at Test.start (node:internal/test_runner/test:1015:17)
      at startSubtestAfterBootstrap (node:internal/test_runner/harness:358:17) {
    generatedMessage: false,
    code: 'ERR_ASSERTION',
    actual: 0,
    expected: true,
    operator: '==',
    diff: 'simple'
  }
