✔ native acceptance uses source paths only for development profiles (0.8874ms)
✔ packaged acceptance reads its own private Graph home and metadata (0.4415ms)
✔ packaged matrix retains Chat/Z1 and covers Z2 completion, interactions and recovery (0.2025ms)
✔ Graph is a distinct opt-in flavor and leaves ordinary build identities unchanged (0.7184ms)
✔ private profile overrides inherited ZCode paths and remains stable across app relaunch (1.3281ms)
✔ Graph release version is explicit and cannot change ordinary package versions (0.3818ms)
✔ real synthetic Git dry-run captures committed HEAD and refuses untracked source (1166.1677ms)
✔ arguments require an explicit supported version and reject ambiguous switches (0.9218ms)
✔ origin accepts GitHub HTTPS/SSH only and refuses embedded credentials (0.3005ms)
✔ dry-run performs only local Git reads (0.4618ms)
✔ refuses dirty checkout without any Git write (0.2168ms)
✔ refuses wrong origin without any Git write (0.0775ms)
✔ refuses multiple destinations without any Git write (0.0632ms)
✔ refuses local collision without any Git write (0.1204ms)
✔ refuses remote collision without any Git write (0.3896ms)
✔ refuses release collision without any Git write (0.195ms)
✔ refuses no push access without any Git write (0.1869ms)
✔ refuses disabled workflow without any Git write (0.1458ms)
✔ success pushes only the exact tag and verifies the release assets (1.0307ms)
✔ resume observes existing matching remote tag without rewriting it (0.292ms)
✔ resume can push a local-only matching tag after a failed push (0.2317ms)
✔ resume refuses foreign or missing tags {"remote":"bbbbbbbbbbbbbbbbbbbbbbbbbbbbbbbbbbbbbbbb"} (0.2133ms)
✔ resume refuses foreign or missing tags {"local":"bbbbbbbbbbbbbbbbbbbbbbbbbbbbbbbbbbbbbbbb"} (0.1035ms)
✔ resume refuses foreign or missing tags {} (0.1291ms)
✔ push failure leaves the tag for explicit resume and never claims publication (0.2697ms)
✔ CI failure is not publication (0.2591ms)
✔ CI cancelled is not publication (0.2321ms)
✔ CI timed_out is not publication (0.1609ms)
✔ other tag/commit/manual runs cannot satisfy the wait (0.5035ms)
✔ ambiguous matching workflow runs are refused (0.2208ms)
✔ queued and running states are observed until completion without another push (0.3322ms)
✔ an authentication error is never interpreted as a missing release (0.2468ms)
✔ a changed commit during preflight is refused before a tag is created (0.5389ms)
✔ a peeled annotated remote tag is correlated to its commit (0.3473ms)
✔ green CI with invalid/missing release assets is refused (0.2639ms)
✔ green CI with invalid/missing release assets is refused (0.2448ms)
✔ green CI with invalid/missing release assets is refused (0.236ms)
✔ green CI with invalid/missing release assets is refused (0.1638ms)
✔ green CI with invalid/missing release assets is refused (0.1643ms)
✔ controlled provider generates distinct fresh outputs and requires actual handoff text (47.4494ms)
✔ controlled question waits for a correlated tool result before Read (10.6386ms)
✔ Z3 source fixture has an independent Git baseline, tracked source and literal untracked evidence (507.3318ms)
✔ Z3 fixture seeding refuses a workspace outside its own new profile before Git mutation (134.0164ms)
▶ real isolated C# processes distinguish passing assertions from invalid evidence
  ✔ three known assertions genuinely pass with an offline no-package build (89.5811ms)
  ✔ actual zero-test and missing-report processes do not become passing evidence (181.6703ms)
  ✔ a genuine earlier report cannot satisfy a later process that omits its report (181.8998ms)
  ✔ real tests of an old passing binary cannot verify subsequently changed source (93.8238ms)
  ✔ exact owned C# child starts and is cancelled without process-name termination (114.2987ms)
  ✔ genuine failed assertions and a different build remain failures (1948.0944ms)
C# fixture evidence: <checkout>\.tmp\z1-native-1790264433252-e8ed8a\z4-fixture-evidence.json
✔ real isolated C# processes distinguish passing assertions from invalid evidence (4688.1161ms)
✔ independent C# assertions require two distinct repairs and preserve immutable tests (5796.7156ms)
✔ permanent fault remains genuine failure while no-progress source remains identical (5419.1005ms)
✔ manual recipe helper prints exact Build identity and independently executes the unchanged runner (2551.328ms)
✔ reviewer refuses report identities that do not match the actual bound verification (2.6147ms)
✔ repair consumes exact prior feedback and issues an actual native Edit from observed source (0.5238ms)
✔ binding framing and review evidence never silently accept an absent or malformed record (0.2545ms)
✔ synthetic GameDoc anchors every fixed edge-case assertion without inferred RTP targets (1.2228ms)
✔ manual recipe helper only prints unless independent verification is explicitly requested (2886.1326ms)
✔ independent native C# edge cases fail seeded defects and pass only after sequential fixes (5583.2369ms)
✔ generic selected skill uses the actual native Skill contract before Read/Edit (1.4355ms)
✔ native fixture classifies only actual shipped task headers and strict explicit JSON bindings (0.6725ms)
✔ slot responses require actual native Read and isolated exact Edit instead of emitting success (0.4276ms)
✔ reviewer cannot emit PASS without consuming the exact observed native report (0.6056ms)
ℹ tests 63
ℹ suites 0
ℹ pass 63
ℹ fail 0
ℹ cancelled 0
ℹ skipped 0
ℹ todo 0
ℹ duration_ms 14248.6614
