warning: in the working copy of 'apps/zcode-cli/packages/adapters/src/config/config-factory.ts', LF will be replaced by CRLF the next time Git touches it
warning: in the working copy of 'apps/zcode-cli/packages/adapters/src/config/file-config.adapter.ts', LF will be replaced by CRLF the next time Git touches it
warning: in the working copy of 'apps/zcode-cli/packages/adapters/src/config/project-config.adapter.ts', LF will be replaced by CRLF the next time Git touches it
warning: in the working copy of 'apps/zcode-cli/packages/adapters/src/context/index.ts', LF will be replaced by CRLF the next time Git touches it
warning: in the working copy of 'apps/zcode-cli/packages/adapters/src/exec/index.ts', LF will be replaced by CRLF the next time Git touches it
warning: in the working copy of 'apps/zcode-cli/packages/adapters/src/exec/node-execution-adapter-results.ts', LF will be replaced by CRLF the next time Git touches it
warning: in the working copy of 'apps/zcode-cli/packages/adapters/src/exec/node-execution-adapter-run.ts', LF will be replaced by CRLF the next time Git touches it
warning: in the working copy of 'apps/zcode-cli/packages/adapters/src/plugins/index.ts', LF will be replaced by CRLF the next time Git touches it
warning: in the working copy of 'apps/zcode-cli/packages/adapters/src/plugins/marketplace.ts', LF will be replaced by CRLF the next time Git touches it
warning: in the working copy of 'apps/zcode-cli/packages/adapters/src/plugins/types.ts', LF will be replaced by CRLF the next time Git touches it
warning: in the working copy of 'apps/zcode-cli/packages/bootstrap/src/app/create-app.ts', LF will be replaced by CRLF the next time Git touches it
warning: in the working copy of 'apps/zcode-cli/packages/bootstrap/src/app/types.ts', LF will be replaced by CRLF the next time Git touches it
warning: in the working copy of 'apps/zcode-cli/packages/bootstrap/src/plugins.ts', LF will be replaced by CRLF the next time Git touches it
warning: in the working copy of 'apps/zcode-cli/packages/bootstrap/src/subagents.ts', LF will be replaced by CRLF the next time Git touches it
warning: in the working copy of 'apps/zcode-cli/packages/bootstrap/src/zcode-protocol/server.ts', LF will be replaced by CRLF the next time Git touches it
warning: in the working copy of 'apps/zcode-cli/packages/contracts/src/interfaces/execution.port.ts', LF will be replaced by CRLF the next time Git touches it
warning: in the working copy of 'apps/zcode-cli/packages/node-repl-host/dist-types/browser-bridge.d.ts', LF will be replaced by CRLF the next time Git touches it
warning: in the working copy of 'apps/zcode-cli/packages/node-repl-host/dist-types/cua-bridge.d.ts', LF will be replaced by CRLF the next time Git touches it
warning: in the working copy of 'apps/zcode-cli/packages/node-repl-host/dist-types/cua-broker.d.ts', LF will be replaced by CRLF the next time Git touches it
warning: in the working copy of 'apps/zcode-cli/packages/node-repl-host/dist-types/process-lifecycle.d.ts', LF will be replaced by CRLF the next time Git touches it
warning: in the working copy of 'apps/zcode-cli/packages/node-repl-host/dist-types/result.d.ts', LF will be replaced by CRLF the next time Git touches it
warning: in the working copy of 'apps/zcode-cli/packages/node-repl-host/dist-types/runtime-bridge.d.ts', LF will be replaced by CRLF the next time Git touches it
warning: in the working copy of 'apps/zcode-cli/packages/node-repl-host/dist-types/server.d.ts', LF will be replaced by CRLF the next time Git touches it
warning: in the working copy of 'apps/zcode-cli/packages/node-repl-host/dist-types/tool-contract.d.ts', LF will be replaced by CRLF the next time Git touches it
warning: in the working copy of 'architecture-policy.yaml', LF will be replaced by CRLF the next time Git touches it
warning: in the working copy of 'docs/graph-engineering/PROGRESS.md', LF will be replaced by CRLF the next time Git touches it
warning: in the working copy of 'packages/client/src/remoteServiceAccess.ts', LF will be replaced by CRLF the next time Git touches it
warning: in the working copy of 'packages/services/src/accessor.ts', LF will be replaced by CRLF the next time Git touches it
warning: in the working copy of 'packages/services/src/git/git.ts', LF will be replaced by CRLF the next time Git touches it
warning: in the working copy of 'packages/services/src/git/gitService.ts', LF will be replaced by CRLF the next time Git touches it
warning: in the working copy of 'packages/services/src/graph-engineering/CONTRACT.md', LF will be replaced by CRLF the next time Git touches it
warning: in the working copy of 'packages/services/src/graph-engineering/adapters/repository.test.ts', LF will be replaced by CRLF the next time Git touches it
warning: in the working copy of 'packages/services/src/graph-engineering/adapters/repository.ts', LF will be replaced by CRLF the next time Git touches it
warning: in the working copy of 'packages/services/src/graph-engineering/app/attempts.ts', LF will be replaced by CRLF the next time Git touches it
warning: in the working copy of 'packages/services/src/graph-engineering/app/legacy-persistence.test.ts', LF will be replaced by CRLF the next time Git touches it
warning: in the working copy of 'packages/services/src/graph-engineering/app/legacy.fixture.ts', LF will be replaced by CRLF the next time Git touches it
warning: in the working copy of 'packages/services/src/graph-engineering/app/ports.ts', LF will be replaced by CRLF the next time Git touches it
warning: in the working copy of 'packages/services/src/graph-engineering/app/recovery.ts', LF will be replaced by CRLF the next time Git touches it
warning: in the working copy of 'packages/services/src/graph-engineering/app/sequencer.ts', LF will be replaced by CRLF the next time Git touches it
warning: in the working copy of 'packages/services/src/graph-engineering/app/sequential-domain.test.ts', LF will be replaced by CRLF the next time Git touches it
warning: in the working copy of 'packages/services/src/graph-engineering/app/sequential-faults.test.ts', LF will be replaced by CRLF the next time Git touches it
warning: in the working copy of 'packages/services/src/graph-engineering/app/sequential-service.test.ts', LF will be replaced by CRLF the next time Git touches it
warning: in the working copy of 'packages/services/src/graph-engineering/app/sequential.fixture.ts', LF will be replaced by CRLF the next time Git touches it
warning: in the working copy of 'packages/services/src/graph-engineering/app/service.ts', LF will be replaced by CRLF the next time Git touches it
warning: in the working copy of 'packages/services/src/graph-engineering/app/state.ts', LF will be replaced by CRLF the next time Git touches it
warning: in the working copy of 'packages/services/src/graph-engineering/contract.example.ts', LF will be replaced by CRLF the next time Git touches it
warning: in the working copy of 'packages/services/src/graph-engineering/contract.ts', LF will be replaced by CRLF the next time Git touches it
warning: in the working copy of 'packages/services/src/graph-engineering/domain/bindings.ts', LF will be replaced by CRLF the next time Git touches it
warning: in the working copy of 'packages/services/src/graph-engineering/domain/definition.ts', LF will be replaced by CRLF the next time Git touches it
warning: in the working copy of 'packages/services/src/graph-engineering/domain/record.ts', LF will be replaced by CRLF the next time Git touches it
warning: in the working copy of 'packages/services/src/graph-engineering/domain/release-validation.ts', LF will be replaced by CRLF the next time Git touches it
warning: in the working copy of 'packages/services/src/graph-engineering/domain/sequential.ts', LF will be replaced by CRLF the next time Git touches it
warning: in the working copy of 'packages/services/src/graph-engineering/module.ts', LF will be replaced by CRLF the next time Git touches it
warning: in the working copy of 'packages/services/src/graph-engineering/node.ts', LF will be replaced by CRLF the next time Git touches it
warning: in the working copy of 'packages/services/src/index.ts', LF will be replaced by CRLF the next time Git touches it
warning: in the working copy of 'packages/services/src/node.ts', LF will be replaced by CRLF the next time Git touches it
warning: in the working copy of 'packages/services/src/zcode-agent/zcodeAgent.ts', LF will be replaced by CRLF the next time Git touches it
warning: in the working copy of 'packages/services/src/zcode-agent/zcodeAgentService.ts', LF will be replaced by CRLF the next time Git touches it
warning: in the working copy of 'packages/services/src/zcode-session/zcodeSession.ts', LF will be replaced by CRLF the next time Git touches it
warning: in the working copy of 'packages/services/src/zcode-session/zcodeSessionService.ts', LF will be replaced by CRLF the next time Git touches it
warning: in the working copy of 'packages/shared/src/channels.ts', LF will be replaced by CRLF the next time Git touches it
warning: in the working copy of 'packages/shared/src/git.ts', LF will be replaced by CRLF the next time Git touches it
warning: in the working copy of 'packages/shared/src/index.ts', LF will be replaced by CRLF the next time Git touches it
warning: in the working copy of 'packages/shared/src/zcode-protocol/index.ts', LF will be replaced by CRLF the next time Git touches it
warning: in the working copy of 'packages/ui/src/graph-engineering/GraphCanvas.tsx', LF will be replaced by CRLF the next time Git touches it
warning: in the working copy of 'packages/ui/src/graph-engineering/GraphEditor.tsx', LF will be replaced by CRLF the next time Git touches it
warning: in the working copy of 'packages/ui/src/graph-engineering/GraphNodeInspector.tsx', LF will be replaced by CRLF the next time Git touches it
warning: in the working copy of 'packages/ui/src/graph-engineering/GraphRecovery.tsx', LF will be replaced by CRLF the next time Git touches it
warning: in the working copy of 'packages/ui/src/graph-engineering/GraphRunHistory.tsx', LF will be replaced by CRLF the next time Git touches it
warning: in the working copy of 'packages/ui/src/graph-engineering/GraphRunInspector.tsx', LF will be replaced by CRLF the next time Git touches it
warning: in the working copy of 'packages/ui/src/graph-engineering/graphEditing.ts', LF will be replaced by CRLF the next time Git touches it
warning: in the working copy of 'packages/ui/src/graph-engineering/graphSubmission.ts', LF will be replaced by CRLF the next time Git touches it
warning: in the working copy of 'packages/ui/src/hooks/useGraphEngineering.ts', LF will be replaced by CRLF the next time Git touches it
warning: in the working copy of 'packages/ui/src/i18n/locales/en-US.ts', LF will be replaced by CRLF the next time Git touches it
warning: in the working copy of 'packages/ui/src/i18n/locales/zh-CN.ts', LF will be replaced by CRLF the next time Git touches it
warning: in the working copy of 'packages/ui/src/store/graphEngineeringViewStore.ts', LF will be replaced by CRLF the next time Git touches it
warning: in the working copy of 'packages/ui/test/graphEditing.test.ts', LF will be replaced by CRLF the next time Git touches it
warning: in the working copy of 'packages/ui/test/graphSubmission.test.ts', LF will be replaced by CRLF the next time Git touches it
warning: in the working copy of 'scripts/graph-engineering/z2-boundary-hook.cjs', LF will be replaced by CRLF the next time Git touches it
