✔ controlled provider generates distinct fresh outputs and requires actual handoff text (52.4323ms)
✔ controlled question waits for a correlated tool result before Read (10.5621ms)
✔ Z3 source fixture has an independent Git baseline, tracked source and literal untracked evidence (511.2039ms)
✔ Z3 fixture seeding refuses a workspace outside its own new profile before Git mutation (137.223ms)
▶ real isolated C# processes distinguish passing assertions from invalid evidence
  ✔ three known assertions genuinely pass with an offline no-package build (94.9346ms)
  ✔ actual zero-test and missing-report processes do not become passing evidence (187.5023ms)
  ✔ a genuine earlier report cannot satisfy a later process that omits its report (179.7119ms)
  ✔ real tests of an old passing binary cannot verify subsequently changed source (94.7457ms)
  ✔ exact owned C# child starts and is cancelled without process-name termination (113.1155ms)
  ✔ genuine failed assertions and a different build remain failures (1968.5134ms)
C# fixture evidence: <checkout>\.tmp\z1-native-1790263488265-ffce33\z4-fixture-evidence.json
✔ real isolated C# processes distinguish passing assertions from invalid evidence (4693.3649ms)
✔ independent C# assertions require two distinct repairs and preserve immutable tests (5817.3979ms)
✔ permanent fault remains genuine failure while no-progress source remains identical (5804.962ms)
✔ manual recipe helper prints exact Build identity and independently executes the unchanged runner (3105.1968ms)
✔ reviewer refuses report identities that do not match the actual bound verification (1.8915ms)
✔ repair consumes exact prior feedback and issues an actual native Edit from observed source (0.4331ms)
✔ binding framing and review evidence never silently accept an absent or malformed record (0.3277ms)
✔ synthetic GameDoc anchors every fixed edge-case assertion without inferred RTP targets (1.0875ms)
✔ manual recipe helper only prints unless independent verification is explicitly requested (2861.1699ms)
✔ independent native C# edge cases fail seeded defects and pass only after sequential fixes (5737.5566ms)
✔ generic selected skill uses the actual native Skill contract before Read/Edit (1.6992ms)
✔ native fixture classifies only actual shipped task headers and strict explicit JSON bindings (0.6706ms)
✔ slot responses require actual native Read and isolated exact Edit instead of emitting success (1.0083ms)
✔ reviewer cannot emit PASS without consuming the exact observed native report (0.654ms)
ℹ tests 24
ℹ suites 0
ℹ pass 24
ℹ fail 0
ℹ cancelled 0
ℹ skipped 0
ℹ todo 0
ℹ duration_ms 15178.5007
