✔ native acceptance uses source paths only for development profiles (1.0569ms)
✔ packaged acceptance reads its own private Graph home and metadata (0.2645ms)
✔ packaged matrix retains Chat/Z1 and covers Z2 completion, interactions and recovery (0.1303ms)
✔ Graph is a distinct opt-in flavor and leaves ordinary build identities unchanged (0.5105ms)
✔ private profile overrides inherited ZCode paths and remains stable across app relaunch (1.1082ms)
✔ Graph release version is explicit and cannot change ordinary package versions (0.2852ms)
✔ real synthetic Git dry-run captures committed HEAD and refuses untracked source (987.2442ms)
✔ arguments require an explicit supported version and reject ambiguous switches (1.1686ms)
✔ origin accepts GitHub HTTPS/SSH only and refuses embedded credentials (0.3486ms)
✔ dry-run performs only local Git reads (0.4578ms)
✔ refuses dirty checkout without any Git write (0.4538ms)
✔ refuses wrong origin without any Git write (0.0799ms)
✔ refuses multiple destinations without any Git write (0.0646ms)
✔ refuses local collision without any Git write (0.1131ms)
✔ refuses remote collision without any Git write (0.8169ms)
✔ refuses release collision without any Git write (0.2589ms)
✔ refuses no push access without any Git write (0.1167ms)
✔ refuses disabled workflow without any Git write (0.0731ms)
✔ success pushes only the exact tag and verifies the release assets (0.6481ms)
✔ resume observes existing matching remote tag without rewriting it (0.1215ms)
✔ resume can push a local-only matching tag after a failed push (0.125ms)
✔ resume refuses foreign or missing tags {"remote":"bbbbbbbbbbbbbbbbbbbbbbbbbbbbbbbbbbbbbbbb"} (0.1576ms)
✔ resume refuses foreign or missing tags {"local":"bbbbbbbbbbbbbbbbbbbbbbbbbbbbbbbbbbbbbbbb"} (0.0656ms)
✔ resume refuses foreign or missing tags {} (0.0805ms)
✔ push failure leaves the tag for explicit resume and never claims publication (0.2775ms)
✔ CI failure is not publication (0.2957ms)
✔ CI cancelled is not publication (0.1476ms)
✔ CI timed_out is not publication (0.0846ms)
✔ other tag/commit/manual runs cannot satisfy the wait (0.1926ms)
✔ ambiguous matching workflow runs are refused (0.1278ms)
✔ queued and running states are observed until completion without another push (0.1507ms)
✔ an authentication error is never interpreted as a missing release (0.1061ms)
✔ a changed commit during preflight is refused before a tag is created (0.1234ms)
✔ a peeled annotated remote tag is correlated to its commit (0.1155ms)
✔ green CI with invalid/missing release assets is refused (0.1209ms)
✔ green CI with invalid/missing release assets is refused (0.0952ms)
✔ green CI with invalid/missing release assets is refused (0.0773ms)
✔ green CI with invalid/missing release assets is refused (0.1607ms)
✔ green CI with invalid/missing release assets is refused (0.1089ms)
ℹ tests 39
ℹ suites 0
ℹ pass 39
ℹ fail 0
ℹ cancelled 0
ℹ skipped 0
ℹ todo 0
ℹ duration_ms 1067.3786
