(node:6780) ExperimentalWarning: SQLite is an experimental feature and might change at any time
(Use `node --trace-warnings ...` to show where the warning was created)
Pre-Z8 U2 pass isolated profile: C:\Users\USER\Desktop\Personal\ZCode\.tmp\z1-native-1790455916533-5c29f6
{
  "status": "FAIL",
  "scenario": "pre-z8-u2-pass",
  "home": "C:\\Users\\USER\\Desktop\\Personal\\ZCode\\.tmp\\z1-native-1790455916533-5c29f6",
  "receipt": "C:\\Users\\USER\\Desktop\\Personal\\ZCode\\.tmp\\z1-native-1790455916533-5c29f6\\pre-z8-u2-summary.json",
  "error": "locator.click: Timeout 30000ms exceeded.\nCall log:\n\u001b[2m  - waiting for getByTestId('graph-select-node-check-2')\u001b[22m\n\n    at selectNode (C:\\Users\\USER\\Desktop\\Personal\\ZCode\\scripts\\graph-engineering\\z2-native-helpers.mjs:159:55)\n    at readArtifactUi (C:\\Users\\USER\\Desktop\\Personal\\ZCode\\scripts\\graph-engineering\\z4-native-helpers.mjs:93:9)\n    at verifyU2Test (C:\\Users\\USER\\Desktop\\Personal\\ZCode\\scripts\\graph-engineering\\pre-z8-u2-proof.mjs:223:38)\n    at async verifyU2Result (C:\\Users\\USER\\Desktop\\Personal\\ZCode\\scripts\\graph-engineering\\pre-z8-u2-proof.mjs:166:5)\n    at async file:///C:/Users/USER/Desktop/Personal/ZCode/scripts/graph-engineering/pre-z8-u2-native.mjs:211:5",
  "assertions": [
    "Inert secondary workspace exposes both safe candidates and explicit project/framework selection without saving checks or executing; primary design/history remain unchanged on return.",
    "Scan retains genuine SDK-reference uncertainty; explicit reviewed preset/static validation/save preserve independent assertions, existing custom checks, unrelated config and both saved/unsaved design with zero execution.",
    "Metadata availability admitted no work; a separate reviewed and individually permitted native SDK probe returned the pinned version without fabricated Build/Test evidence.",
    "Genuine pass native VSTest process/report facts and independent source/build association retain their distinct acceptance outcome.",
    "Transient checks append exact new native history while saved revision, dirty design, prior history, configuration and independent assertion/adapter bytes remain unchanged."
  ],
  "screenshots": [
    "C:\\Users\\USER\\Desktop\\Personal\\ZCode\\.tmp\\z1-native-1790455916533-5c29f6\\pre-z8-u2-empty-native-chat.png",
    "C:\\Users\\USER\\Desktop\\Personal\\ZCode\\.tmp\\z1-native-1790455916533-5c29f6\\pre-z8-u2-safe-scan-selection.png",
    "C:\\Users\\USER\\Desktop\\Personal\\ZCode\\.tmp\\z1-native-1790455916533-5c29f6\\pre-z8-u2-discovery-uncertainty.png",
    "C:\\Users\\USER\\Desktop\\Personal\\ZCode\\.tmp\\z1-native-1790455916533-5c29f6\\pre-z8-u2-reviewed-manifest.png",
    "C:\\Users\\USER\\Desktop\\Personal\\ZCode\\.tmp\\z1-native-1790455916533-5c29f6\\pre-z8-u2-sdk-probe-review.png",
    "C:\\Users\\USER\\Desktop\\Personal\\ZCode\\.tmp\\z1-native-1790455916533-5c29f6\\pre-z8-u2-sdk-probe-permission.png",
    "C:\\Users\\USER\\Desktop\\Personal\\ZCode\\.tmp\\z1-native-1790455916533-5c29f6\\pre-z8-u2-sdk-probe-completed.png",
    "C:\\Users\\USER\\Desktop\\Personal\\ZCode\\.tmp\\z1-native-1790455916533-5c29f6\\pre-z8-u2-build-test-review.png",
    "C:\\Users\\USER\\Desktop\\Personal\\ZCode\\.tmp\\z1-native-1790455916533-5c29f6\\pre-z8-u2-stale-review-rejected.png",
    "C:\\Users\\USER\\Desktop\\Personal\\ZCode\\.tmp\\z1-native-1790455916533-5c29f6\\pre-z8-u2-refreshed-build-test-review.png",
    "C:\\Users\\USER\\Desktop\\Personal\\ZCode\\.tmp\\z1-native-1790455916533-5c29f6\\pre-z8-u2-build-native-permission.png",
    "C:\\Users\\USER\\Desktop\\Personal\\ZCode\\.tmp\\z1-native-1790455916533-5c29f6\\pre-z8-u2-test-1-native-permission.png",
    "C:\\Users\\USER\\Desktop\\Personal\\ZCode\\.tmp\\z1-native-1790455916533-5c29f6\\pre-z8-u2-result-1280.png",
    "C:\\Users\\USER\\Desktop\\Personal\\ZCode\\.tmp\\z1-native-1790455916533-5c29f6\\pre-z8-u2-result-1920.png",
    "C:\\Users\\USER\\Desktop\\Personal\\ZCode\\.tmp\\z1-native-1790455916533-5c29f6\\pre-z8-u2-failure.png"
  ],
  "runId": "f2814299-fdea-4821-867e-9b74b6897d41",
  "modelRequests": 0
}
