(node:2068) ExperimentalWarning: SQLite is an experimental feature and might change at any time
(Use `node --trace-warnings ...` to show where the warning was created)
Pre-Z8 U2 zero isolated profile: C:\Users\USER\Desktop\Personal\ZCode\.tmp\z1-native-1790456337563-e4fbc2
{
  "status": "PASS",
  "scenario": "pre-z8-u2-zero",
  "home": "C:\\Users\\USER\\Desktop\\Personal\\ZCode\\.tmp\\z1-native-1790456337563-e4fbc2",
  "receipt": "C:\\Users\\USER\\Desktop\\Personal\\ZCode\\.tmp\\z1-native-1790456337563-e4fbc2\\pre-z8-u2-summary.json",
  "assertions": [
    "Scan retains genuine SDK-reference uncertainty; explicit reviewed preset/static validation/save preserve independent assertions, existing custom checks, unrelated config and both saved/unsaved design with zero execution.",
    "Genuine zero native VSTest process/report facts and independent source/build association retain their distinct acceptance outcome.",
    "Transient checks append exact new native history while saved revision, dirty design, prior history, configuration and independent assertion/adapter bytes remain unchanged."
  ],
  "screenshots": [
    "C:\\Users\\USER\\Desktop\\Personal\\ZCode\\.tmp\\z1-native-1790456337563-e4fbc2\\pre-z8-u2-empty-native-chat.png",
    "C:\\Users\\USER\\Desktop\\Personal\\ZCode\\.tmp\\z1-native-1790456337563-e4fbc2\\pre-z8-u2-discovery-uncertainty.png",
    "C:\\Users\\USER\\Desktop\\Personal\\ZCode\\.tmp\\z1-native-1790456337563-e4fbc2\\pre-z8-u2-reviewed-manifest.png",
    "C:\\Users\\USER\\Desktop\\Personal\\ZCode\\.tmp\\z1-native-1790456337563-e4fbc2\\pre-z8-u2-build-test-review.png",
    "C:\\Users\\USER\\Desktop\\Personal\\ZCode\\.tmp\\z1-native-1790456337563-e4fbc2\\pre-z8-u2-build-native-permission.png",
    "C:\\Users\\USER\\Desktop\\Personal\\ZCode\\.tmp\\z1-native-1790456337563-e4fbc2\\pre-z8-u2-test-1-native-permission.png",
    "C:\\Users\\USER\\Desktop\\Personal\\ZCode\\.tmp\\z1-native-1790456337563-e4fbc2\\pre-z8-u2-result-1280.png",
    "C:\\Users\\USER\\Desktop\\Personal\\ZCode\\.tmp\\z1-native-1790456337563-e4fbc2\\pre-z8-u2-result-1920.png"
  ],
  "runId": "6c572d00-f273-4f53-929a-5ddefa42ac4b",
  "modelRequests": 0
}
