(node:30204) ExperimentalWarning: SQLite is an experimental feature and might change at any time
(Use `node --trace-warnings ...` to show where the warning was created)
Pre-Z8 U2 pass isolated profile: C:\Users\USER\Desktop\Personal\ZCode\.tmp\z1-native-1790455378486-76250e
{
  "status": "FAIL",
  "scenario": "pre-z8-u2-pass",
  "home": "C:\\Users\\USER\\Desktop\\Personal\\ZCode\\.tmp\\z1-native-1790455378486-76250e",
  "receipt": "C:\\Users\\USER\\Desktop\\Personal\\ZCode\\.tmp\\z1-native-1790455378486-76250e\\pre-z8-u2-summary.json",
  "error": "locator.waitFor: Timeout 30000ms exceeded.\nCall log:\n\u001b[2m  - waiting for getByTestId('graph-check-preview') to be visible\u001b[22m\n\n    at prepareU2Review (C:\\Users\\USER\\Desktop\\Personal\\ZCode\\scripts\\graph-engineering\\pre-z8-u2-ui.mjs:194:16)\n    at async runU2Probe (C:\\Users\\USER\\Desktop\\Personal\\ZCode\\scripts\\graph-engineering\\pre-z8-u2-boundaries.mjs:106:19)\n    at async file:///C:/Users/USER/Desktop/Personal/ZCode/scripts/graph-engineering/pre-z8-u2-native.mjs:113:16",
  "assertions": [
    "Inert secondary workspace exposes both safe candidates and explicit project/framework selection without saving checks or executing; primary design/history remain unchanged on return.",
    "Scan retains genuine SDK-reference uncertainty; explicit reviewed preset/static validation/save preserve independent assertions, existing custom checks, unrelated config and both saved/unsaved design with zero execution."
  ],
  "screenshots": [
    "C:\\Users\\USER\\Desktop\\Personal\\ZCode\\.tmp\\z1-native-1790455378486-76250e\\pre-z8-u2-safe-scan-selection.png",
    "C:\\Users\\USER\\Desktop\\Personal\\ZCode\\.tmp\\z1-native-1790455378486-76250e\\pre-z8-u2-discovery-uncertainty.png",
    "C:\\Users\\USER\\Desktop\\Personal\\ZCode\\.tmp\\z1-native-1790455378486-76250e\\pre-z8-u2-reviewed-manifest.png",
    "C:\\Users\\USER\\Desktop\\Personal\\ZCode\\.tmp\\z1-native-1790455378486-76250e\\pre-z8-u2-failure.png"
  ],
  "modelRequests": 0
}
