(node:36488) ExperimentalWarning: SQLite is an experimental feature and might change at any time
(Use `node --trace-warnings ...` to show where the warning was created)
Pre-Z8 U2 multi isolated profile: C:\Users\USER\Desktop\Personal\ZCode\.tmp\z1-native-1790456111852-79d13a
{
  "status": "PASS",
  "scenario": "pre-z8-u2-multi",
  "home": "C:\\Users\\USER\\Desktop\\Personal\\ZCode\\.tmp\\z1-native-1790456111852-79d13a",
  "receipt": "C:\\Users\\USER\\Desktop\\Personal\\ZCode\\.tmp\\z1-native-1790456111852-79d13a\\pre-z8-u2-summary.json",
  "assertions": [
    "Scan retains genuine SDK-reference uncertainty; explicit reviewed preset/static validation/save preserve independent assertions, existing custom checks, unrelated config and both saved/unsaved design with zero execution.",
    "Template primary-first Test group ordering, explicit Build-slot selection, Setup/back retention and replacement Cancel preserve the exact saved/dirty design, configuration and empty run history.",
    "Genuine multi native VSTest process/report facts and independent source/build association retain their distinct acceptance outcome.",
    "Transient checks append exact new native history while saved revision, dirty design, prior history, configuration and independent assertion/adapter bytes remain unchanged."
  ],
  "screenshots": [
    "C:\\Users\\USER\\Desktop\\Personal\\ZCode\\.tmp\\z1-native-1790456111852-79d13a\\pre-z8-u2-empty-native-chat.png",
    "C:\\Users\\USER\\Desktop\\Personal\\ZCode\\.tmp\\z1-native-1790456111852-79d13a\\pre-z8-u2-discovery-uncertainty.png",
    "C:\\Users\\USER\\Desktop\\Personal\\ZCode\\.tmp\\z1-native-1790456111852-79d13a\\pre-z8-u2-reviewed-manifest.png",
    "C:\\Users\\USER\\Desktop\\Personal\\ZCode\\.tmp\\z1-native-1790456111852-79d13a\\pre-z8-u2-template-test-group.png",
    "C:\\Users\\USER\\Desktop\\Personal\\ZCode\\.tmp\\z1-native-1790456111852-79d13a\\pre-z8-u2-build-test-review.png",
    "C:\\Users\\USER\\Desktop\\Personal\\ZCode\\.tmp\\z1-native-1790456111852-79d13a\\pre-z8-u2-build-native-permission.png",
    "C:\\Users\\USER\\Desktop\\Personal\\ZCode\\.tmp\\z1-native-1790456111852-79d13a\\pre-z8-u2-test-1-native-permission.png",
    "C:\\Users\\USER\\Desktop\\Personal\\ZCode\\.tmp\\z1-native-1790456111852-79d13a\\pre-z8-u2-test-2-native-permission.png",
    "C:\\Users\\USER\\Desktop\\Personal\\ZCode\\.tmp\\z1-native-1790456111852-79d13a\\pre-z8-u2-result-1280.png",
    "C:\\Users\\USER\\Desktop\\Personal\\ZCode\\.tmp\\z1-native-1790456111852-79d13a\\pre-z8-u2-result-1920.png"
  ],
  "runId": "4d252a7c-2815-4fc7-a9de-c2d196477984",
  "modelRequests": 0
}
