<?xml version="1.0" encoding="utf-8"?>
<TestRun id="24c967a6-2bac-4ded-83bf-eb29391d21b8" name="cy.hoo@ushkuce6ss2kzwg 2026-09-27 16:34:22" runUser="ushkuce6ss2kzwg\cy.hoo" xmlns="http://microsoft.com/schemas/VisualStudio/TeamTest/2010">
  <Times creation="2026-09-27T16:34:22.2593011+08:00" queuing="2026-09-27T16:34:22.2593015+08:00" start="2026-09-27T16:34:21.8137790+08:00" finish="2026-09-27T16:34:22.2659955+08:00" />
  <TestSettings name="default" id="ca2a2341-083f-46d8-a751-1f9c6d14ebd6">
    <Deployment runDeploymentRoot="cy.hoo_ushkuce6ss2kzwg_2026-09-27_16_34_22" />
  </TestSettings>
  <Results>
    <UnitTestResult executionId="a4a04062-3221-469d-b946-9f74cc857628" testId="eb90d76a-b7d2-1711-e640-281b24b699e2" testName="AddPositive" computerName="ushkuce6ss2kzwg" duration="00:00:00.0048513" startTime="2026-09-27T16:34:22.1333426+08:00" endTime="2026-09-27T16:34:22.1381939+08:00" testType="13cdc9d9-ddb5-4fa4-a97d-d965ccfc6d4b" outcome="Failed" testListId="8c84fa94-04c1-424b-9868-57a2d4851a1d" relativeResultsDirectory="a4a04062-3221-469d-b946-9f74cc857628">
      <Output>
        <ErrorInfo>
          <Message>Expected 5, actual 6.</Message>
          <StackTrace>   at PreZ8Fixture.Cases.Equal(Int32 expected, Int32 actual) in D:\Playground\ZCode\.tmp\z1-native-1790498035530-e6922d\workspace\Cases.cs:line 14&#xD;
   at PreZ8Fixture.Cases.AddPositive() in D:\Playground\ZCode\.tmp\z1-native-1790498035530-e6922d\workspace\Cases.cs:line 17&#xD;
   at System.RuntimeMethodHandle.InvokeMethod(Object target, Void** arguments, Signature sig, Boolean isConstructor)&#xD;
   at System.Reflection.MethodBaseInvoker.InvokeWithNoArgs(Object obj, BindingFlags invokeAttr)</StackTrace>
        </ErrorInfo>
      </Output>
    </UnitTestResult>
    <UnitTestResult executionId="987dbe57-9636-48a4-9d23-fd447146630e" testId="6c2afd56-f545-e780-a8c9-04b81c4bf4a4" testName="Disabled" computerName="ushkuce6ss2kzwg" duration="00:00:00.0003194" startTime="2026-09-27T16:34:22.1401280+08:00" endTime="2026-09-27T16:34:22.1404474+08:00" testType="13cdc9d9-ddb5-4fa4-a97d-d965ccfc6d4b" outcome="NotExecuted" testListId="8c84fa94-04c1-424b-9868-57a2d4851a1d" relativeResultsDirectory="987dbe57-9636-48a4-9d23-fd447146630e" />
    <UnitTestResult executionId="aaa637de-e379-420a-9f94-ea757245c8af" testId="3396595b-4ddb-d83c-abbe-c28451dd3ee4" testName="AddZero" computerName="ushkuce6ss2kzwg" duration="00:00:00.0001692" startTime="2026-09-27T16:34:22.1399384+08:00" endTime="2026-09-27T16:34:22.1401076+08:00" testType="13cdc9d9-ddb5-4fa4-a97d-d965ccfc6d4b" outcome="Failed" testListId="8c84fa94-04c1-424b-9868-57a2d4851a1d" relativeResultsDirectory="aaa637de-e379-420a-9f94-ea757245c8af">
      <Output>
        <ErrorInfo>
          <Message>Expected 0, actual 1.</Message>
          <StackTrace>   at PreZ8Fixture.Cases.Equal(Int32 expected, Int32 actual) in D:\Playground\ZCode\.tmp\z1-native-1790498035530-e6922d\workspace\Cases.cs:line 14&#xD;
   at PreZ8Fixture.Cases.AddZero() in D:\Playground\ZCode\.tmp\z1-native-1790498035530-e6922d\workspace\Cases.cs:line 19&#xD;
   at System.RuntimeMethodHandle.InvokeMethod(Object target, Void** arguments, Signature sig, Boolean isConstructor)&#xD;
   at System.Reflection.MethodBaseInvoker.InvokeWithNoArgs(Object obj, BindingFlags invokeAttr)</StackTrace>
        </ErrorInfo>
      </Output>
    </UnitTestResult>
    <UnitTestResult executionId="92cacdc9-e243-42dc-82dd-6eb425c982f2" testId="a9c69394-5c95-5f01-a507-bde7ed1cee2d" testName="AddNegative" computerName="ushkuce6ss2kzwg" duration="00:00:00.0002212" startTime="2026-09-27T16:34:22.1394083+08:00" endTime="2026-09-27T16:34:22.1396295+08:00" testType="13cdc9d9-ddb5-4fa4-a97d-d965ccfc6d4b" outcome="Failed" testListId="8c84fa94-04c1-424b-9868-57a2d4851a1d" relativeResultsDirectory="92cacdc9-e243-42dc-82dd-6eb425c982f2">
      <Output>
        <ErrorInfo>
          <Message>Expected 0, actual 1.</Message>
          <StackTrace>   at PreZ8Fixture.Cases.Equal(Int32 expected, Int32 actual) in D:\Playground\ZCode\.tmp\z1-native-1790498035530-e6922d\workspace\Cases.cs:line 14&#xD;
   at PreZ8Fixture.Cases.AddNegative() in D:\Playground\ZCode\.tmp\z1-native-1790498035530-e6922d\workspace\Cases.cs:line 18&#xD;
   at System.RuntimeMethodHandle.InvokeMethod(Object target, Void** arguments, Signature sig, Boolean isConstructor)&#xD;
   at System.Reflection.MethodBaseInvoker.InvokeWithNoArgs(Object obj, BindingFlags invokeAttr)</StackTrace>
        </ErrorInfo>
      </Output>
    </UnitTestResult>
  </Results>
  <TestDefinitions>
    <UnitTest name="AddNegative" storage="d:\playground\zcode\.tmp\z1-native-1790498035530-e6922d\workspace\bin\release\net8.0\fixture.tests.dll" id="a9c69394-5c95-5f01-a507-bde7ed1cee2d">
      <Execution id="92cacdc9-e243-42dc-82dd-6eb425c982f2" />
      <TestMethod codeBase="D:\Playground\ZCode\.tmp\z1-native-1790498035530-e6922d\workspace\bin\Release\net8.0\Fixture.Tests.dll" adapterTypeName="executor://pre-z8-synthetic/v1" className="PreZ8Fixture.Cases" name="AddNegative" />
    </UnitTest>
    <UnitTest name="Disabled" storage="d:\playground\zcode\.tmp\z1-native-1790498035530-e6922d\workspace\bin\release\net8.0\fixture.tests.dll" id="6c2afd56-f545-e780-a8c9-04b81c4bf4a4">
      <Execution id="987dbe57-9636-48a4-9d23-fd447146630e" />
      <TestMethod codeBase="D:\Playground\ZCode\.tmp\z1-native-1790498035530-e6922d\workspace\bin\Release\net8.0\Fixture.Tests.dll" adapterTypeName="executor://pre-z8-synthetic/v1" className="PreZ8Fixture.Cases" name="Disabled" />
    </UnitTest>
    <UnitTest name="AddZero" storage="d:\playground\zcode\.tmp\z1-native-1790498035530-e6922d\workspace\bin\release\net8.0\fixture.tests.dll" id="3396595b-4ddb-d83c-abbe-c28451dd3ee4">
      <Execution id="aaa637de-e379-420a-9f94-ea757245c8af" />
      <TestMethod codeBase="D:\Playground\ZCode\.tmp\z1-native-1790498035530-e6922d\workspace\bin\Release\net8.0\Fixture.Tests.dll" adapterTypeName="executor://pre-z8-synthetic/v1" className="PreZ8Fixture.Cases" name="AddZero" />
    </UnitTest>
    <UnitTest name="AddPositive" storage="d:\playground\zcode\.tmp\z1-native-1790498035530-e6922d\workspace\bin\release\net8.0\fixture.tests.dll" id="eb90d76a-b7d2-1711-e640-281b24b699e2">
      <Execution id="a4a04062-3221-469d-b946-9f74cc857628" />
      <TestMethod codeBase="D:\Playground\ZCode\.tmp\z1-native-1790498035530-e6922d\workspace\bin\Release\net8.0\Fixture.Tests.dll" adapterTypeName="executor://pre-z8-synthetic/v1" className="PreZ8Fixture.Cases" name="AddPositive" />
    </UnitTest>
  </TestDefinitions>
  <TestEntries>
    <TestEntry testId="eb90d76a-b7d2-1711-e640-281b24b699e2" executionId="a4a04062-3221-469d-b946-9f74cc857628" testListId="8c84fa94-04c1-424b-9868-57a2d4851a1d" />
    <TestEntry testId="6c2afd56-f545-e780-a8c9-04b81c4bf4a4" executionId="987dbe57-9636-48a4-9d23-fd447146630e" testListId="8c84fa94-04c1-424b-9868-57a2d4851a1d" />
    <TestEntry testId="3396595b-4ddb-d83c-abbe-c28451dd3ee4" executionId="aaa637de-e379-420a-9f94-ea757245c8af" testListId="8c84fa94-04c1-424b-9868-57a2d4851a1d" />
    <TestEntry testId="a9c69394-5c95-5f01-a507-bde7ed1cee2d" executionId="92cacdc9-e243-42dc-82dd-6eb425c982f2" testListId="8c84fa94-04c1-424b-9868-57a2d4851a1d" />
  </TestEntries>
  <TestLists>
    <TestList name="Results Not in a List" id="8c84fa94-04c1-424b-9868-57a2d4851a1d" />
    <TestList name="All Loaded Results" id="19431567-8539-422a-85d7-44ee4e166bda" />
  </TestLists>
  <ResultSummary outcome="Failed">
    <Counters total="4" executed="3" passed="0" failed="3" error="0" timeout="0" aborted="0" inconclusive="0" passedButRunAborted="0" notRunnable="0" notExecuted="0" disconnected="0" warning="0" completed="0" inProgress="0" pending="0" />
    <Output>
      <StdOut>Test 'Disabled' was skipped in the test run.&#xD;
</StdOut>
    </Output>
  </ResultSummary>
</TestRun>