✔ Z7 real independent clones pin the base and preserve original and sibling files (4221.6642ms)
✔ Z7 dirty or changed bases and unsafe slot IDs refuse without resetting source (1708.5079ms)
✔ Z7 shallow snapshot does not copy deleted historical credential blobs or other commits (1920.6166ms)
✔ native snapshot preserves staged deletions and represents rename as deletion/addition (2673.2371ms)
✔ native snapshot marks tracked symlink and submodule modes incomplete without reading targets (1357.9583ms)
✔ native snapshot rejects invalid UTF-8 and control-byte binary files (1081.1168ms)
✔ native snapshot reports total-content and manifest limits without silent completeness (1192.524ms)
✔ native snapshot supports unborn HEAD and literal path names (757.8758ms)
✔ native snapshot refuses a symlinked directory before bounded file reads (551.9945ms)
✔ native snapshot preserves a UTF-8 BOM so untracked byte changes alter evidence (822.4384ms)
✔ native source snapshot retains literal staged, working and empty/untracked text without writes (3305.4947ms)
✔ native snapshot scopes to a subworkspace and excludes ignored content (1055.5828ms)
✔ native snapshot fails visibly for binary, oversized and excessive untracked paths (1629.5731ms)
✔ native snapshot changes with content, exact HEAD and scoped index (2127.2299ms)
✔ native snapshot makes bounded-read failure and concurrent capture mutation incomplete (1066.0573ms)
✔ native snapshot refuses unsupported index semantics and nonrepositories (671.4869ms)
✔ artifact immutable retry, ownership and tamper detection (152.5933ms)
✔ declared capture retains HTML as data and displays unsafe/binary/oversized failures (180.2963ms)
✔ workspace junction capture and fingerprint refuse external files (32.065ms)
✔ secret-bearing retained copy is marked incomplete, while binary fingerprints retain only metadata (96.2599ms)
✔ file observations distinguish missing, stale and refreshed output without changing content digest (98.1723ms)
✔ explicit declared diff snapshots retain exact inert text under the same capture rules (83.8241ms)
✔ native JSON formatting normalization preserves exact pretty report bytes without marking redacted (62.5824ms)
✔ semantic redaction preservation cannot restore actual secrets or duplicate-hidden secrets (102.4267ms)
✔ Tool intents persist before native effects; duplicate Run and viewing cannot admit extra commands (379.7824ms)
✔ known failed native command never advances even if unrelated model says PASS (49.3341ms)
✔ cancel targets only owned Tool and retains cancellation without stopping native agents (38.4613ms)
✔ lost Tool start acknowledgement and cold load never replay; guard blocks arbitrary prompts (14.1751ms)
✔ metadata write failures happen before dispatch; terminal write failure stops successor (51.2106ms)
✔ failed Tool intent or acknowledgement writes keep the last durable cached dispatch phase (16.803ms)
✔ strict structured result binds exact attempt field while native completion remains separate (106.5657ms)
✔ invalid strict output stops all dependents without repair and retains successful native proof (74.2653ms)
✔ source adapter forwards the captured workspace and retains native incomplete evidence (1.8995ms)
✔ native adapter retains the native allocated session and sends frozen input only after real subscription readiness (22.1227ms)
✔ rejected native input preserves useful message and reason code without unbounded diagnostic output (1.1523ms)
✔ native adapter fails closed for auto-answer, cold restore, mismatched input acceptance and changed runtime (1.5589ms)
✔ native cancellation targets only the foreground execution of the original input (5.8897ms)
✔ observer matches original input, reflects waiting and freezes exact terminal outcome (17.8846ms)
✔ duplicate/out-of-order and foreign subscription frames cannot alter facts (0.5843ms)
✔ gap, epoch change and cold terminal snapshot fail closed without fabricated success (1.2762ms)
✔ verified warm original-runtime snapshot can reconcile original input (0.309ms)
✔ terminal output freezes only the last complete assistant text in the exactly owned turn (1.7782ms)
✔ missing, blank, incomplete and oversized final text never falls back to earlier prose (1.5277ms)
✔ failed or interrupted owned input exposes no handoff text (0.4242ms)
✔ Z7 actual native Git capture refuses undeclared additions and preserves approved full text (3883.4305ms)
✔ Z7 actual binary capture and active native workspace cleanup fail closed (1213.607ms)
✔ Z7 complete native Git deletion retains the pinned before text and explicit action (1198.1751ms)
✔ project setup reads/validates/prepares only, preserves config, and binds source/environment changes (273.8295ms)
✔ discovery lists every literal scope and uncertainty without executing project metadata (80.6123ms)
✔ cancelled, limited and linked scans never become a complete empty inventory (43.5906ms)
✔ reference catalog uses existing-only metadata without recipe or execution access, including Unknown (4.5342ms)
✔ reference selection requires bounded safe UTF-8 workspace files and exact native metadata identity (117.4683ms)
✔ project recipe writes preserve unrelated keys and reject stale/concurrent revisions (207.9637ms)
✔ recipe schema rejects shell recipes, unsafe paths, duplicated IDs, zero test contracts and unknown placeholders (5.1884ms)
✔ missing output preflight checks existing ancestors and project config links (11.553ms)
✔ recovery reads an exact warm terminal without creation, input, or model traffic (24.9328ms)
✔ recovery refuses cold, foreign epoch, missing input, and inactive-looking current runtime (3.057ms)
✔ active exact foreground is inspectable and targeted cancellation remains usable (2.6648ms)
✔ running header without exact foreground is uncertain, never inactive or cancellable (1.4038ms)
✔ replacement runtime and unavailable lifecycle never establish retirement (0.6495ms)
✔ persisted missing, copied, or mismatched release proof cannot unlock a run (178.1678ms)
✔ terminal release proof must match session, command, input, epoch and frozen terminal (4.8849ms)
✔ an interrupted exact warm terminal may release without rewriting the unknown attempt (0.6139ms)
✔ never-submitted proof accepts only matching pre-send phases and excludes admitted evidence (3.2204ms)
✔ unchanged Z1 history remains valid, while new legacy release requires exact proof (1.1545ms)
✔ rapid atomic metadata replacement tolerates transient OS reader sharing without losing revisions (1071.9348ms)
✔ atomic graph metadata files preserve definitions and isolate workspace identities (30.7403ms)
✔ malformed persisted metadata fails closed instead of inventing an empty graph (27.1129ms)
✔ terminal records require correlated proof and coherent identity / timestamps (90.4877ms)
✔ only one Host owns graph metadata until release, with concurrent same-owner acquisition (151.7862ms)
✔ disposal releases ownership acquired during an in-flight acquisition and rejects later writes (24.343ms)
✔ repository reuses native abandoned-lock recovery and does not hide filesystem failures (49.5181ms)
✔ Tool session adapter explicitly requests non-model initialization and deferred creation (1.7254ms)
✔ secure snapshot binds exact bytes, including BOM and chunk boundaries (38.5348ms)
✔ original BOM digest remains distinct from decoded-without-BOM and redacted preview (62.1575ms)
✔ capture rejects invalid UTF-8 without producing normalized assertions (39.6071ms)
✔ snapshot enforces declared path, regular-file and exact byte bounds (70.5674ms)
✔ stale and future report timestamps remain issues with original identity (50.9308ms)
✔ capture and snapshot refuse linked report ancestors and workspace aliases (28.9497ms)
✔ replacement after validation and before open cannot reuse original identity (26.4626ms)
✔ replacement after open with identical bytes and timestamp is rejected (18.281ms)
✔ growth during the bounded stream cannot bypass the initial size check (25.9266ms)
✔ retained genuine reports preserve original digest, assertions and privacy boundary (207.2513ms)
✔ passing structured observations keep raw preview incomplete and bind exact immutable receipt (661.2154ms)
✔ complete failed assertions yield valid failure observation but never accepted success (276.4975ms)
✔ native nonzero exit with passing assertions denies accepted or repair-authorizing TRX evidence (143.887ms)
✔ native missing process exit observation denies accepted or repair-authorizing TRX evidence (164.2ms)
✔ native not started denies accepted or repair-authorizing TRX evidence (199.5977ms)
✔ native crash signal denies accepted or repair-authorizing TRX evidence (153.681ms)
✔ native cancelled denies accepted or repair-authorizing TRX evidence (195.9947ms)
✔ native timeout denies accepted or repair-authorizing TRX evidence (86.6528ms)
✔ native truncated stdout denies accepted or repair-authorizing TRX evidence (156.6849ms)
✔ native truncated stderr denies accepted or repair-authorizing TRX evidence (195.7578ms)
✔ native unknown operation denies accepted or repair-authorizing TRX evidence (227.2369ms)
✔ native spawn error denies accepted or repair-authorizing TRX evidence (206.0503ms)
✔ zero, all-skipped, missing-required, duplicate and invalid capture cannot authorize repair (1155.5007ms)
✔ pre-existing report is rejected before dispatch at the unique resolved operation path (123.0146ms)
✔ MathOps.cs mutation before finish denies stale report authority (274.7771ms)
✔ MathOps.cs mutation during capture denies stale report authority (191.922ms)
✔ bin/Fixture.Tests.dll mutation before finish denies stale report authority (191.6177ms)
✔ bin/Fixture.Tests.dll mutation during capture denies stale report authority (87.2742ms)
✔ redaction of normalized assertion identities cannot yield valid evidence (82.5537ms)
✔ captureToolReport cannot mint a receipt without native authority (59.9728ms)
✔ cold test read rejects missing reference (97.0301ms)
✔ cold test read rejects missing receipt file (104.4083ms)
✔ cold test read rejects corrupt receipt (113.6668ms)
✔ cold test read rejects corrupt preview (95.2254ms)
✔ cold test read rejects corrupt normalized (84.873ms)
✔ cold verification read rejects missing reference (67.8ms)
✔ cold verification read rejects missing receipt file (64.607ms)
✔ cold verification read rejects corrupt receipt (69.669ms)
✔ cold verification read rejects corrupt preview (74.2047ms)
✔ cold verification read rejects corrupt normalized (79.0234ms)
✔ cold normalized-report read rejects missing reference (70.0017ms)
✔ cold normalized-report read rejects missing receipt file (65.5854ms)
✔ cold normalized-report read rejects corrupt receipt (68.3688ms)
✔ cold normalized-report read rejects corrupt preview (91.8566ms)
✔ cold normalized-report read rejects corrupt normalized (65.4183ms)
✔ cold normalization read rejects missing reference (60.6929ms)
✔ cold normalization read rejects missing receipt file (61.268ms)
✔ cold normalization read rejects corrupt receipt (65.0794ms)
✔ cold normalization read rejects corrupt preview (95.5283ms)
✔ cold normalization read rejects corrupt normalized (76.2981ms)
✔ completed cold record requires exact receipt metadata and unique operation path (54.4191ms)
✔ receipt semantic checks bind invocation, source, Build, scope, original time and artifacts (70.093ms)
✔ dotnet Build trusts structured process facts while output privacy remains incomplete (42.4912ms)
✔ dotnet Build cannot convert contradictory cancelled into success (33.3779ms)
✔ dotnet Build cannot convert contradictory timedOut into success (36.5197ms)
✔ dotnet Build cannot convert contradictory signal into success (34.3959ms)
✔ unsupported TRX exit -1073741819 cannot authorize repair from a complete failed report (50.1341ms)
✔ unsupported TRX exit 3221225477 cannot authorize repair from a complete failed report (55.3998ms)
✔ unsupported TRX exit 2 cannot authorize repair from a complete failed report (45.2903ms)
✔ unsupported TRX exit 137 cannot authorize repair from a complete failed report (43.8908ms)
✔ dotnet Build outputs dated after native completion cannot establish freshness (32.2356ms)
✔ genuine parsed assertions feed unit-simulated native/source/Build authority without execution (174.2212ms)
✔ agent-assisted preflight ignores unrelated invalid recipes while preserving native and reference capture (82.4075ms)
✔ guided native-aware references are opt-in, exact and revalidated while legacy provenance stays unchanged (85.5814ms)
✔ Z6 preflight inventories an explicit native setup without execution or raw credentials/content (85.918ms)
✔ Z6 preflight binds full endpoint/model semantics and native configuration drift while displaying only origin (369.1506ms)
✔ Z6 preflight rejects cold native inventory, missing references/recipes and disabled skills before execution (193.411ms)
✔ Z6 preflight reports missing native tooling before any agent or recipe execution (44.1242ms)
✔ Z6 preflight rejects a changed native selection and mismatched Build/Test recipe authority (280.3805ms)
✔ Z6 tool preparation defers only outputs from a distinct dominating Build node (9.55ms)
✔ library version edits/duplicates/archive and bad imports cannot mutate a chosen workspace or historic pin (179.6192ms)
✔ Host admission pins reviewed preflight, idempotent retry sends once, reference drift prevents successor (56.4928ms)
✔ independent library owners serialize revisions and preserve immutable versions across restart (131.5534ms)
✔ cold gate continuation rejects changed frozen Tool recipe even with its recomputed digest (54.5277ms)
✔ Build cannot combine one output digest with freshness observed from changed bytes (324.1749ms)
✔ Test freshness fingerprint must describe the exact retained report bytes (699.1118ms)
✔ all-skipped discovered tests do not count as executed passing tests (0.4112ms)
✔ persisted Agent artifact native input and command identities match its exact attempt (53.9929ms)
✔ native owner failure cannot become Graph success merely because child process exited zero (54.7915ms)
✔ successful-looking result with unobserved process exit never advances the graph (23.4333ms)
✔ source evidence changed while native Tool session is created makes the gate stale before process start (24.2179ms)
✔ real file observations reject a no-op Build reusing stale output and accept refreshed identical bytes (190.2653ms)
✔ agent-assisted creation needs no recipe, pins v5, and does not weaken verified templates (35.1522ms)
✔ agent-led results travel once through fresh sessions and require exact final human decision (98.1856ms)
✔ decision persistence failure has no effect; committed lost reply retry is idempotent (76.3716ms)
✔ committed decision plus undispatched successor survives restart but only explicit Continue dispatches (25.9151ms)
✔ uncertain creation and send boundaries retain Z2 guard and cannot Continue/replay (33.5022ms)
✔ source is rechecked after committed decision and before successor native send (24.6834ms)
✔ pending request metadata failure publishes no actionable gate and no successor (13.3174ms)
✔ restart refuses continuation if selected source has changed, preserving frozen request (8.2454ms)
✔ a second source check during Continue preserves Stale evidence instead of generic interruption (10.6858ms)
✔ decision IDs cannot be reused across gate requests (8.8762ms)
✔ consecutive approvals retain source obligation until native dispatch and never revive stale gates on restart (25.8929ms)
✔ persisted sending identity cannot authorize native replay after live failure or cold restart (9.4409ms)
✔ native input exemption is one use and matches frozen runtime/client/payload (3.2838ms)
✔ Z3 readiness preserves v2, requires explicit evidence and earlier task sources (12.8189ms)
✔ gate freezes exact upstream evidence, performs zero native work until one explicit winner (61.2228ms)
✔ entry and final gates are real controls; final output completes only after final approval (32.496ms)
✔ cancel/reject waiting gates have no stop or successor; late decisions cannot resurrect (18.3427ms)
✔ required comment, stale request version and incomplete source evidence never authorize (16.6512ms)
✔ graph changes and source changes invalidate review while frozen evidence remains unchanged (26.1933ms)
✔ cold pending gate keeps exact request and demands explicit Continue before decision (17.2309ms)
✔ changed frozen native settings cannot inherit a previously displayed request (10.8811ms)
✔ strict output preserves typed object and rejects prose, trailing data, duplicate escaped keys (2.6168ms)
✔ strict output bounds depth/bytes/members and validates declared shape without repair (3.4753ms)
✔ JSON pointers use own properties, escaped segments and canonical indices only (0.3472ms)
✔ reserved object keys are rejected in JSON, schema properties and decoded pointers (0.4241ms)
✔ checks preserve design and one native intent after lost creation ACK, with strict cold purpose (52.0707ms)
✔ stale review, unknowns, revision and first-write failure perform zero native work (13.5315ms)
✔ source/config drift during native create keeps exact session ownership and makes zero starts (7.9761ms)
✔ a legal maximum-size exclusive DAG has 34 nodes but only 32 planned intermediate steps (32.3018ms)
✔ context projects canonical source identities and selected aliases without resolving future data (10.1298ms)
✔ initial-only results cannot masquerade as available on repair routes (8.153ms)
✔ unreachable, cyclic and dangling topology disables dependent choices, retaining selected inputs (3.3055ms)
✔ missing and advanced selected sources remain visible instead of being dropped (0.8762ms)
✔ same source chips reuse aliases and insert a missing token exactly once, preserving expanded handoffs (1.9958ms)
✔ new aliases are bounded and collision-free, without changing Start or other bindings (1.1953ms)
✔ literal brace conversion refuses to reinterpret user text, while plain literal text is preserved (1.6131ms)
✔ incomplete prompt fields do not disable otherwise valid topology, and binding limits still apply (1.0048ms)
✔ whole-artifact empty pointer reuses the selected alias and preserves its original declaration (0.8161ms)
✔ compatible custom Test recipes enable verification selection without treating display names as roles (2.5173ms)
✔ empty Start is unavailable consistently in sequential and routed draft projections (1.8848ms)
✔ shared scanner is lossless and handles repeated, adjacent, malformed and CRLF text (1.9926ms)
✔ draft Start resolves exactly once, while every future task and evidence token is visibly unresolved (13.482ms)
✔ literal preview never scans text into inputs and malformed bound drafts return issues without rewriting (1.5208ms)
✔ legacy prompt bytes remain exact even if unrelated supplied metadata has new delivery markers (5.3365ms)
✔ native-aware delivery uses frozen metadata without another native instruction read or invented skill name (2.0411ms)
✔ shared runtime interpolation still binds captured values only once without modifying captured evidence (0.6848ms)
✔ native-aware instruction, document and skill delivery stays explicit even with an unresolved reference (2.9971ms)
✔ empty Start and oversized expansion stay visibly unresolved or unavailable rather than being silently truncated (3.2526ms)
✔ native-aware references require matching identities, kinds and delivery modes in frozen provenance (3.176ms)
✔ typed condition replaces exactly one scalar branch and preserves other branches, evidence and graph (24.8718ms)
✔ condition compiler rejects unsupported trees, unknown branches, inputs, scalars and unsafe pointers (7.4269ms)
✔ presence predicate emits no value field and preserves explicit default exit (1.3397ms)
✔ repair projection recognizes existing defaults, and bounded edits preserve all expanded checks and final gate (10.6508ms)
✔ unsupported custom repair declarations and invalid budgets remain explicit without destructive conversion (5.4918ms)
✔ actual native Z1 completed JSON opens without changes or dispatch (24.6556ms)
✔ actual persisted Z1 pending guard stays owned on reopen, with IDs/literal instructions intact (3.8268ms)
✔ Z7 Join refuses implicit conflict resolution and requires the exact reviewed source (1.1805ms)
✔ Z7 disjoint proposals preserve additions, deletions and deterministic full contents (13.0164ms)
✔ Z7 plan bounds concurrency, aliases and explicit additions (7.5336ms)
✔ Z7 two reserved child runs use unique sessions and cap concurrency; repeated reviews never dispatch twice (106.7475ms)
✔ Z7 concurrency one admits the second worker only after exact first completion (34.0532ms)
✔ Z7 failed worker cancels exact waiting sibling; uncertain cancellation cannot release (48.7688ms)
✔ Z7 changed owned path remains in history and does not suppress sibling cancellation (33.1777ms)
✔ Z7 base drift blocks admission and restarts retain IDs without resubmission (20.7174ms)
✔ Z7 reviewed rejection is durable and conflicting retries cannot authorize work (4.4856ms)
✔ Z7 lost native acknowledgment blocks sibling admission and never replays the saved intent (13.9972ms)
✔ Z7 original-source drift, run deadline and preservation are independent hard gates (34.7038ms)
✔ Z7 multiple UI snapshots cannot rewrite frozen ownership or selected branches (16.1805ms)
✔ Z7 explicitly unselected branch never prepares a directory or native input (12.2941ms)
✔ Z7 a reserved child request cannot admit a different frozen model or revision (17.1406ms)
✔ .NET proposal binds explicit scope, no restore, unique operation report and reviewed manifest (11.8692ms)
✔ calibration compiles ordered saved checks with graph-local Build association and preserves inputs (11.8207ms)
✔ probe is a bounded exact native Tool plan and never evaluates user text as a shell (1.2823ms)
✔ one compatibility contract rejects command-only/wrong-kind verified slots without mutation (1.4127ms)
✔ explicit test artifact consumers preserve requirements after rename, without display-name guesses (0.3419ms)
✔ only new explicit no-recipe plans omit recipe drift; historical plans remain conservative (52.5301ms)
✔ an approved intermediate gate can admit its fresh native successor without becoming stale (149.62ms)
✔ checkpoint without a reviewer accepts failed machine evidence only on a non-success exit (16.0223ms)
✔ oversized combined repair feedback persists Invalid/NeedsHuman without advancing route history (30.9779ms)
✔ repair appends fresh attempts without changing prior proof or frozen configuration (1.8132ms)
✔ a branch-local Build cannot authorize a merged Test before any native session starts (39.4003ms)
✔ Condition Test references reject a Build recipe before any native session starts (4.188ms)
✔ version-5 initial frozen records round-trip without rewriting old versions (35.5858ms)
✔ tampered iteration identity, counters, deadlines and unmapped attempts reject (13.124ms)
✔ unknown native creation/sending and a started unobserved Tool never become a safe checkpoint (0.6747ms)
✔ a begun approval or Condition cannot masquerade as an undispatched route checkpoint (0.6479ms)
✔ a declared finite region has one back edge and exact machine/reviewer dependencies (32.938ms)
✔ Build dominance includes the repair entry and excludes the declared back edge (0.2143ms)
✔ numeric ordering is finite/typed and boolean combinations inspect both operands (0.58ms)
✔ cold route validation does not allow schema-valid reviewer PASS to replace failed machine proof (0.4981ms)
✔ exclusive routes merge once and require the actual final gate (182.5593ms)
✔ invalid output, lost acceptance and exhausted admissions cannot route or repair (45.6701ms)
✔ persisted route checkpoint requires explicit continuation and duplicate request sends once (26.6897ms)
✔ deadline and source/configuration changes stop before another native admission (24.2976ms)
✔ cold prepared final gate uses the original approval continuation, not its incoming route (20.3019ms)
✔ deadline crossing async verification or durable sending intent never calls native send (22.422ms)
✔ late authoritative completion after an uncertain admission reconciles but never routes (12.2198ms)
✔ typed conditions keep false/default distinct from missing or wrong types (2.8237ms)
✔ predicate bounds and non-short-circuited invalid operands cannot select success (13.4167ms)
✔ malformed predicate operator types fail definition validation and cannot select an exit (5.5201ms)
✔ exclusive branches can merge but every End path requires the final gate (6.0828ms)
✔ current attempt uses the exact iteration map and never first/last history fallback (0.3694ms)
✔ final approval must follow all native executable work on every End path (2.3028ms)
✔ real failed assertions are provenance-valid while malformed or foreign reports are not (1.4652ms)
✔ edge order alone controls readiness; shaped incomplete drafts remain saveable (10.3362ms)
✔ reject invalid topology, duplicate identifiers, unsupported versions and future inputs (4.6367ms)
✔ exact frozen output is bound once with source correlation; literal text is untouched (0.7261ms)
✔ malformed/unmapped aliases and explicit size limits reject without truncation (1.1102ms)
✔ transient accepted-write failure closes sequencing before an already queued terminal fact (39.208ms)
✔ first persistence failure has no cached reservation; creating intent failure has no calls (2.6457ms)
✔ lost create/send replies never recreate or repeat; terminal persistence failure blocks next (22.3373ms)
✔ interrupted active/unproven inputs refuse release and exact recovered cancel works (20.6486ms)
✔ failed release audit write leaves guard owned and retirement identity must match (5.4525ms)
✔ sequential native admission freezes all settings and exact dynamic handoffs; predecessors stay owned (58.4049ms)
✔ validation rejects invalid graph or unavailable future configuration before first create (1.7707ms)
✔ duplicate submission returns original and contradictory reuse rejects (3.6763ms)
✔ missing final output and definitive native failure skip successors without sending (16.6534ms)
✔ waiting, stale/foreign facts and cancellation keep successors unsent; late success cannot advance (7.9042ms)
✔ cancel already queued at a predecessor terminal boundary wins before next dispatch (5.6572ms)
✔ restart with successful predecessor and planned successor never continues (10.1779ms)
✔ question protection follows unresolved native session ownership without waiting on dispatch (21.7132ms)
✔ lost native creation reply never recreates a session or submits input (2.3529ms)
✔ failed first attempt write creates no work or cached reservation and the same request can retry (1.589ms)
✔ failed metadata persistence cannot release native input ownership or publish terminal proof (1.0908ms)
✔ another metadata owner permits read-only projection but no mutation or reconciliation (1.4028ms)
✔ saved layout survives reopen and stale revisions / extra topology are rejected (1.583ms)
✔ double run persists correlation first and only creates / dispatches once (1.968ms)
✔ shutdown retains metadata ownership until in-flight operations settle (1.2413ms)
✔ only exact live input can finish; waiting, stale events and frozen outcomes (1.4004ms)
✔ lost dispatch reply remains Unknown and never retries on duplicate or restart (1.4373ms)
✔ cancel requires exact execution identity and remains requested until terminal (1.573ms)
✔ remote targets and unavailable provider/question configuration do not create sessions (0.529ms)
✔ genuine report identity and positive required tests are independently checked (5.337ms)
✔ model PASS cannot make failed skipped zero malformed or duplicate-test reports pass (0.8068ms)
✔ genuine-derived passing, failed, zero and all-skipped reports preserve assertion outcomes (6.9835ms)
✔ qualified identities retain full scope and test identity without display-name dependence (5.2733ms)
✔ supported XML predefined/numeric entities, UTF-8 BOM, comments and CDATA decode once (4.0858ms)
✔ assembly comparison is complete, separator-aware and governed by explicit path sensitivity (4.1788ms)
✔ original byte decoding is fatal and bounded (1.728ms)
✔ restricted XML rejects DOCTYPE (0.4539ms)
✔ restricted XML rejects entity declaration (0.4361ms)
✔ restricted XML rejects undeclared entity (0.3704ms)
✔ restricted XML rejects unterminated entity (0.398ms)
✔ restricted XML rejects NUL reference (0.4011ms)
✔ restricted XML rejects surrogate reference (0.3487ms)
✔ restricted XML rejects out-of-range reference (0.3376ms)
✔ restricted XML rejects processing instruction (0.2553ms)
✔ restricted XML rejects second XML declaration (0.5096ms)
✔ restricted XML rejects wrong XML version (0.6414ms)
✔ restricted XML rejects wrong encoding (0.3815ms)
✔ restricted XML rejects duplicate attribute (0.3732ms)
✔ restricted XML rejects missing attribute separator (0.3011ms)
✔ restricted XML rejects unquoted attribute (0.2345ms)
✔ restricted XML rejects literal less-than in attribute (0.2442ms)
✔ restricted XML rejects mismatched closing tag (0.3583ms)
✔ restricted XML rejects partial report (0.3938ms)
✔ restricted XML rejects multiple root (0.3757ms)
✔ restricted XML rejects trailing text (0.4016ms)
✔ restricted XML rejects character reference before root (0.212ms)
✔ restricted XML rejects character reference after root (0.3475ms)
✔ restricted XML rejects invalid comment (0.4686ms)
✔ restricted XML rejects CDATA close in ordinary text (0.3324ms)
✔ restricted XML rejects wrong namespace (0.2936ms)
✔ restricted XML rejects child namespace rebind (0.3804ms)
✔ restricted XML rejects qualified namespace spoof (0.3325ms)
✔ restricted XML rejects unknown structure (0.3086ms)
✔ restricted XML rejects attachment escape (0.3774ms)
✔ restricted XML rejects element limit (3.8166ms)
✔ restricted XML rejects depth limit (0.2817ms)
✔ restricted XML rejects attribute limit (0.354ms)
✔ result, definition and entry joins must be complete and unique (5.7123ms)
✔ counts reconcile actual entries with only the documented notExecuted-zero quirk (6.0285ms)
✔ every report and test time is inside the exact native command window (4.8799ms)
✔ multiple tests expand actual Tools, bound reviewer prompts, final gate and repair dependencies (27.9623ms)
✔ renamed Build mapping is local and malformed groups are rejected before instantiation (4.4694ms)
✔ shipped portable workflows preserve actual v5 readiness, exact samples and native boundaries (19.3542ms)
✔ slot selection uses one sequential graph and no optional predecessor binding or inferred rule (0.1891ms)
✔ bugfix retains bounded repairs, current machine evidence and a required final gate (0.0912ms)
✔ portable import rejects unknown authority and versions without changing the caller draft (10.4676ms)
✔ capture removes local request, overrides and template bindings; portable literals are reviewed (4.3323ms)
✔ instantiation pins copied parameters and rejects undeclared bindings or omitted choices (2.3952ms)
ℹ tests 336
ℹ suites 0
ℹ pass 336
ℹ fail 0
ℹ cancelled 0
ℹ skipped 0
ℹ todo 0
ℹ duration_ms 11055.986
