(node:24592) ExperimentalWarning: SQLite is an experimental feature and might change at any time
(Use `node --trace-warnings ...` to show where the warning was created)
Pre-Z8 U2 pass isolated profile: C:\Users\USER\Desktop\Personal\ZCode\.tmp\z1-native-1790566888278-3b5c94
{
  "status": "PASS",
  "scenario": "pre-z8-u2-pass",
  "home": "C:\\Users\\USER\\Desktop\\Personal\\ZCode\\.tmp\\z1-native-1790566888278-3b5c94",
  "receipt": "C:\\Users\\USER\\Desktop\\Personal\\ZCode\\.tmp\\z1-native-1790566888278-3b5c94\\pre-z8-u2-summary.json",
  "assertions": [
    "Inert secondary workspace exposes both safe candidates and explicit project/framework selection without saving checks or executing; primary design/history remain unchanged on return.",
    "Scan retains genuine SDK-reference uncertainty; explicit reviewed preset/static validation/save preserve independent assertions, existing custom checks, unrelated config and both saved/unsaved design with zero execution.",
    "Metadata availability admitted no work; a separate reviewed and individually permitted native SDK probe returned the pinned version without fabricated Build/Test evidence.",
    "U4 presentation projects tests-passed, exact per-check facts and not-required human decision from this genuine native run without admitting or revalidating work.",
    "Genuine pass native VSTest process/report facts and independent source/build association retain their distinct acceptance outcome.",
    "Transient checks append exact new native history while saved revision, dirty design, prior history, configuration and independent assertion/adapter bytes remain unchanged.",
    "Owned-profile restart retained the exact completed checks run and original evidence identities without replay or model admission."
  ],
  "screenshots": [
    "C:\\Users\\USER\\Desktop\\Personal\\ZCode\\.tmp\\z1-native-1790566888278-3b5c94\\pre-z8-u2-empty-native-chat.png",
    "C:\\Users\\USER\\Desktop\\Personal\\ZCode\\.tmp\\z1-native-1790566888278-3b5c94\\pre-z8-u2-safe-scan-selection.png",
    "C:\\Users\\USER\\Desktop\\Personal\\ZCode\\.tmp\\z1-native-1790566888278-3b5c94\\pre-z8-u2-discovery-uncertainty.png",
    "C:\\Users\\USER\\Desktop\\Personal\\ZCode\\.tmp\\z1-native-1790566888278-3b5c94\\pre-z8-u2-reviewed-manifest.png",
    "C:\\Users\\USER\\Desktop\\Personal\\ZCode\\.tmp\\z1-native-1790566888278-3b5c94\\pre-z8-u2-sdk-probe-review.png",
    "C:\\Users\\USER\\Desktop\\Personal\\ZCode\\.tmp\\z1-native-1790566888278-3b5c94\\pre-z8-u2-sdk-probe-permission.png",
    "C:\\Users\\USER\\Desktop\\Personal\\ZCode\\.tmp\\z1-native-1790566888278-3b5c94\\pre-z8-u2-sdk-probe-completed.png",
    "C:\\Users\\USER\\Desktop\\Personal\\ZCode\\.tmp\\z1-native-1790566888278-3b5c94\\pre-z8-u2-build-test-review.png",
    "C:\\Users\\USER\\Desktop\\Personal\\ZCode\\.tmp\\z1-native-1790566888278-3b5c94\\pre-z8-u2-stale-review-rejected.png",
    "C:\\Users\\USER\\Desktop\\Personal\\ZCode\\.tmp\\z1-native-1790566888278-3b5c94\\pre-z8-u2-refreshed-build-test-review.png",
    "C:\\Users\\USER\\Desktop\\Personal\\ZCode\\.tmp\\z1-native-1790566888278-3b5c94\\pre-z8-u2-build-native-permission.png",
    "C:\\Users\\USER\\Desktop\\Personal\\ZCode\\.tmp\\z1-native-1790566888278-3b5c94\\pre-z8-u2-test-1-native-permission.png",
    "C:\\Users\\USER\\Desktop\\Personal\\ZCode\\.tmp\\z1-native-1790566888278-3b5c94\\pre-z8-u4-probe-command-only-1280.png",
    "C:\\Users\\USER\\Desktop\\Personal\\ZCode\\.tmp\\z1-native-1790566888278-3b5c94\\pre-z8-u4-probe-command-only-1920.png",
    "C:\\Users\\USER\\Desktop\\Personal\\ZCode\\.tmp\\z1-native-1790566888278-3b5c94\\pre-z8-u4-pass-tests-passed-1280.png",
    "C:\\Users\\USER\\Desktop\\Personal\\ZCode\\.tmp\\z1-native-1790566888278-3b5c94\\pre-z8-u4-pass-tests-passed-1920.png",
    "C:\\Users\\USER\\Desktop\\Personal\\ZCode\\.tmp\\z1-native-1790566888278-3b5c94\\pre-z8-u2-result-1280.png",
    "C:\\Users\\USER\\Desktop\\Personal\\ZCode\\.tmp\\z1-native-1790566888278-3b5c94\\pre-z8-u2-result-1920.png",
    "C:\\Users\\USER\\Desktop\\Personal\\ZCode\\.tmp\\z1-native-1790566888278-3b5c94\\pre-z8-u2-reopened-no-replay.png"
  ],
  "runId": "3a6c5f18-983e-43bc-8724-1ece2ed593ab",
  "modelRequests": 0
}
