(node:11088) ExperimentalWarning: SQLite is an experimental feature and might change at any time
(Use `node --trace-warnings ...` to show where the warning was created)
Pre-Z8 U2 pass isolated profile: C:\Users\USER\Desktop\Personal\ZCode\.tmp\z1-native-1790566675816-6eb674
{
  "status": "FAIL",
  "scenario": "pre-z8-u2-pass",
  "home": "C:\\Users\\USER\\Desktop\\Personal\\ZCode\\.tmp\\z1-native-1790566675816-6eb674",
  "receipt": "C:\\Users\\USER\\Desktop\\Personal\\ZCode\\.tmp\\z1-native-1790566675816-6eb674\\pre-z8-u2-summary.json",
  "error": "AssertionError [ERR_ASSERTION]: clean content must not be marked redacted\n    at assertArtifactRedaction (file:///C:/Users/USER/Desktop/Personal/ZCode/scripts/graph-engineering/pre-z8-u2-proof.mjs:158:12)\n    at verifyU2Test (file:///C:/Users/USER/Desktop/Personal/ZCode/scripts/graph-engineering/pre-z8-u2-proof.mjs:342:5)\n    at async verifyU2Result (file:///C:/Users/USER/Desktop/Personal/ZCode/scripts/graph-engineering/pre-z8-u2-proof.mjs:196:5)\n    at async inspectResult (file:///C:/Users/USER/Desktop/Personal/ZCode/scripts/graph-engineering/pre-z8-u2-native.mjs:178:5)\n    at async file:///C:/Users/USER/Desktop/Personal/ZCode/scripts/graph-engineering/pre-z8-u2-native.mjs:190:16",
  "assertions": [
    "Inert secondary workspace exposes both safe candidates and explicit project/framework selection without saving checks or executing; primary design/history remain unchanged on return.",
    "Scan retains genuine SDK-reference uncertainty; explicit reviewed preset/static validation/save preserve independent assertions, existing custom checks, unrelated config and both saved/unsaved design with zero execution.",
    "Metadata availability admitted no work; a separate reviewed and individually permitted native SDK probe returned the pinned version without fabricated Build/Test evidence.",
    "U4 presentation projects tests-passed, exact per-check facts and not-required human decision from this genuine native run without admitting or revalidating work."
  ],
  "screenshots": [
    "C:\\Users\\USER\\Desktop\\Personal\\ZCode\\.tmp\\z1-native-1790566675816-6eb674\\pre-z8-u2-empty-native-chat.png",
    "C:\\Users\\USER\\Desktop\\Personal\\ZCode\\.tmp\\z1-native-1790566675816-6eb674\\pre-z8-u2-safe-scan-selection.png",
    "C:\\Users\\USER\\Desktop\\Personal\\ZCode\\.tmp\\z1-native-1790566675816-6eb674\\pre-z8-u2-discovery-uncertainty.png",
    "C:\\Users\\USER\\Desktop\\Personal\\ZCode\\.tmp\\z1-native-1790566675816-6eb674\\pre-z8-u2-reviewed-manifest.png",
    "C:\\Users\\USER\\Desktop\\Personal\\ZCode\\.tmp\\z1-native-1790566675816-6eb674\\pre-z8-u2-sdk-probe-review.png",
    "C:\\Users\\USER\\Desktop\\Personal\\ZCode\\.tmp\\z1-native-1790566675816-6eb674\\pre-z8-u2-sdk-probe-permission.png",
    "C:\\Users\\USER\\Desktop\\Personal\\ZCode\\.tmp\\z1-native-1790566675816-6eb674\\pre-z8-u2-sdk-probe-completed.png",
    "C:\\Users\\USER\\Desktop\\Personal\\ZCode\\.tmp\\z1-native-1790566675816-6eb674\\pre-z8-u2-build-test-review.png",
    "C:\\Users\\USER\\Desktop\\Personal\\ZCode\\.tmp\\z1-native-1790566675816-6eb674\\pre-z8-u2-stale-review-rejected.png",
    "C:\\Users\\USER\\Desktop\\Personal\\ZCode\\.tmp\\z1-native-1790566675816-6eb674\\pre-z8-u2-refreshed-build-test-review.png",
    "C:\\Users\\USER\\Desktop\\Personal\\ZCode\\.tmp\\z1-native-1790566675816-6eb674\\pre-z8-u2-build-native-permission.png",
    "C:\\Users\\USER\\Desktop\\Personal\\ZCode\\.tmp\\z1-native-1790566675816-6eb674\\pre-z8-u2-test-1-native-permission.png",
    "C:\\Users\\USER\\Desktop\\Personal\\ZCode\\.tmp\\z1-native-1790566675816-6eb674\\pre-z8-u4-probe-command-only-1280.png",
    "C:\\Users\\USER\\Desktop\\Personal\\ZCode\\.tmp\\z1-native-1790566675816-6eb674\\pre-z8-u4-probe-command-only-1920.png",
    "C:\\Users\\USER\\Desktop\\Personal\\ZCode\\.tmp\\z1-native-1790566675816-6eb674\\pre-z8-u4-pass-tests-passed-1280.png",
    "C:\\Users\\USER\\Desktop\\Personal\\ZCode\\.tmp\\z1-native-1790566675816-6eb674\\pre-z8-u4-pass-tests-passed-1920.png",
    "C:\\Users\\USER\\Desktop\\Personal\\ZCode\\.tmp\\z1-native-1790566675816-6eb674\\pre-z8-u2-failure.png"
  ],
  "runId": "614acae3-ef31-4088-8c89-46f31b3b15db",
  "modelRequests": 0
}
