✔ artifact immutable retry, ownership and tamper detection (154.8577ms)
✔ declared capture retains HTML as data and displays unsafe/binary/oversized failures (241.048ms)
✔ workspace junction capture and fingerprint refuse external files (43.5941ms)
✔ secret-bearing retained copy is marked incomplete, while binary fingerprints retain only metadata (53.9011ms)
✔ file observations distinguish missing, stale and refreshed output without changing content digest (79.7324ms)
✔ explicit declared diff snapshots retain exact inert text under the same capture rules (57.1298ms)
✔ native JSON formatting normalization preserves exact pretty report bytes without marking redacted (48.2533ms)
✔ semantic redaction preservation cannot restore actual secrets or duplicate-hidden secrets (102.6183ms)
✔ Tool intents persist before native effects; duplicate Run and viewing cannot admit extra commands (345.291ms)
✔ known failed native command never advances even if unrelated model says PASS (49.8397ms)
✔ cancel targets only owned Tool and retains cancellation without stopping native agents (44.92ms)
✔ lost Tool start acknowledgement and cold load never replay; guard blocks arbitrary prompts (11.5348ms)
✔ metadata write failures happen before dispatch; terminal write failure stops successor (82.7543ms)
✔ failed Tool intent or acknowledgement writes keep the last durable cached dispatch phase (38.7417ms)
✔ strict structured result binds exact attempt field while native completion remains separate (159.9671ms)
✔ invalid strict output stops all dependents without repair and retains successful native proof (94.7053ms)
✔ source adapter forwards the captured workspace and retains native incomplete evidence (2.6752ms)
✔ native adapter retains the native allocated session and sends frozen input only after real subscription readiness (22.452ms)
✔ rejected native input preserves useful message and reason code without unbounded diagnostic output (1.0374ms)
✔ native adapter fails closed for auto-answer, cold restore, mismatched input acceptance and changed runtime (1.2853ms)
✔ native cancellation targets only the foreground execution of the original input (4.6159ms)
✔ observer matches original input, reflects waiting and freezes exact terminal outcome (14.6627ms)
✔ duplicate/out-of-order and foreign subscription frames cannot alter facts (0.628ms)
✔ gap, epoch change and cold terminal snapshot fail closed without fabricated success (1.502ms)
✔ verified warm original-runtime snapshot can reconcile original input (0.5044ms)
✔ terminal output freezes only the last complete assistant text in the exactly owned turn (2.2619ms)
✔ missing, blank, incomplete and oversized final text never falls back to earlier prose (1.8901ms)
✔ failed or interrupted owned input exposes no handoff text (0.6724ms)
✔ Z7 actual native Git capture refuses undeclared additions and preserves approved full text (4917.6437ms)
✔ Z7 actual binary capture and active native workspace cleanup fail closed (1094.5415ms)
✔ Z7 complete native Git deletion retains the pinned before text and explicit action (802.0322ms)
✔ project setup reads/validates/prepares only, preserves config, and binds source/environment changes (207.151ms)
✔ discovery lists every literal scope and uncertainty without executing project metadata (135.0232ms)
✔ cancelled, limited and linked scans never become a complete empty inventory (55.3412ms)
✔ reference catalog uses existing-only metadata without recipe or execution access, including Unknown (2.3478ms)
✔ reference selection requires bounded safe UTF-8 workspace files and exact native metadata identity (140.5295ms)
✔ project recipe writes preserve unrelated keys and reject stale/concurrent revisions (169.6586ms)
✔ recipe schema rejects shell recipes, unsafe paths, duplicated IDs, zero test contracts and unknown placeholders (6.7546ms)
✔ missing output preflight checks existing ancestors and project config links (15.629ms)
✔ recovery reads an exact warm terminal without creation, input, or model traffic (14.9707ms)
✔ recovery refuses cold, foreign epoch, missing input, and inactive-looking current runtime (1.8245ms)
✔ active exact foreground is inspectable and targeted cancellation remains usable (2.3676ms)
✔ running header without exact foreground is uncertain, never inactive or cancellable (0.9405ms)
✔ replacement runtime and unavailable lifecycle never establish retirement (0.3361ms)
✔ persisted missing, copied, or mismatched release proof cannot unlock a run (204.07ms)
✔ terminal release proof must match session, command, input, epoch and frozen terminal (9.2783ms)
✔ an interrupted exact warm terminal may release without rewriting the unknown attempt (0.7312ms)
✔ never-submitted proof accepts only matching pre-send phases and excludes admitted evidence (4.5402ms)
✔ unchanged Z1 history remains valid, while new legacy release requires exact proof (0.7572ms)
✔ rapid atomic metadata replacement tolerates transient OS reader sharing without losing revisions (1210.7112ms)
✔ atomic graph metadata files preserve definitions and isolate workspace identities (67.6746ms)
✔ malformed persisted metadata fails closed instead of inventing an empty graph (39.9738ms)
✔ terminal records require correlated proof and coherent identity / timestamps (109.361ms)
✔ only one Host owns graph metadata until release, with concurrent same-owner acquisition (176.7874ms)
✔ disposal releases ownership acquired during an in-flight acquisition and rejects later writes (32.1206ms)
✔ repository reuses native abandoned-lock recovery and does not hide filesystem failures (56.0194ms)
✔ scenario 4: valid needs_changes outcome is distinguishable from malformed output (643.5328ms)
✔ scenario 5: genuine failing Test stops the workflow before the reviewer runs (478.9319ms)
✔ reviewer request contains original task, current verification, permitted artifact refs, and strict output contract (384.275ms)
✔ scenario 1: genuine passing Test + valid reviewer JSON reaches final human-review gate (617.9357ms)
✔ scenario 2: prose and fenced JSON output is rejected by strict reviewer validation (1440.8834ms)
✔ scenario 3: unbound evidence reference is rejected without weakening ownership checks (510.5426ms)
✔ library version selection is exact — no silent fallback from v1 to v2 (56.1959ms)
✔ Tool session adapter explicitly requests non-model initialization and deferred creation (1.911ms)
✔ secure snapshot binds exact bytes, including BOM and chunk boundaries (44.3724ms)
✔ original BOM digest remains distinct from decoded-without-BOM and redacted preview (114.8465ms)
✔ capture rejects invalid UTF-8 without producing normalized assertions (49.1737ms)
✔ snapshot enforces declared path, regular-file and exact byte bounds (51.1022ms)
✔ stale and future report timestamps remain issues with original identity (59.4308ms)
✔ capture and snapshot refuse linked report ancestors and workspace aliases (53.4129ms)
✔ replacement after validation and before open cannot reuse original identity (42.8659ms)
✔ replacement after open with identical bytes and timestamp is rejected (30.4641ms)
✔ growth during the bounded stream cannot bypass the initial size check (30.9265ms)
✔ retained genuine reports preserve original digest, assertions and privacy boundary (532.0507ms)
✔ passing structured observations keep raw preview incomplete and bind exact immutable receipt (843.8782ms)
✔ complete failed assertions yield valid failure observation but never accepted success (499.9902ms)
✔ native nonzero exit with passing assertions denies accepted or repair-authorizing TRX evidence (170.8674ms)
✔ native missing process exit observation denies accepted or repair-authorizing TRX evidence (186.6113ms)
✔ native not started denies accepted or repair-authorizing TRX evidence (157.764ms)
✔ native crash signal denies accepted or repair-authorizing TRX evidence (180.6345ms)
✔ native cancelled denies accepted or repair-authorizing TRX evidence (157.5438ms)
✔ native timeout denies accepted or repair-authorizing TRX evidence (125.4752ms)
✔ native truncated stdout denies accepted or repair-authorizing TRX evidence (129.8071ms)
✔ native truncated stderr denies accepted or repair-authorizing TRX evidence (154.9412ms)
✔ native unknown operation denies accepted or repair-authorizing TRX evidence (168.7437ms)
✔ native spawn error denies accepted or repair-authorizing TRX evidence (153.2867ms)
✔ zero, all-skipped, missing-required, duplicate and invalid capture cannot authorize repair (917.1376ms)
✔ pre-existing report is rejected before dispatch at the unique resolved operation path (54.493ms)
✔ MathOps.cs mutation before finish denies stale report authority (126.1581ms)
✔ MathOps.cs mutation during capture denies stale report authority (117.3105ms)
✔ bin/Fixture.Tests.dll mutation before finish denies stale report authority (111.0129ms)
✔ bin/Fixture.Tests.dll mutation during capture denies stale report authority (163.3909ms)
✔ redaction of normalized assertion identities cannot yield valid evidence (66.8828ms)
✔ captureToolReport cannot mint a receipt without native authority (42.1825ms)
✔ cold test read rejects missing reference (81.6763ms)
✔ cold test read rejects missing receipt file (85.2614ms)
✔ cold test read rejects corrupt receipt (81.861ms)
✔ cold test read rejects corrupt preview (74.3333ms)
✔ cold test read rejects corrupt normalized (78.808ms)
✔ cold verification read rejects missing reference (65.6966ms)
✔ cold verification read rejects missing receipt file (72.2773ms)
✔ cold verification read rejects corrupt receipt (66.5563ms)
✔ cold verification read rejects corrupt preview (72.6496ms)
✔ cold verification read rejects corrupt normalized (77.0339ms)
✔ cold normalized-report read rejects missing reference (61.4444ms)
✔ cold normalized-report read rejects missing receipt file (60.4575ms)
✔ cold normalized-report read rejects corrupt receipt (65.0296ms)
✔ cold normalized-report read rejects corrupt preview (69.0193ms)
✔ cold normalized-report read rejects corrupt normalized (64.4394ms)
✔ cold normalization read rejects missing reference (68.7321ms)
✔ cold normalization read rejects missing receipt file (60.3039ms)
✔ cold normalization read rejects corrupt receipt (58.7113ms)
✔ cold normalization read rejects corrupt preview (68.2623ms)
✔ cold normalization read rejects corrupt normalized (67.7689ms)
✔ completed cold record requires exact receipt metadata and unique operation path (59.1907ms)
✔ receipt semantic checks bind invocation, source, Build, scope, original time and artifacts (67.7374ms)
✔ dotnet Build trusts structured process facts while output privacy remains incomplete (38.819ms)
✔ dotnet Build cannot convert contradictory cancelled into success (32.9515ms)
✔ dotnet Build cannot convert contradictory timedOut into success (31.8976ms)
✔ dotnet Build cannot convert contradictory signal into success (39.8713ms)
✔ unsupported TRX exit -1073741819 cannot authorize repair from a complete failed report (47.1232ms)
✔ unsupported TRX exit 3221225477 cannot authorize repair from a complete failed report (45.0553ms)
✔ unsupported TRX exit 2 cannot authorize repair from a complete failed report (44.5452ms)
✔ unsupported TRX exit 137 cannot authorize repair from a complete failed report (44.1806ms)
✔ dotnet Build outputs dated after native completion cannot establish freshness (31.3906ms)
✔ genuine parsed assertions feed unit-simulated native/source/Build authority without execution (178.0253ms)
✔ agent-assisted preflight ignores unrelated invalid recipes while preserving native and reference capture (107.8747ms)
✔ guided native-aware references are opt-in, exact and revalidated while legacy provenance stays unchanged (104.9648ms)
✔ Z6 preflight inventories an explicit native setup without execution or raw credentials/content (182.5469ms)
✔ Z6 preflight binds full endpoint/model semantics and native configuration drift while displaying only origin (210.8534ms)
✔ Z6 preflight rejects cold native inventory, missing references/recipes and disabled skills before execution (225.8741ms)
✔ Z6 preflight reports missing native tooling before any agent or recipe execution (80.232ms)
✔ Z6 preflight rejects a changed native selection and mismatched Build/Test recipe authority (368.6238ms)
✔ Z6 tool preparation defers only outputs from a distinct dominating Build node (14.0493ms)
✔ captureTemplate exports selected reference roles as required rebinding roles (15.8964ms)
✔ captureTemplate exports empty references for unpinned definitions (1.1051ms)
✔ captureTemplate filters reference nodeIds to remaining task nodes (0.7898ms)
✔ applyGraphRunRequest updates pinned instance parameters.request (0.3687ms)
✔ applyGraphRunRequest updates unpinned Start text (0.1948ms)
✔ applyGraphRunRequest rejects blank request (0.3806ms)
✔ applyGraphRunRequest rejects request exceeding 12000 characters (0.1027ms)
✔ applyGraphRunRequest accepts request at exactly 12000 characters (0.1361ms)
✔ applyGraphRunRequest rejects definitions without exactly one Start (0.2001ms)
✔ applyGraphRunRequest rejects pinned instance with non-string request parameter (0.2289ms)
✔ applyGraphRunRequest rejects pinned instance with missing request parameter (0.1755ms)
✔ library version edits/duplicates/archive and bad imports cannot mutate a chosen workspace or historic pin (188.0748ms)
✔ Host admission pins reviewed preflight, idempotent retry sends once, reference drift prevents successor (56.7668ms)
✔ regression: saved old-reviewer definition stays unchanged while builtin v2 ships corrected inputs (22.3963ms)
✔ independent library owners serialize revisions and preserve immutable versions across restart (87.8309ms)
✔ transfer bounds match the U5 spec (0.7694ms)
✔ decodeImportBytes accepts valid UTF-8 JSON (0.1405ms)
✔ decodeImportBytes accepts exactly 256,000 bytes at the boundary (0.5436ms)
✔ decodeImportBytes rejects 256,001 bytes over the transfer limit (0.8081ms)
✔ decodeImportBytes rejects invalid UTF-8 byte sequences (0.1693ms)
✔ decodeImportBytes rejects blank or whitespace-only content (0.1459ms)
✔ decodeImportBytes accepts multibyte UTF-8 under the byte limit (0.2597ms)
✔ assertStatUnchanged passes when size/mtime/type all match (0.1807ms)
✔ assertStatUnchanged throws when size differs (0.1644ms)
✔ assertStatUnchanged throws when mtimeMs differs (0.1516ms)
✔ assertStatUnchanged throws when type differs (0.0974ms)
✔ assertStatUnchanged throws when after.size is missing mid-read (0.8895ms)
✔ cold gate continuation rejects changed frozen Tool recipe even with its recomputed digest (67.4195ms)
✔ Build cannot combine one output digest with freshness observed from changed bytes (299.591ms)
✔ Test freshness fingerprint must describe the exact retained report bytes (667.5709ms)
✔ all-skipped discovered tests do not count as executed passing tests (0.5179ms)
✔ persisted Agent artifact native input and command identities match its exact attempt (38.8887ms)
✔ native owner failure cannot become Graph success merely because child process exited zero (33.177ms)
✔ successful-looking result with unobserved process exit never advances the graph (29.788ms)
✔ source evidence changed while native Tool session is created makes the gate stale before process start (20.1652ms)
✔ real file observations reject a no-op Build reusing stale output and accept refreshed identical bytes (408.3039ms)
✔ agent-assisted creation needs no recipe, pins v5, and does not weaken verified templates (21.3003ms)
✔ agent-led results travel once through fresh sessions and require exact final human decision (102.2822ms)
✔ decision persistence failure has no effect; committed lost reply retry is idempotent (82.2765ms)
✔ committed decision plus undispatched successor survives restart but only explicit Continue dispatches (19.5411ms)
✔ uncertain creation and send boundaries retain Z2 guard and cannot Continue/replay (30.154ms)
✔ source is rechecked after committed decision and before successor native send (16.9453ms)
✔ pending request metadata failure publishes no actionable gate and no successor (16.2184ms)
✔ restart refuses continuation if selected source has changed, preserving frozen request (10.5855ms)
✔ a second source check during Continue preserves Stale evidence instead of generic interruption (14.5337ms)
✔ decision IDs cannot be reused across gate requests (7.4985ms)
✔ consecutive approvals retain source obligation until native dispatch and never revive stale gates on restart (27.1656ms)
✔ persisted sending identity cannot authorize native replay after live failure or cold restart (8.9889ms)
✔ native input exemption is one use and matches frozen runtime/client/payload (2.7246ms)
✔ Z3 readiness preserves v2, requires explicit evidence and earlier task sources (10.9716ms)
✔ gate freezes exact upstream evidence, performs zero native work until one explicit winner (50.8212ms)
✔ entry and final gates are real controls; final output completes only after final approval (42.7165ms)
✔ cancel/reject waiting gates have no stop or successor; late decisions cannot resurrect (31.1671ms)
✔ required comment, stale request version and incomplete source evidence never authorize (17.3229ms)
✔ graph changes and source changes invalidate review while frozen evidence remains unchanged (26.067ms)
✔ cold pending gate keeps exact request and demands explicit Continue before decision (10.2191ms)
✔ changed frozen native settings cannot inherit a previously displayed request (8.129ms)
✔ strict output preserves typed object and rejects prose, trailing data, duplicate escaped keys (2.7008ms)
✔ strict output bounds depth/bytes/members and validates declared shape without repair (3.8427ms)
✔ JSON pointers use own properties, escaped segments and canonical indices only (0.4129ms)
✔ reserved object keys are rejected in JSON, schema properties and decoded pointers (0.3855ms)
✔ checks preserve design and one native intent after lost creation ACK, with strict cold purpose (62.8572ms)
✔ stale review, unknowns, revision and first-write failure perform zero native work (9.3257ms)
✔ source/config drift during native create keeps exact session ownership and makes zero starts (12.7882ms)
✔ a legal maximum-size exclusive DAG has 34 nodes but only 32 planned intermediate steps (28.4119ms)
✔ context projects canonical source identities and selected aliases without resolving future data (15.475ms)
✔ initial-only results cannot masquerade as available on repair routes (10.9341ms)
✔ unreachable, cyclic and dangling topology disables dependent choices, retaining selected inputs (3.2382ms)
✔ missing and advanced selected sources remain visible instead of being dropped (0.8852ms)
✔ same source chips reuse aliases and insert a missing token exactly once, preserving expanded handoffs (1.9016ms)
✔ new aliases are bounded and collision-free, without changing Start or other bindings (1.0957ms)
✔ literal brace conversion refuses to reinterpret user text, while plain literal text is preserved (1.5395ms)
✔ incomplete prompt fields do not disable otherwise valid topology, and binding limits still apply (1.0195ms)
✔ whole-artifact empty pointer reuses the selected alias and preserves its original declaration (0.7881ms)
✔ compatible custom Test recipes enable verification selection without treating display names as roles (2.2626ms)
✔ empty Start is unavailable consistently in sequential and routed draft projections (3.2939ms)
✔ shared scanner is lossless and handles repeated, adjacent, malformed and CRLF text (1.157ms)
✔ draft Start resolves exactly once, while every future task and evidence token is visibly unresolved (11.3935ms)
✔ literal preview never scans text into inputs and malformed bound drafts return issues without rewriting (1.7338ms)
✔ legacy prompt bytes remain exact even if unrelated supplied metadata has new delivery markers (3.1796ms)
✔ native-aware delivery uses frozen metadata without another native instruction read or invented skill name (1.1938ms)
✔ shared runtime interpolation still binds captured values only once without modifying captured evidence (0.411ms)
✔ native-aware instruction, document and skill delivery stays explicit even with an unresolved reference (1.5848ms)
✔ empty Start and oversized expansion stay visibly unresolved or unavailable rather than being silently truncated (1.4442ms)
✔ native-aware references require matching identities, kinds and delivery modes in frozen provenance (2.2386ms)
✔ typed condition replaces exactly one scalar branch and preserves other branches, evidence and graph (26.2433ms)
✔ condition compiler rejects unsupported trees, unknown branches, inputs, scalars and unsafe pointers (5.8911ms)
✔ presence predicate emits no value field and preserves explicit default exit (1.0473ms)
✔ repair projection recognizes existing defaults, and bounded edits preserve all expanded checks and final gate (7.023ms)
✔ unsupported custom repair declarations and invalid budgets remain explicit without destructive conversion (3.6327ms)
✔ actual native Z1 completed JSON opens without changes or dispatch (26.6333ms)
✔ actual persisted Z1 pending guard stays owned on reopen, with IDs/literal instructions intact (7.8253ms)
✔ Z7 Join refuses implicit conflict resolution and requires the exact reviewed source (1.8653ms)
✔ Z7 disjoint proposals preserve additions, deletions and deterministic full contents (11.3693ms)
✔ Z7 plan bounds concurrency, aliases and explicit additions (4.2328ms)
✔ Z7 two reserved child runs use unique sessions and cap concurrency; repeated reviews never dispatch twice (108.407ms)
✔ Z7 concurrency one admits the second worker only after exact first completion (33.8469ms)
✔ Z7 failed worker cancels exact waiting sibling; uncertain cancellation cannot release (34.0418ms)
✔ Z7 changed owned path remains in history and does not suppress sibling cancellation (22.3712ms)
✔ Z7 base drift blocks admission and restarts retain IDs without resubmission (19.9306ms)
✔ Z7 reviewed rejection is durable and conflicting retries cannot authorize work (7.1281ms)
✔ Z7 lost native acknowledgment blocks sibling admission and never replays the saved intent (17.4363ms)
✔ Z7 original-source drift, run deadline and preservation are independent hard gates (36.6952ms)
✔ Z7 multiple UI snapshots cannot rewrite frozen ownership or selected branches (18.5263ms)
✔ Z7 explicitly unselected branch never prepares a directory or native input (10.5914ms)
✔ Z7 a reserved child request cannot admit a different frozen model or revision (18.2546ms)
✔ .NET proposal binds explicit scope, no restore, unique operation report and reviewed manifest (12.6262ms)
✔ calibration compiles ordered saved checks with graph-local Build association and preserves inputs (8.4929ms)
✔ probe is a bounded exact native Tool plan and never evaluates user text as a shell (1.2114ms)
✔ one compatibility contract rejects command-only/wrong-kind verified slots without mutation (1.9165ms)
✔ explicit test artifact consumers preserve requirements after rename, without display-name guesses (0.3142ms)
✔ only new explicit no-recipe plans omit recipe drift; historical plans remain conservative (53.7199ms)
✔ reproduction: strict parseGraphJson rejects prose and Markdown-fenced JSON (2.7576ms)
✔ reproduction: captureOutput accepts valid JSON referencing only the bound verification artifact (11.1182ms)
✔ reproduction: captureOutput rejects JSON that also references the embedded, unbound report artifact (1.412ms)
✔ reproduction: captureOutput rejects prose-wrapped fenced JSON as the final output (0.6341ms)
✔ regression: duplicate keys, multiple objects and malformed JSON are rejected with strict diagnostics (0.4057ms)
✔ regression: oversized evidenceReference and findings exceed schema bounds and are rejected (0.4119ms)
✔ regression: valid needs_changes over a passing Test is accepted as a distinct in-scope finding (0.5101ms)
✔ regression: valid needs_human is accepted and distinct from parser or machine failure (0.44ms)
✔ regression: resolved reviewer prompt lists only the bound verification ID and forbids invented Git-tracking (0.6443ms)
✔ an approved intermediate gate can admit its fresh native successor without becoming stale (127.7932ms)
✔ checkpoint without a reviewer accepts failed machine evidence only on a non-success exit (25.1486ms)
✔ oversized combined repair feedback persists Invalid/NeedsHuman without advancing route history (38.4127ms)
✔ repair appends fresh attempts without changing prior proof or frozen configuration (1.5856ms)
✔ a branch-local Build cannot authorize a merged Test before any native session starts (39.7199ms)
✔ Condition Test references reject a Build recipe before any native session starts (3.8701ms)
✔ version-5 initial frozen records round-trip without rewriting old versions (45.7518ms)
✔ tampered iteration identity, counters, deadlines and unmapped attempts reject (16.1099ms)
✔ unknown native creation/sending and a started unobserved Tool never become a safe checkpoint (0.7541ms)
✔ a begun approval or Condition cannot masquerade as an undispatched route checkpoint (0.8277ms)
✔ a declared finite region has one back edge and exact machine/reviewer dependencies (37.2308ms)
✔ Build dominance includes the repair entry and excludes the declared back edge (0.2914ms)
✔ numeric ordering is finite/typed and boolean combinations inspect both operands (0.7084ms)
✔ cold route validation does not allow schema-valid reviewer PASS to replace failed machine proof (0.4672ms)
✔ exclusive routes merge once and require the actual final gate (164.2546ms)
✔ invalid output, lost acceptance and exhausted admissions cannot route or repair (42.3315ms)
✔ persisted route checkpoint requires explicit continuation and duplicate request sends once (24.6241ms)
✔ deadline and source/configuration changes stop before another native admission (24.1144ms)
✔ cold prepared final gate uses the original approval continuation, not its incoming route (23.4297ms)
✔ deadline crossing async verification or durable sending intent never calls native send (24.4834ms)
✔ late authoritative completion after an uncertain admission reconciles but never routes (11.5525ms)
✔ typed conditions keep false/default distinct from missing or wrong types (1.6714ms)
✔ predicate bounds and non-short-circuited invalid operands cannot select success (9.6866ms)
✔ malformed predicate operator types fail definition validation and cannot select an exit (3.7753ms)
✔ exclusive branches can merge but every End path requires the final gate (5.2375ms)
✔ current attempt uses the exact iteration map and never first/last history fallback (0.2613ms)
✔ final approval must follow all native executable work on every End path (5.2326ms)
✔ real failed assertions are provenance-valid while malformed or foreign reports are not (2.3713ms)
✔ edge order alone controls readiness; shaped incomplete drafts remain saveable (9.8147ms)
✔ reject invalid topology, duplicate identifiers, unsupported versions and future inputs (2.3743ms)
✔ exact frozen output is bound once with source correlation; literal text is untouched (0.7504ms)
✔ malformed/unmapped aliases and explicit size limits reject without truncation (0.9354ms)
✔ transient accepted-write failure closes sequencing before an already queued terminal fact (34.4745ms)
✔ first persistence failure has no cached reservation; creating intent failure has no calls (2.4525ms)
✔ lost create/send replies never recreate or repeat; terminal persistence failure blocks next (16.2287ms)
✔ interrupted active/unproven inputs refuse release and exact recovered cancel works (14.4624ms)
✔ failed release audit write leaves guard owned and retirement identity must match (4.0884ms)
✔ sequential native admission freezes all settings and exact dynamic handoffs; predecessors stay owned (45.135ms)
✔ validation rejects invalid graph or unavailable future configuration before first create (1.6635ms)
✔ duplicate submission returns original and contradictory reuse rejects (3.9162ms)
✔ missing final output and definitive native failure skip successors without sending (14.5287ms)
✔ waiting, stale/foreign facts and cancellation keep successors unsent; late success cannot advance (5.4856ms)
✔ cancel already queued at a predecessor terminal boundary wins before next dispatch (4.7467ms)
✔ restart with successful predecessor and planned successor never continues (9.7086ms)
✔ question protection follows unresolved native session ownership without waiting on dispatch (15.4186ms)
✔ lost native creation reply never recreates a session or submits input (1.8922ms)
✔ failed first attempt write creates no work or cached reservation and the same request can retry (1.4568ms)
✔ failed metadata persistence cannot release native input ownership or publish terminal proof (0.9518ms)
✔ another metadata owner permits read-only projection but no mutation or reconciliation (0.9842ms)
✔ saved layout survives reopen and stale revisions / extra topology are rejected (0.7355ms)
✔ double run persists correlation first and only creates / dispatches once (1.7661ms)
✔ shutdown retains metadata ownership until in-flight operations settle (0.9694ms)
✔ only exact live input can finish; waiting, stale events and frozen outcomes (1.3744ms)
✔ lost dispatch reply remains Unknown and never retries on duplicate or restart (1.2227ms)
✔ cancel requires exact execution identity and remains requested until terminal (1.4903ms)
✔ remote targets and unavailable provider/question configuration do not create sessions (0.4841ms)
✔ genuine report identity and positive required tests are independently checked (6.0039ms)
✔ model PASS cannot make failed skipped zero malformed or duplicate-test reports pass (1.8814ms)
✔ genuine-derived passing, failed, zero and all-skipped reports preserve assertion outcomes (7.0776ms)
✔ qualified identities retain full scope and test identity without display-name dependence (4.8308ms)
✔ supported XML predefined/numeric entities, UTF-8 BOM, comments and CDATA decode once (3.8669ms)
✔ assembly comparison is complete, separator-aware and governed by explicit path sensitivity (4.5797ms)
✔ original byte decoding is fatal and bounded (1.9571ms)
✔ restricted XML rejects DOCTYPE (0.3954ms)
✔ restricted XML rejects entity declaration (0.3966ms)
✔ restricted XML rejects undeclared entity (0.5778ms)
✔ restricted XML rejects unterminated entity (0.5672ms)
✔ restricted XML rejects NUL reference (0.5013ms)
✔ restricted XML rejects surrogate reference (0.3941ms)
✔ restricted XML rejects out-of-range reference (0.3654ms)
✔ restricted XML rejects processing instruction (0.2574ms)
✔ restricted XML rejects second XML declaration (0.3098ms)
✔ restricted XML rejects wrong XML version (0.717ms)
✔ restricted XML rejects wrong encoding (0.2221ms)
✔ restricted XML rejects duplicate attribute (0.2505ms)
✔ restricted XML rejects missing attribute separator (0.2433ms)
✔ restricted XML rejects unquoted attribute (0.2447ms)
✔ restricted XML rejects literal less-than in attribute (0.2203ms)
✔ restricted XML rejects mismatched closing tag (0.4002ms)
✔ restricted XML rejects partial report (0.3801ms)
✔ restricted XML rejects multiple root (0.4355ms)
✔ restricted XML rejects trailing text (0.4065ms)
✔ restricted XML rejects character reference before root (0.2124ms)
✔ restricted XML rejects character reference after root (0.4507ms)
✔ restricted XML rejects invalid comment (0.2414ms)
✔ restricted XML rejects CDATA close in ordinary text (0.623ms)
✔ restricted XML rejects wrong namespace (0.3757ms)
✔ restricted XML rejects child namespace rebind (0.3617ms)
✔ restricted XML rejects qualified namespace spoof (0.3628ms)
✔ restricted XML rejects unknown structure (0.3357ms)
✔ restricted XML rejects attachment escape (0.4242ms)
✔ restricted XML rejects element limit (5.4566ms)
✔ restricted XML rejects depth limit (0.2908ms)
✔ restricted XML rejects attribute limit (0.3626ms)
✔ result, definition and entry joins must be complete and unique (6.6283ms)
✔ counts reconcile actual entries with only the documented notExecuted-zero quirk (6.2598ms)
✔ every report and test time is inside the exact native command window (5.3012ms)
✔ multiple tests expand actual Tools, bound reviewer prompts, final gate and repair dependencies (19.1518ms)
✔ renamed Build mapping is local and malformed groups are rejected before instantiation (3.9804ms)
✔ shipped portable workflows preserve actual v5 readiness, exact samples and native boundaries (17.8502ms)
✔ slot selection uses one sequential graph and no optional predecessor binding or inferred rule (0.188ms)
✔ bugfix retains bounded repairs, current machine evidence and a required final gate (0.0934ms)
✔ portable import rejects unknown authority and versions without changing the caller draft (11.2469ms)
✔ capture removes local request, overrides and template bindings; portable literals are reviewed (3.9588ms)
✔ instantiation pins copied parameters and rejects undeclared bindings or omitted choices (2.2838ms)
ℹ tests 360
ℹ suites 0
ℹ pass 360
ℹ fail 0
ℹ cancelled 0
ℹ skipped 0
ℹ todo 0
ℹ duration_ms 9564.458
