✔ artifact immutable retry, ownership and tamper detection (219.0491ms)
✔ declared capture retains HTML as data and displays unsafe/binary/oversized failures (324.6477ms)
✔ workspace junction capture and fingerprint refuse external files (36.9537ms)
✔ secret-bearing retained copy is marked incomplete, while binary fingerprints retain only metadata (64.0436ms)
✔ file observations distinguish missing, stale and refreshed output without changing content digest (62.7866ms)
✔ explicit declared diff snapshots retain exact inert text under the same capture rules (47.8442ms)
✔ native JSON formatting normalization preserves exact pretty report bytes without marking redacted (61.8369ms)
✔ semantic redaction preservation cannot restore actual secrets or duplicate-hidden secrets (99.8437ms)
✔ Tool intents persist before native effects; duplicate Run and viewing cannot admit extra commands (336.3631ms)
✔ known failed native command never advances even if unrelated model says PASS (45.8416ms)
✔ cancel targets only owned Tool and retains cancellation without stopping native agents (34.8982ms)
✔ lost Tool start acknowledgement and cold load never replay; guard blocks arbitrary prompts (11.5478ms)
✔ metadata write failures happen before dispatch; terminal write failure stops successor (33.0849ms)
✔ failed Tool intent or acknowledgement writes keep the last durable cached dispatch phase (15.7149ms)
✔ strict structured result binds exact attempt field while native completion remains separate (110.4328ms)
✔ invalid strict output stops all dependents without repair and retains successful native proof (109.2345ms)
✔ source adapter forwards the captured workspace and retains native incomplete evidence (1.3788ms)
✔ native adapter retains the native allocated session and sends frozen input only after real subscription readiness (26.0313ms)
✔ rejected native input preserves useful message and reason code without unbounded diagnostic output (3.3271ms)
✔ native adapter fails closed for auto-answer, cold restore, mismatched input acceptance and changed runtime (15.6262ms)
✔ native cancellation targets only the foreground execution of the original input (10.4945ms)
✔ observer matches original input, reflects waiting and freezes exact terminal outcome (19.3457ms)
✔ duplicate/out-of-order and foreign subscription frames cannot alter facts (0.6558ms)
✔ gap, epoch change and cold terminal snapshot fail closed without fabricated success (1.3806ms)
✔ verified warm original-runtime snapshot can reconcile original input (0.4156ms)
✔ terminal output freezes only the last complete assistant text in the exactly owned turn (1.943ms)
✔ missing, blank, incomplete and oversized final text never falls back to earlier prose (1.7226ms)
✔ failed or interrupted owned input exposes no handoff text (0.5094ms)
✔ Z7 actual native Git capture refuses undeclared additions and preserves approved full text (4896.6171ms)
✔ Z7 actual binary capture and active native workspace cleanup fail closed (1012.3912ms)
✔ Z7 complete native Git deletion retains the pinned before text and explicit action (804.0879ms)
✔ project setup reads/validates/prepares only, preserves config, and binds source/environment changes (328.8543ms)
✔ discovery lists every literal scope and uncertainty without executing project metadata (56.6599ms)
✔ cancelled, limited and linked scans never become a complete empty inventory (40.9097ms)
✔ reference catalog uses existing-only metadata without recipe or execution access, including Unknown (3.2475ms)
✔ reference selection requires bounded safe UTF-8 workspace files and exact native metadata identity (120.2478ms)
✔ project recipe writes preserve unrelated keys and reject stale/concurrent revisions (155.8123ms)
✔ recipe schema rejects shell recipes, unsafe paths, duplicated IDs, zero test contracts and unknown placeholders (4.6392ms)
✔ missing output preflight checks existing ancestors and project config links (15.3581ms)
✔ recovery reads an exact warm terminal without creation, input, or model traffic (16.3515ms)
✔ recovery refuses cold, foreign epoch, missing input, and inactive-looking current runtime (1.7582ms)
✔ active exact foreground is inspectable and targeted cancellation remains usable (4.6479ms)
✔ running header without exact foreground is uncertain, never inactive or cancellable (1.2723ms)
✔ replacement runtime and unavailable lifecycle never establish retirement (0.3063ms)
✔ persisted missing, copied, or mismatched release proof cannot unlock a run (192.6497ms)
✔ terminal release proof must match session, command, input, epoch and frozen terminal (6.1141ms)
✔ an interrupted exact warm terminal may release without rewriting the unknown attempt (0.9913ms)
✔ never-submitted proof accepts only matching pre-send phases and excludes admitted evidence (3.2393ms)
✔ unchanged Z1 history remains valid, while new legacy release requires exact proof (0.6785ms)
✔ rapid atomic metadata replacement tolerates transient OS reader sharing without losing revisions (1108.1084ms)
✔ atomic graph metadata files preserve definitions and isolate workspace identities (57.9163ms)
✔ malformed persisted metadata fails closed instead of inventing an empty graph (55.2135ms)
✔ terminal records require correlated proof and coherent identity / timestamps (110.0091ms)
✔ only one Host owns graph metadata until release, with concurrent same-owner acquisition (188.1219ms)
✔ disposal releases ownership acquired during an in-flight acquisition and rejects later writes (39.4289ms)
✔ repository reuses native abandoned-lock recovery and does not hide filesystem failures (44.5175ms)
✔ scenario 4: valid needs_changes outcome is distinguishable from malformed output (586.0581ms)
✔ scenario 5: genuine failing Test stops the workflow before the reviewer runs (397.7613ms)
✔ reviewer request contains original task, current verification, permitted artifact refs, and strict output contract (388.2215ms)
✔ scenario 1: genuine passing Test + valid reviewer JSON reaches final human-review gate (580.2147ms)
✔ scenario 2: prose and fenced JSON output is rejected by strict reviewer validation (1413.2541ms)
✔ scenario 3: unbound evidence reference is rejected without weakening ownership checks (499.3347ms)
✔ library version selection is exact — no silent fallback from v1 to v2 (67.1668ms)
✔ Tool session adapter explicitly requests non-model initialization and deferred creation (1.3764ms)
✔ secure snapshot binds exact bytes, including BOM and chunk boundaries (55.4964ms)
✔ original BOM digest remains distinct from decoded-without-BOM and redacted preview (55.2394ms)
✔ capture rejects invalid UTF-8 without producing normalized assertions (56.9799ms)
✔ snapshot enforces declared path, regular-file and exact byte bounds (62.1069ms)
✔ stale and future report timestamps remain issues with original identity (64.743ms)
✔ capture and snapshot refuse linked report ancestors and workspace aliases (33.5611ms)
✔ replacement after validation and before open cannot reuse original identity (32.7499ms)
✔ replacement after open with identical bytes and timestamp is rejected (36.965ms)
✔ growth during the bounded stream cannot bypass the initial size check (45.1124ms)
✔ retained genuine reports preserve original digest, assertions and privacy boundary (342.7592ms)
✔ passing structured observations keep raw preview incomplete and bind exact immutable receipt (699.9284ms)
✔ complete failed assertions yield valid failure observation but never accepted success (280.9508ms)
✔ native nonzero exit with passing assertions denies accepted or repair-authorizing TRX evidence (168.756ms)
✔ native missing process exit observation denies accepted or repair-authorizing TRX evidence (181.9089ms)
✔ native not started denies accepted or repair-authorizing TRX evidence (125.31ms)
✔ native crash signal denies accepted or repair-authorizing TRX evidence (167.1162ms)
✔ native cancelled denies accepted or repair-authorizing TRX evidence (226.7531ms)
✔ native timeout denies accepted or repair-authorizing TRX evidence (167.2123ms)
✔ native truncated stdout denies accepted or repair-authorizing TRX evidence (173.0588ms)
✔ native truncated stderr denies accepted or repair-authorizing TRX evidence (159.1092ms)
✔ native unknown operation denies accepted or repair-authorizing TRX evidence (129.4166ms)
✔ native spawn error denies accepted or repair-authorizing TRX evidence (142.602ms)
✔ zero, all-skipped, missing-required, duplicate and invalid capture cannot authorize repair (806.9459ms)
✔ pre-existing report is rejected before dispatch at the unique resolved operation path (62.9476ms)
✔ MathOps.cs mutation before finish denies stale report authority (135.0404ms)
✔ MathOps.cs mutation during capture denies stale report authority (114.3365ms)
✔ bin/Fixture.Tests.dll mutation before finish denies stale report authority (97.261ms)
✔ bin/Fixture.Tests.dll mutation during capture denies stale report authority (90.2684ms)
✔ redaction of normalized assertion identities cannot yield valid evidence (97.2482ms)
✔ captureToolReport cannot mint a receipt without native authority (45.2416ms)
✔ cold test read rejects missing reference (86.2914ms)
✔ cold test read rejects missing receipt file (79.1628ms)
✔ cold test read rejects corrupt receipt (86.9582ms)
✔ cold test read rejects corrupt preview (94.7519ms)
✔ cold test read rejects corrupt normalized (97.3647ms)
✔ cold verification read rejects missing reference (71.6262ms)
✔ cold verification read rejects missing receipt file (61.1173ms)
✔ cold verification read rejects corrupt receipt (76.5151ms)
✔ cold verification read rejects corrupt preview (72.8376ms)
✔ cold verification read rejects corrupt normalized (71.8853ms)
✔ cold normalized-report read rejects missing reference (59.7995ms)
✔ cold normalized-report read rejects missing receipt file (64.9957ms)
✔ cold normalized-report read rejects corrupt receipt (66.341ms)
✔ cold normalized-report read rejects corrupt preview (69.2966ms)
✔ cold normalized-report read rejects corrupt normalized (62.1721ms)
✔ cold normalization read rejects missing reference (59.4142ms)
✔ cold normalization read rejects missing receipt file (64.0656ms)
✔ cold normalization read rejects corrupt receipt (62.1036ms)
✔ cold normalization read rejects corrupt preview (69.4281ms)
✔ cold normalization read rejects corrupt normalized (74.227ms)
✔ completed cold record requires exact receipt metadata and unique operation path (52.1438ms)
✔ receipt semantic checks bind invocation, source, Build, scope, original time and artifacts (67.5284ms)
✔ dotnet Build trusts structured process facts while output privacy remains incomplete (39.9222ms)
✔ dotnet Build cannot convert contradictory cancelled into success (32.6495ms)
✔ dotnet Build cannot convert contradictory timedOut into success (34.2059ms)
✔ dotnet Build cannot convert contradictory signal into success (31.9428ms)
✔ unsupported TRX exit -1073741819 cannot authorize repair from a complete failed report (44.5876ms)
✔ unsupported TRX exit 3221225477 cannot authorize repair from a complete failed report (49.4074ms)
✔ unsupported TRX exit 2 cannot authorize repair from a complete failed report (44.1458ms)
✔ unsupported TRX exit 137 cannot authorize repair from a complete failed report (44.3069ms)
✔ dotnet Build outputs dated after native completion cannot establish freshness (31.5027ms)
✔ genuine parsed assertions feed unit-simulated native/source/Build authority without execution (179.3544ms)
✔ agent-assisted preflight ignores unrelated invalid recipes while preserving native and reference capture (98.3535ms)
✔ guided native-aware references are opt-in, exact and revalidated while legacy provenance stays unchanged (85.2088ms)
✔ Z6 preflight inventories an explicit native setup without execution or raw credentials/content (93.0195ms)
✔ Z6 preflight binds full endpoint/model semantics and native configuration drift while displaying only origin (243.847ms)
✔ Z6 preflight rejects cold native inventory, missing references/recipes and disabled skills before execution (153.364ms)
✔ Z6 preflight reports missing native tooling before any agent or recipe execution (53.7825ms)
✔ Z6 preflight rejects a changed native selection and mismatched Build/Test recipe authority (252.1061ms)
✔ Z6 tool preparation defers only outputs from a distinct dominating Build node (8.2844ms)
✔ captureTemplate exports selected reference roles as required rebinding roles (17.33ms)
✔ captureTemplate exports empty references for unpinned definitions (0.931ms)
✔ captureTemplate filters reference nodeIds to remaining task nodes (1.1286ms)
✔ applyGraphRunRequest updates pinned instance parameters.request (1.2061ms)
✔ applyGraphRunRequest updates unpinned Start text (0.2854ms)
✔ applyGraphRunRequest rejects blank request (0.3753ms)
✔ applyGraphRunRequest rejects request exceeding 12000 characters (0.1169ms)
✔ applyGraphRunRequest accepts request at exactly 12000 characters (0.2038ms)
✔ applyGraphRunRequest rejects definitions without exactly one Start (0.2399ms)
✔ applyGraphRunRequest rejects pinned instance with non-string request parameter (0.2295ms)
✔ applyGraphRunRequest rejects pinned instance with missing request parameter (0.1672ms)
✔ library version edits/duplicates/archive and bad imports cannot mutate a chosen workspace or historic pin (179.9317ms)
✔ Host admission pins reviewed preflight, idempotent retry sends once, reference drift prevents successor (56.9218ms)
✔ regression: saved old-reviewer definition stays unchanged while builtin v2 ships corrected inputs (22.8056ms)
✔ independent library owners serialize revisions and preserve immutable versions across restart (90.788ms)
✔ transfer bounds match the U5 spec (1.1126ms)
✔ decodeImportBytes accepts valid UTF-8 JSON (0.1382ms)
✔ decodeImportBytes accepts exactly 256,000 bytes at the boundary (0.59ms)
✔ decodeImportBytes rejects 256,001 bytes over the transfer limit (0.8726ms)
✔ decodeImportBytes rejects invalid UTF-8 byte sequences (0.1677ms)
✔ decodeImportBytes rejects blank or whitespace-only content (0.1855ms)
✔ decodeImportBytes accepts multibyte UTF-8 under the byte limit (0.144ms)
✔ assertStatUnchanged passes when size/mtime/type all match (0.0771ms)
✔ assertStatUnchanged throws when size differs (0.1884ms)
✔ assertStatUnchanged throws when mtimeMs differs (0.1842ms)
✔ assertStatUnchanged throws when type differs (0.9313ms)
✔ assertStatUnchanged throws when after.size is missing mid-read (0.1421ms)
✔ cold gate continuation rejects changed frozen Tool recipe even with its recomputed digest (57.1492ms)
✔ Build cannot combine one output digest with freshness observed from changed bytes (289.9994ms)
✔ Test freshness fingerprint must describe the exact retained report bytes (356.0713ms)
✔ all-skipped discovered tests do not count as executed passing tests (0.3729ms)
✔ persisted Agent artifact native input and command identities match its exact attempt (32.2929ms)
✔ native owner failure cannot become Graph success merely because child process exited zero (33.5839ms)
✔ successful-looking result with unobserved process exit never advances the graph (25.592ms)
✔ source evidence changed while native Tool session is created makes the gate stale before process start (11.9081ms)
✔ real file observations reject a no-op Build reusing stale output and accept refreshed identical bytes (175.8345ms)
✔ agent-assisted creation needs no recipe, pins v5, and does not weaken verified templates (25.7004ms)
✔ agent-led results travel once through fresh sessions and require exact final human decision (106.8052ms)
✔ decision persistence failure has no effect; committed lost reply retry is idempotent (69.9567ms)
✔ committed decision plus undispatched successor survives restart but only explicit Continue dispatches (21.0642ms)
✔ uncertain creation and send boundaries retain Z2 guard and cannot Continue/replay (23.0577ms)
✔ source is rechecked after committed decision and before successor native send (25.7478ms)
✔ pending request metadata failure publishes no actionable gate and no successor (19.7628ms)
✔ restart refuses continuation if selected source has changed, preserving frozen request (12.934ms)
✔ a second source check during Continue preserves Stale evidence instead of generic interruption (9.199ms)
✔ decision IDs cannot be reused across gate requests (8.4717ms)
✔ consecutive approvals retain source obligation until native dispatch and never revive stale gates on restart (22.8876ms)
✔ persisted sending identity cannot authorize native replay after live failure or cold restart (13.6465ms)
✔ native input exemption is one use and matches frozen runtime/client/payload (4.0349ms)
✔ Z3 readiness preserves v2, requires explicit evidence and earlier task sources (10.9754ms)
✔ gate freezes exact upstream evidence, performs zero native work until one explicit winner (59.1296ms)
✔ entry and final gates are real controls; final output completes only after final approval (32.7777ms)
✔ cancel/reject waiting gates have no stop or successor; late decisions cannot resurrect (15.4321ms)
✔ required comment, stale request version and incomplete source evidence never authorize (13.314ms)
✔ graph changes and source changes invalidate review while frozen evidence remains unchanged (24.953ms)
✔ cold pending gate keeps exact request and demands explicit Continue before decision (17.062ms)
✔ changed frozen native settings cannot inherit a previously displayed request (6.6153ms)
✔ strict output preserves typed object and rejects prose, trailing data, duplicate escaped keys (2.8166ms)
✔ strict output bounds depth/bytes/members and validates declared shape without repair (3.5255ms)
✔ JSON pointers use own properties, escaped segments and canonical indices only (0.3912ms)
✔ reserved object keys are rejected in JSON, schema properties and decoded pointers (0.5492ms)
✔ checks preserve design and one native intent after lost creation ACK, with strict cold purpose (54.5368ms)
✔ stale review, unknowns, revision and first-write failure perform zero native work (12.0578ms)
✔ source/config drift during native create keeps exact session ownership and makes zero starts (15.3271ms)
✔ a legal maximum-size exclusive DAG has 34 nodes but only 32 planned intermediate steps (20.7886ms)
✔ context projects canonical source identities and selected aliases without resolving future data (14.3588ms)
✔ initial-only results cannot masquerade as available on repair routes (8.8571ms)
✔ unreachable, cyclic and dangling topology disables dependent choices, retaining selected inputs (3.5101ms)
✔ missing and advanced selected sources remain visible instead of being dropped (0.8385ms)
✔ same source chips reuse aliases and insert a missing token exactly once, preserving expanded handoffs (2.214ms)
✔ new aliases are bounded and collision-free, without changing Start or other bindings (1.0983ms)
✔ literal brace conversion refuses to reinterpret user text, while plain literal text is preserved (2.0671ms)
✔ incomplete prompt fields do not disable otherwise valid topology, and binding limits still apply (2.3075ms)
✔ whole-artifact empty pointer reuses the selected alias and preserves its original declaration (1.9504ms)
✔ compatible custom Test recipes enable verification selection without treating display names as roles (2.9285ms)
✔ empty Start is unavailable consistently in sequential and routed draft projections (1.9303ms)
✔ shared scanner is lossless and handles repeated, adjacent, malformed and CRLF text (1.2325ms)
✔ draft Start resolves exactly once, while every future task and evidence token is visibly unresolved (12.5809ms)
✔ literal preview never scans text into inputs and malformed bound drafts return issues without rewriting (1.4836ms)
✔ legacy prompt bytes remain exact even if unrelated supplied metadata has new delivery markers (4.0134ms)
✔ native-aware delivery uses frozen metadata without another native instruction read or invented skill name (7.2893ms)
✔ shared runtime interpolation still binds captured values only once without modifying captured evidence (0.7012ms)
✔ native-aware instruction, document and skill delivery stays explicit even with an unresolved reference (1.3589ms)
✔ empty Start and oversized expansion stay visibly unresolved or unavailable rather than being silently truncated (1.1994ms)
✔ native-aware references require matching identities, kinds and delivery modes in frozen provenance (2.0087ms)
✔ typed condition replaces exactly one scalar branch and preserves other branches, evidence and graph (16.2667ms)
✔ condition compiler rejects unsupported trees, unknown branches, inputs, scalars and unsafe pointers (5.5678ms)
✔ presence predicate emits no value field and preserves explicit default exit (1.6824ms)
✔ repair projection recognizes existing defaults, and bounded edits preserve all expanded checks and final gate (7.3644ms)
✔ unsupported custom repair declarations and invalid budgets remain explicit without destructive conversion (4.3001ms)
✔ actual native Z1 completed JSON opens without changes or dispatch (24.3168ms)
✔ actual persisted Z1 pending guard stays owned on reopen, with IDs/literal instructions intact (7.1976ms)
✔ Z7 Join refuses implicit conflict resolution and requires the exact reviewed source (1.1945ms)
✔ Z7 disjoint proposals preserve additions, deletions and deterministic full contents (9.2981ms)
✔ Z7 plan bounds concurrency, aliases and explicit additions (4.9416ms)
✔ Z7 two reserved child runs use unique sessions and cap concurrency; repeated reviews never dispatch twice (92.1243ms)
✔ Z7 concurrency one admits the second worker only after exact first completion (26.1521ms)
✔ Z7 failed worker cancels exact waiting sibling; uncertain cancellation cannot release (36.5466ms)
✔ Z7 changed owned path remains in history and does not suppress sibling cancellation (24.2297ms)
✔ Z7 base drift blocks admission and restarts retain IDs without resubmission (14.4097ms)
✔ Z7 reviewed rejection is durable and conflicting retries cannot authorize work (10.7263ms)
✔ Z7 lost native acknowledgment blocks sibling admission and never replays the saved intent (14.983ms)
✔ Z7 original-source drift, run deadline and preservation are independent hard gates (26.2902ms)
✔ Z7 multiple UI snapshots cannot rewrite frozen ownership or selected branches (8.7571ms)
✔ Z7 explicitly unselected branch never prepares a directory or native input (16.7785ms)
✔ Z7 a reserved child request cannot admit a different frozen model or revision (11.1903ms)
✔ .NET proposal binds explicit scope, no restore, unique operation report and reviewed manifest (10.0184ms)
✔ calibration compiles ordered saved checks with graph-local Build association and preserves inputs (8.3212ms)
✔ probe is a bounded exact native Tool plan and never evaluates user text as a shell (2.355ms)
✔ one compatibility contract rejects command-only/wrong-kind verified slots without mutation (1.0818ms)
✔ explicit test artifact consumers preserve requirements after rename, without display-name guesses (0.2922ms)
✔ only new explicit no-recipe plans omit recipe drift; historical plans remain conservative (50.706ms)
✔ reproduction: strict parseGraphJson rejects prose and Markdown-fenced JSON (2.5471ms)
✔ reproduction: captureOutput accepts valid JSON referencing only the bound verification artifact (12.8774ms)
✔ reproduction: captureOutput rejects JSON that also references the embedded, unbound report artifact (0.7265ms)
✔ reproduction: captureOutput rejects prose-wrapped fenced JSON as the final output (0.613ms)
✔ regression: duplicate keys, multiple objects and malformed JSON are rejected with strict diagnostics (0.3478ms)
✔ regression: oversized evidenceReference and findings exceed schema bounds and are rejected (0.3337ms)
✔ regression: valid needs_changes over a passing Test is accepted as a distinct in-scope finding (0.4506ms)
✔ regression: valid needs_human is accepted and distinct from parser or machine failure (0.3594ms)
✔ regression: resolved reviewer prompt lists only the bound verification ID and forbids invented Git-tracking (0.5604ms)
✔ an approved intermediate gate can admit its fresh native successor without becoming stale (142.2861ms)
✔ checkpoint without a reviewer accepts failed machine evidence only on a non-success exit (12.9776ms)
✔ oversized combined repair feedback persists Invalid/NeedsHuman without advancing route history (44.4419ms)
✔ repair appends fresh attempts without changing prior proof or frozen configuration (1.5469ms)
✔ a branch-local Build cannot authorize a merged Test before any native session starts (31.2487ms)
✔ Condition Test references reject a Build recipe before any native session starts (3.502ms)
✔ version-5 initial frozen records round-trip without rewriting old versions (24.9869ms)
✔ tampered iteration identity, counters, deadlines and unmapped attempts reject (16.0535ms)
✔ unknown native creation/sending and a started unobserved Tool never become a safe checkpoint (0.6807ms)
✔ a begun approval or Condition cannot masquerade as an undispatched route checkpoint (0.8315ms)
✔ a declared finite region has one back edge and exact machine/reviewer dependencies (22.2861ms)
✔ Build dominance includes the repair entry and excludes the declared back edge (0.2389ms)
✔ numeric ordering is finite/typed and boolean combinations inspect both operands (0.6439ms)
✔ cold route validation does not allow schema-valid reviewer PASS to replace failed machine proof (0.4762ms)
✔ exclusive routes merge once and require the actual final gate (175.0915ms)
✔ invalid output, lost acceptance and exhausted admissions cannot route or repair (38.6672ms)
✔ persisted route checkpoint requires explicit continuation and duplicate request sends once (23.8411ms)
✔ deadline and source/configuration changes stop before another native admission (21.3721ms)
✔ cold prepared final gate uses the original approval continuation, not its incoming route (20.8208ms)
✔ deadline crossing async verification or durable sending intent never calls native send (18.3159ms)
✔ late authoritative completion after an uncertain admission reconciles but never routes (8.2372ms)
✔ typed conditions keep false/default distinct from missing or wrong types (2.1688ms)
✔ predicate bounds and non-short-circuited invalid operands cannot select success (9.457ms)
✔ malformed predicate operator types fail definition validation and cannot select an exit (4.2547ms)
✔ exclusive branches can merge but every End path requires the final gate (5.228ms)
✔ current attempt uses the exact iteration map and never first/last history fallback (0.1998ms)
✔ final approval must follow all native executable work on every End path (2.4015ms)
✔ real failed assertions are provenance-valid while malformed or foreign reports are not (2.1543ms)
✔ edge order alone controls readiness; shaped incomplete drafts remain saveable (8.8369ms)
✔ reject invalid topology, duplicate identifiers, unsupported versions and future inputs (2.7451ms)
✔ exact frozen output is bound once with source correlation; literal text is untouched (0.6197ms)
✔ malformed/unmapped aliases and explicit size limits reject without truncation (0.8094ms)
✔ transient accepted-write failure closes sequencing before an already queued terminal fact (29.7157ms)
✔ first persistence failure has no cached reservation; creating intent failure has no calls (2.0982ms)
✔ lost create/send replies never recreate or repeat; terminal persistence failure blocks next (15.7577ms)
✔ interrupted active/unproven inputs refuse release and exact recovered cancel works (16.2027ms)
✔ failed release audit write leaves guard owned and retirement identity must match (4.8189ms)
✔ sequential native admission freezes all settings and exact dynamic handoffs; predecessors stay owned (46.2744ms)
✔ validation rejects invalid graph or unavailable future configuration before first create (1.6316ms)
✔ duplicate submission returns original and contradictory reuse rejects (3.6933ms)
✔ missing final output and definitive native failure skip successors without sending (13.6098ms)
✔ waiting, stale/foreign facts and cancellation keep successors unsent; late success cannot advance (6.4103ms)
✔ cancel already queued at a predecessor terminal boundary wins before next dispatch (3.6337ms)
✔ restart with successful predecessor and planned successor never continues (9.0557ms)
✔ question protection follows unresolved native session ownership without waiting on dispatch (15.4623ms)
✔ lost native creation reply never recreates a session or submits input (1.7052ms)
✔ failed first attempt write creates no work or cached reservation and the same request can retry (1.2915ms)
✔ failed metadata persistence cannot release native input ownership or publish terminal proof (1.1905ms)
✔ another metadata owner permits read-only projection but no mutation or reconciliation (1.3558ms)
✔ saved layout survives reopen and stale revisions / extra topology are rejected (0.755ms)
✔ double run persists correlation first and only creates / dispatches once (1.3484ms)
✔ shutdown retains metadata ownership until in-flight operations settle (0.8579ms)
✔ only exact live input can finish; waiting, stale events and frozen outcomes (1.0888ms)
✔ lost dispatch reply remains Unknown and never retries on duplicate or restart (1.1235ms)
✔ cancel requires exact execution identity and remains requested until terminal (1.4127ms)
✔ remote targets and unavailable provider/question configuration do not create sessions (0.4486ms)
✔ genuine report identity and positive required tests are independently checked (3.5641ms)
✔ model PASS cannot make failed skipped zero malformed or duplicate-test reports pass (1.6001ms)
✔ genuine-derived passing, failed, zero and all-skipped reports preserve assertion outcomes (7.5707ms)
✔ qualified identities retain full scope and test identity without display-name dependence (4.776ms)
✔ supported XML predefined/numeric entities, UTF-8 BOM, comments and CDATA decode once (3.7038ms)
✔ assembly comparison is complete, separator-aware and governed by explicit path sensitivity (3.7349ms)
✔ original byte decoding is fatal and bounded (1.6089ms)
✔ restricted XML rejects DOCTYPE (0.7881ms)
✔ restricted XML rejects entity declaration (0.8492ms)
✔ restricted XML rejects undeclared entity (1.0583ms)
✔ restricted XML rejects unterminated entity (0.3973ms)
✔ restricted XML rejects NUL reference (0.6111ms)
✔ restricted XML rejects surrogate reference (0.3752ms)
✔ restricted XML rejects out-of-range reference (0.4783ms)
✔ restricted XML rejects processing instruction (0.2551ms)
✔ restricted XML rejects second XML declaration (0.6207ms)
✔ restricted XML rejects wrong XML version (0.2616ms)
✔ restricted XML rejects wrong encoding (0.2879ms)
✔ restricted XML rejects duplicate attribute (0.1924ms)
✔ restricted XML rejects missing attribute separator (0.2027ms)
✔ restricted XML rejects unquoted attribute (0.2268ms)
✔ restricted XML rejects literal less-than in attribute (0.2059ms)
✔ restricted XML rejects mismatched closing tag (0.327ms)
✔ restricted XML rejects partial report (0.3245ms)
✔ restricted XML rejects multiple root (0.329ms)
✔ restricted XML rejects trailing text (0.331ms)
✔ restricted XML rejects character reference before root (0.2016ms)
✔ restricted XML rejects character reference after root (0.351ms)
✔ restricted XML rejects invalid comment (0.4595ms)
✔ restricted XML rejects CDATA close in ordinary text (0.3181ms)
✔ restricted XML rejects wrong namespace (0.24ms)
✔ restricted XML rejects child namespace rebind (0.3239ms)
✔ restricted XML rejects qualified namespace spoof (0.3387ms)
✔ restricted XML rejects unknown structure (0.3483ms)
✔ restricted XML rejects attachment escape (0.3961ms)
✔ restricted XML rejects element limit (3.7363ms)
✔ restricted XML rejects depth limit (0.2693ms)
✔ restricted XML rejects attribute limit (0.35ms)
✔ result, definition and entry joins must be complete and unique (6.1266ms)
✔ counts reconcile actual entries with only the documented notExecuted-zero quirk (6.3789ms)
✔ every report and test time is inside the exact native command window (6.3542ms)
✔ multiple tests expand actual Tools, bound reviewer prompts, final gate and repair dependencies (18.3675ms)
✔ renamed Build mapping is local and malformed groups are rejected before instantiation (3.8191ms)
✔ shipped portable workflows preserve actual v5 readiness, exact samples and native boundaries (19.4961ms)
✔ slot selection uses one sequential graph and no optional predecessor binding or inferred rule (0.2676ms)
✔ bugfix retains bounded repairs, current machine evidence and a required final gate (0.1034ms)
✔ portable import rejects unknown authority and versions without changing the caller draft (6.9607ms)
✔ capture removes local request, overrides and template bindings; portable literals are reviewed (3.5574ms)
✔ instantiation pins copied parameters and rejects undeclared bindings or omitted choices (2.0722ms)
ℹ tests 360
ℹ suites 0
ℹ pass 360
ℹ fail 0
ℹ cancelled 0
ℹ skipped 0
ℹ todo 0
ℹ duration_ms 8870.1062
