✔ lost approval reply retains exact decision id and comment; changed target/version/choice cannot reuse it (1.1219ms)
✔ restarted pending checkpoint requires Continue before a separate explicit decision (0.7309ms)
✔ checks admission captures direct checks intent with stable lost-ACK identity and no design save (0.7523ms)
✔ a later owned projection reconciles accepted lost-ACK identity without another run call (0.1378ms)
✔ only an explicit pre-admission refusal releases the exact currently owned request (0.1073ms)
✔ selection rejects missing, duplicate, out-of-order or excessive scopes while probe stays independent (0.2385ms)
✔ draft, configuration, selection and revision changes invalidate a checks review (0.1726ms)
✔ source or native changes detected by final read require a fresh review, never a run (0.1562ms)
✔ explicit Tool addition preserves history and version 4 survives later gates (2.5672ms)
✔ explicit sequential upgrade preserves old literals, stable identity and layout (0.2514ms)
✔ append follows the edge into End despite scrambled node array and does not retarget End output (0.2246ms)
✔ node deletion removes incident edges but preserves missing-output reference for explicit correction (0.1558ms)
✔ reconnection replaces only selected outgoing edge; positions never imply execution (0.1975ms)
✔ Condition exit edits remove obsolete edges without guessing a new route or changing other edges (2.5238ms)
✔ audited release lifts UI unresolved indication without changing unknown status (0.1845ms)
✔ adding an approval upgrades only its draft and keeps explicit task output and configuration (0.2228ms)
✔ approval addition stops at eight gates independently of task count (0.2825ms)
✔ cached inactive inspection cannot expose release while the sequence is running (0.2081ms)
✔ Guided projection and an individual text edit preserve every token and surrounding segment (1.6097ms)
✔ repeated, malformed and unmatched drafts remain visibly Advanced-only without mutation (0.1887ms)
✔ buffer projection preserves unapplied errors and adopts only pristine canonical updates (0.2048ms)
✔ selected edge insertion preserves branch port, siblings, End selection and original draft (0.3938ms)
✔ delete review includes every dependency without rewriting unresolved relationships (0.3899ms)
✔ invalid workspace/node buffers survive navigation, canonical refresh and acknowledge only exact explicit apply (0.2708ms)
✔ remote metadata never resolves to a local graph target even with a local-looking path (0.7165ms)
✔ graph requests retain explicit workspace identity instead of collapsing to the path (0.6396ms)
✔ incoming progress or another editor save cannot silently overwrite an unsaved graph (8.5468ms)
✔ conversation navigation retains the frozen attempt target and native session (0.1393ms)
✔ an older view cannot roll back a just-acknowledged saved definition (0.1111ms)
✔ schema-normalized property order acknowledges a sequential save without a false conflict (1.3051ms)
✔ current artifact failures reject for visible local errors, rather than an empty success (1.1239ms)
✔ stale scope neither starts a read nor returns late data or failure to another workspace (0.2506ms)
✔ independent evidence reads do not suppress each other or hold an execution lock (0.83ms)
✔ Z7 starts disabled and every duplicate source path is an explicit visible conflict (1.2878ms)
✔ workspace and immutable template keys retain independent unsubmitted drafts (2.4155ms)
✔ host updates preserve conflicts and acknowledge only the matching saved content (9.8235ms)
✔ refresh and a delayed save cannot erase unsaved project-check text (0.2434ms)
✔ setup read lanes are independent and stale target or edited input publishes and returns nothing (0.8621ms)
✔ cleanup invalidates pending reads even when the same scope is reactivated by effect replay (0.8244ms)
✔ a cancelled/replaced read cannot overwrite the newest result and errors stay distinct (0.2836ms)
✔ guided edits preserve complete recipes and lossless argv while view projection never rewrites text (1.3804ms)
✔ invalid or advanced-only text cannot be silently rewritten by Guided (0.2755ms)
✔ invalid scalar declarations remain Advanced-only instead of becoming display strings (0.1957ms)
✔ adding generated checks preserves unrelated recipes and refuses identity collisions (0.3909ms)
✔ a response from workspace A cannot populate workspace B or return to a stale caller (1.4839ms)
✔ newer reads win and a failed refresh remains error with its last successful snapshot (0.2864ms)
✔ cancelled, failed and late reference selection preserves existing binding (1.1378ms)
✔ selection is checked again after validation before returning a mutation candidate (1.1854ms)
✔ a newer cancelled picker invalidates the older delayed intent (0.2462ms)
✔ pending search completes after a separate picker is cancelled (0.1737ms)
✔ newest search wins its lane without cancelling a pending selection; lifecycle invalidates both (0.1737ms)
✔ explicit routing upgrade freezes a new draft and later existing node edits never downgrade it (1.358ms)
✔ iteration navigation resolves exact attempts while source arrays and native sessions stay unchanged (0.3408ms)
✔ run confirmation and repeated continuation preserve exact original intent (0.5406ms)
✔ route continuation is explicit and unavailable after uncertainty, cancel, stop or consumed checkpoint (0.2451ms)
✔ condition draft rejects malformed render structures and accepts bounded declarative JSON (1.2474ms)
✔ completed agent prose and human approval never imply captured Test acceptance (1.9981ms)
✔ native Build and command observations stay command-only, even with agent PASS prose (0.692ms)
✔ every configured current Test must pass; invalid observations cannot conceal another genuine failure (0.5658ms)
✔ legacy acceptance, stale/unparsed reports, missing proof and skipped attempts remain conservative (0.7759ms)
✔ not-yet-executed Tests show not-run but a missing current attempt is invalid (0.2556ms)
✔ prior repair pass and receipt cannot replace missing or invalid current iteration evidence (0.2356ms)
✔ explicit Test roles cannot be satisfied by a frozen command recipe or a display name (0.1691ms)
✔ TRX captured pass requires retained normalization metadata, while redacted raw previews do not disprove it (0.3069ms)
✔ metadata summaries perform no content read and cannot declare current retained-file availability (0.1729ms)
✔ explicit historical Tool inspection keeps old evidence separate and ignores caller-supplied substitute facts (0.2558ms)
✔ all frozen Test roles stay required even if a contradictory current recipe claims command-only (0.1775ms)
✔ 500-history pagination bounds rendering while retaining selected identity and all canonical records (1.7036ms)
✔ newer evidence read owns the view and failure clears prior content rather than silently retaining it (0.282ms)
✔ old-run results and failures are suppressed while a current missing result stays explicit (0.1669ms)
✔ pending Build and command-only runs explicitly say no Tests instead of inventing a required Test (0.9235ms)
✔ a missing current repair attempt exposes no old artifact, while explicit history and End retain exact evidence (0.4201ms)
✔ accepted failing assertions and invalid evidence keep different next-action guidance, including mixed checks (0.526ms)
✔ retained genuine U2 pass-attempt-3 projects captured tests-passed without new execution (9.9056ms)
✔ retained genuine U2 multi-attempt-1 projects captured tests-passed without new execution (6.7476ms)
✔ retained genuine U2 fail-attempt-1 projects captured tests-failed without new execution (5.2797ms)
✔ retained genuine U2 zero-attempt-1 projects captured invalid without new execution (5.8758ms)
✔ retained genuine U2 skipped-attempt-1 projects captured invalid without new execution (4.6393ms)
✔ retained genuine U2 missing-required-attempt-1 projects captured invalid without new execution (5.9314ms)
✔ retained genuine U2 source-drift-attempt-1 projects captured invalid without new execution (5.4099ms)
✔ retained genuine U2 build-drift-attempt-1 projects captured invalid without new execution (6.7429ms)
✔ retained U3 completed native handoff stays agent-reported with its exact human approval (6.1722ms)
✔ execution completion, machine evidence and exact human decision are independent captured axes (1.6611ms)
✔ missing or stale approval request and mismatched decision never become current human approval (0.9553ms)
✔ current final gate excludes unvisited repaired entry gates and never borrows the previous approval (0.2664ms)
✔ rejected admitted gate remains visible with a not-yet-reached final gate (0.1696ms)
✔ older sequential gates use frozen planned path and missing gates cannot disappear from the summary (0.1196ms)
✔ captured source display retains exact request time/scope/completeness and never manufactures a live diff (0.1179ms)
✔ permission/question and unknown sessions resolve current exact attempts, never prior iteration sessions (0.2095ms)
✔ Stop requested survives late completed attempt until run terminal proof; unrelated sessions are not invented (0.8819ms)
✔ approval/checkpoint action projections reuse existing admission state and exact saved targets (0.326ms)
✔ legacy runs preserve captured instructions, status, target and lack of result without fake final text (0.2363ms)
✔ late terminal reconciliation keeps uncertain route inspection available without implying replay or approval (0.2156ms)
✔ an uncertain cancellation retains Stop requested until authoritative inactivity or a terminal run (0.2624ms)
✔ lost Run reply retry retains exact revision/config and does not save the changed draft (0.7669ms)
✔ captured settings cannot change during asynchronous Save (0.1593ms)
✔ failed Save cannot create a dispatch payload (0.406ms)
✔ v5 retry rejects changed confirmation before saving or dispatching a retained intent (9.5571ms)
✔ v5 confirmation saves captured content once and dispatches the exact displayed revision (1.8234ms)
✔ reopening v5 confirmation after a lost ACK never saves or advances the retained revision (1.3185ms)
✔ Cancel and failed Save never instantiate or discard the original draft (1.2532ms)
✔ Save uses its acknowledged revision and Discard does not save the draft (0.2294ms)
✔ changing workspace or reviewed content during Save invalidates replacement consent (0.1411ms)
✔ workflow confirmation prepares the saved revision once and dispatches its exact digest (10.0914ms)
✔ uncertain workflow ACK reopens only its retained preflight; refresh cannot silently resolve a new one (0.4161ms)
✔ missing or failed native workflow preparation cannot produce a runnable confirmation (0.2515ms)
✔ task text never substitutes for explicitly selected documents, instructions or skills (1.4241ms)
✔ template binding keeps false choices explicit and blocks missing or ill-typed run data (1.0851ms)
✔ template groups preserve every explicit Test and use local Build mapping without changing saved recipes (0.6202ms)
✔ changing primary or additional Test preserves ordered group intent and never silently drops another scope (0.2376ms)
✔ required whitespace is missing and new selection pins the latest compatible non-archived version (0.2297ms)
✔ import acceptance needs an explicit review of a successful dry preview (0.1196ms)
✔ verified Test offers only compatible recipes and rejects a stale or wrong-kind selection (0.2475ms)
✔ workspace switch hides the old projection before effects and rejects its late read (1.2745ms)
✔ returning to an existing dirty workspace never reconciles another workspace revision (0.1346ms)
✔ a successful workspace retry clears read failure while newest read retains authority (0.5539ms)
ℹ tests 116
ℹ suites 0
ℹ pass 116
ℹ fail 0
ℹ cancelled 0
ℹ skipped 0
ℹ todo 0
ℹ duration_ms 1616.57
