✔ lost approval reply retains exact decision id and comment; changed target/version/choice cannot reuse it (1.248ms)
✔ restarted pending checkpoint requires Continue before a separate explicit decision (0.6212ms)
✔ checks admission captures direct checks intent with stable lost-ACK identity and no design save (1.0408ms)
✔ a later owned projection reconciles accepted lost-ACK identity without another run call (0.1458ms)
✔ only an explicit pre-admission refusal releases the exact currently owned request (0.3046ms)
✔ selection rejects missing, duplicate, out-of-order or excessive scopes while probe stays independent (0.3493ms)
✔ draft, configuration, selection and revision changes invalidate a checks review (0.2176ms)
✔ source or native changes detected by final read require a fresh review, never a run (0.2085ms)
✔ explicit Tool addition preserves history and version 4 survives later gates (1.5129ms)
✔ explicit sequential upgrade preserves old literals, stable identity and layout (0.2014ms)
✔ append follows the edge into End despite scrambled node array and does not retarget End output (0.1573ms)
✔ node deletion removes incident edges but preserves missing-output reference for explicit correction (0.1202ms)
✔ reconnection replaces only selected outgoing edge; positions never imply execution (0.2394ms)
✔ Condition exit edits remove obsolete edges without guessing a new route or changing other edges (0.4052ms)
✔ audited release lifts UI unresolved indication without changing unknown status (0.2329ms)
✔ adding an approval upgrades only its draft and keeps explicit task output and configuration (0.4339ms)
✔ approval addition stops at eight gates independently of task count (0.2256ms)
✔ cached inactive inspection cannot expose release while the sequence is running (0.1989ms)
✔ Guided projection and an individual text edit preserve every token and surrounding segment (2.1655ms)
✔ repeated, malformed and unmatched drafts remain visibly Advanced-only without mutation (0.1958ms)
✔ buffer projection preserves unapplied errors and adopts only pristine canonical updates (0.1512ms)
✔ selected edge insertion preserves branch port, siblings, End selection and original draft (0.5468ms)
✔ delete review includes every dependency without rewriting unresolved relationships (0.5975ms)
✔ invalid workspace/node buffers survive navigation, canonical refresh and acknowledge only exact explicit apply (0.3036ms)
✔ remote metadata never resolves to a local graph target even with a local-looking path (0.6253ms)
✔ graph requests retain explicit workspace identity instead of collapsing to the path (0.5183ms)
✔ incoming progress or another editor save cannot silently overwrite an unsaved graph (8.5454ms)
✔ conversation navigation retains the frozen attempt target and native session (0.1691ms)
✔ an older view cannot roll back a just-acknowledged saved definition (0.1183ms)
✔ schema-normalized property order acknowledges a sequential save without a false conflict (1.3823ms)
✔ current artifact failures reject for visible local errors, rather than an empty success (1.4191ms)
✔ stale scope neither starts a read nor returns late data or failure to another workspace (0.2147ms)
✔ independent evidence reads do not suppress each other or hold an execution lock (0.6588ms)
✔ Z7 starts disabled and every duplicate source path is an explicit visible conflict (1.1329ms)
✔ workspace and immutable template keys retain independent unsubmitted drafts (1.2318ms)
✔ host updates preserve conflicts and acknowledge only the matching saved content (13.3045ms)
✔ refresh and a delayed save cannot erase unsaved project-check text (0.2971ms)
✔ setup read lanes are independent and stale target or edited input publishes and returns nothing (0.8598ms)
✔ cleanup invalidates pending reads even when the same scope is reactivated by effect replay (0.7186ms)
✔ a cancelled/replaced read cannot overwrite the newest result and errors stay distinct (0.2555ms)
✔ guided edits preserve complete recipes and lossless argv while view projection never rewrites text (1.8063ms)
✔ invalid or advanced-only text cannot be silently rewritten by Guided (0.3323ms)
✔ invalid scalar declarations remain Advanced-only instead of becoming display strings (0.2192ms)
✔ adding generated checks preserves unrelated recipes and refuses identity collisions (0.5792ms)
✔ a response from workspace A cannot populate workspace B or return to a stale caller (1.3244ms)
✔ newer reads win and a failed refresh remains error with its last successful snapshot (0.3002ms)
✔ cancelled, failed and late reference selection preserves existing binding (1.0084ms)
✔ selection is checked again after validation before returning a mutation candidate (0.616ms)
✔ a newer cancelled picker invalidates the older delayed intent (0.1676ms)
✔ pending search completes after a separate picker is cancelled (0.2034ms)
✔ newest search wins its lane without cancelling a pending selection; lifecycle invalidates both (0.2755ms)
✔ native output validation is distinct from all valid reviewer decisions and stale attempts (1.4581ms)
✔ canonical captured request preview uses frozen parameters but preserves custom or stale Start input (0.5677ms)
✔ explicit routing upgrade freezes a new draft and later existing node edits never downgrade it (1.3839ms)
✔ iteration navigation resolves exact attempts while source arrays and native sessions stay unchanged (0.3061ms)
✔ run confirmation and repeated continuation preserve exact original intent (0.4896ms)
✔ route continuation is explicit and unavailable after uncertainty, cancel, stop or consumed checkpoint (0.24ms)
✔ condition draft rejects malformed render structures and accepts bounded declarative JSON (0.3946ms)
✔ completed agent prose and human approval never imply captured Test acceptance (2.004ms)
✔ native Build and command observations stay command-only, even with agent PASS prose (0.9005ms)
✔ every configured current Test must pass; invalid observations cannot conceal another genuine failure (1.0334ms)
✔ legacy acceptance, stale/unparsed reports, missing proof and skipped attempts remain conservative (0.9997ms)
✔ not-yet-executed Tests show not-run but a missing current attempt is invalid (0.2733ms)
✔ prior repair pass and receipt cannot replace missing or invalid current iteration evidence (0.3605ms)
✔ explicit Test roles cannot be satisfied by a frozen command recipe or a display name (0.2201ms)
✔ TRX captured pass requires retained normalization metadata, while redacted raw previews do not disprove it (0.2647ms)
✔ metadata summaries perform no content read and cannot declare current retained-file availability (0.1426ms)
✔ explicit historical Tool inspection keeps old evidence separate and ignores caller-supplied substitute facts (0.3004ms)
✔ all frozen Test roles stay required even if a contradictory current recipe claims command-only (0.2447ms)
✔ 500-history pagination bounds rendering while retaining selected identity and all canonical records (2.8217ms)
✔ newer evidence read owns the view and failure clears prior content rather than silently retaining it (1.2655ms)
✔ old-run results and failures are suppressed while a current missing result stays explicit (0.2939ms)
✔ pending Build and command-only runs explicitly say no Tests instead of inventing a required Test (1.3381ms)
✔ a missing current repair attempt exposes no old artifact, while explicit history and End retain exact evidence (0.521ms)
✔ accepted failing assertions and invalid evidence keep different next-action guidance, including mixed checks (0.6801ms)
✔ retained genuine U2 pass-attempt-3 projects captured tests-passed without new execution (7.8015ms)
✔ retained genuine U2 multi-attempt-1 projects captured tests-passed without new execution (1.4995ms)
✔ retained genuine U2 fail-attempt-1 projects captured tests-failed without new execution (1.7555ms)
✔ retained genuine U2 zero-attempt-1 projects captured invalid without new execution (5.8143ms)
✔ retained genuine U2 skipped-attempt-1 projects captured invalid without new execution (1.1092ms)
✔ retained genuine U2 missing-required-attempt-1 projects captured invalid without new execution (1.1557ms)
✔ retained genuine U2 source-drift-attempt-1 projects captured invalid without new execution (0.9138ms)
✔ retained genuine U2 build-drift-attempt-1 projects captured invalid without new execution (1.0228ms)
✔ retained U3 completed native handoff stays agent-reported with its exact human approval (1.8796ms)
✔ execution completion, machine evidence and exact human decision are independent captured axes (2.1797ms)
✔ missing or stale approval request and mismatched decision never become current human approval (1.0692ms)
✔ current final gate excludes unvisited repaired entry gates and never borrows the previous approval (0.2948ms)
✔ rejected admitted gate remains visible with a not-yet-reached final gate (0.1646ms)
✔ older sequential gates use frozen planned path and missing gates cannot disappear from the summary (0.1291ms)
✔ captured source display retains exact request time/scope/completeness and never manufactures a live diff (0.204ms)
✔ permission/question and unknown sessions resolve current exact attempts, never prior iteration sessions (0.4632ms)
✔ Stop requested survives late completed attempt until run terminal proof; unrelated sessions are not invented (1.0124ms)
✔ approval/checkpoint action projections reuse existing admission state and exact saved targets (0.3847ms)
✔ legacy runs preserve captured instructions, status, target and lack of result without fake final text (0.2412ms)
✔ late terminal reconciliation keeps uncertain route inspection available without implying replay or approval (0.2584ms)
✔ an uncertain cancellation retains Stop requested until authoritative inactivity or a terminal run (0.2553ms)
✔ lost Run reply retry retains exact revision/config and does not save the changed draft (0.88ms)
✔ captured settings cannot change during asynchronous Save (0.1737ms)
✔ failed Save cannot create a dispatch payload (0.4679ms)
✔ v5 retry rejects changed confirmation before saving or dispatching a retained intent (12.0819ms)
✔ v5 confirmation saves captured content once and dispatches the exact displayed revision (1.0447ms)
✔ reopening v5 confirmation after a lost ACK never saves or advances the retained revision (1.8323ms)
✔ Cancel and failed Save never instantiate or discard the original draft (1.0886ms)
✔ Save uses its acknowledged revision and Discard does not save the draft (0.206ms)
✔ changing workspace or reviewed content during Save invalidates replacement consent (0.1458ms)
✔ workflow confirmation prepares the saved revision once and dispatches its exact digest (10.3709ms)
✔ uncertain workflow ACK reopens only its retained preflight; refresh cannot silently resolve a new one (0.3837ms)
✔ missing or failed native workflow preparation cannot produce a runnable confirmation (0.2188ms)
✔ task text never substitutes for explicitly selected documents, instructions or skills (1.0627ms)
✔ template binding keeps false choices explicit and blocks missing or ill-typed run data (1.1131ms)
✔ template groups preserve every explicit Test and use local Build mapping without changing saved recipes (0.9894ms)
✔ changing primary or additional Test preserves ordered group intent and never silently drops another scope (0.244ms)
✔ required whitespace is missing and new selection pins the latest compatible non-archived version (0.2527ms)
✔ import acceptance needs an explicit review of a successful dry preview (0.2099ms)
✔ verified Test offers only compatible recipes and rejects a stale or wrong-kind selection (0.2967ms)
✔ workspace switch hides the old projection before effects and rejects its late read (1.7441ms)
✔ returning to an existing dirty workspace never reconciles another workspace revision (0.1735ms)
✔ a successful workspace retry clears read failure while newest read retains authority (0.6112ms)
ℹ tests 118
ℹ suites 0
ℹ pass 118
ℹ fail 0
ℹ cancelled 0
ℹ skipped 0
ℹ todo 0
ℹ duration_ms 1826.8803
