✔ lost approval reply retains exact decision id and comment; changed target/version/choice cannot reuse it (0.9649ms)
✔ restarted pending checkpoint requires Continue before a separate explicit decision (0.6535ms)
✔ checks admission captures direct checks intent with stable lost-ACK identity and no design save (1.1907ms)
✔ a later owned projection reconciles accepted lost-ACK identity without another run call (0.3141ms)
✔ only an explicit pre-admission refusal releases the exact currently owned request (0.257ms)
✔ selection rejects missing, duplicate, out-of-order or excessive scopes while probe stays independent (0.4917ms)
✔ draft, configuration, selection and revision changes invalidate a checks review (0.2031ms)
✔ source or native changes detected by final read require a fresh review, never a run (0.204ms)
✔ explicit Tool addition preserves history and version 4 survives later gates (4.5366ms)
✔ explicit sequential upgrade preserves old literals, stable identity and layout (0.1885ms)
✔ append follows the edge into End despite scrambled node array and does not retarget End output (0.1626ms)
✔ node deletion removes incident edges but preserves missing-output reference for explicit correction (0.1572ms)
✔ reconnection replaces only selected outgoing edge; positions never imply execution (0.2495ms)
✔ Condition exit edits remove obsolete edges without guessing a new route or changing other edges (0.3647ms)
✔ audited release lifts UI unresolved indication without changing unknown status (0.112ms)
✔ adding an approval upgrades only its draft and keeps explicit task output and configuration (0.2835ms)
✔ approval addition stops at eight gates independently of task count (0.205ms)
✔ cached inactive inspection cannot expose release while the sequence is running (0.166ms)
✔ Guided projection and an individual text edit preserve every token and surrounding segment (2.1211ms)
✔ repeated, malformed and unmatched drafts remain visibly Advanced-only without mutation (0.2306ms)
✔ buffer projection preserves unapplied errors and adopts only pristine canonical updates (0.2083ms)
✔ selected edge insertion preserves branch port, siblings, End selection and original draft (0.6363ms)
✔ delete review includes every dependency without rewriting unresolved relationships (0.5704ms)
✔ invalid workspace/node buffers survive navigation, canonical refresh and acknowledge only exact explicit apply (0.3176ms)
✔ remote metadata never resolves to a local graph target even with a local-looking path (0.9177ms)
✔ graph requests retain explicit workspace identity instead of collapsing to the path (0.65ms)
✔ incoming progress or another editor save cannot silently overwrite an unsaved graph (8.7923ms)
✔ conversation navigation retains the frozen attempt target and native session (0.1416ms)
✔ an older view cannot roll back a just-acknowledged saved definition (0.1093ms)
✔ schema-normalized property order acknowledges a sequential save without a false conflict (2.9288ms)
✔ current artifact failures reject for visible local errors, rather than an empty success (1.2775ms)
✔ stale scope neither starts a read nor returns late data or failure to another workspace (0.2864ms)
✔ independent evidence reads do not suppress each other or hold an execution lock (0.7782ms)
✔ Z7 starts disabled and every duplicate source path is an explicit visible conflict (1.1976ms)
✔ workspace and immutable template keys retain independent unsubmitted drafts (4.3351ms)
✔ host updates preserve conflicts and acknowledge only the matching saved content (14.0349ms)
✔ refresh and a delayed save cannot erase unsaved project-check text (0.3424ms)
✔ setup read lanes are independent and stale target or edited input publishes and returns nothing (0.7049ms)
✔ cleanup invalidates pending reads even when the same scope is reactivated by effect replay (0.8451ms)
✔ a cancelled/replaced read cannot overwrite the newest result and errors stay distinct (0.2299ms)
✔ guided edits preserve complete recipes and lossless argv while view projection never rewrites text (2.2153ms)
✔ invalid or advanced-only text cannot be silently rewritten by Guided (0.5584ms)
✔ invalid scalar declarations remain Advanced-only instead of becoming display strings (0.3405ms)
✔ adding generated checks preserves unrelated recipes and refuses identity collisions (0.4881ms)
✔ a response from workspace A cannot populate workspace B or return to a stale caller (1.5543ms)
✔ newer reads win and a failed refresh remains error with its last successful snapshot (0.2804ms)
✔ cancelled, failed and late reference selection preserves existing binding (0.8658ms)
✔ selection is checked again after validation before returning a mutation candidate (0.6326ms)
✔ a newer cancelled picker invalidates the older delayed intent (0.1571ms)
✔ pending search completes after a separate picker is cancelled (0.1749ms)
✔ newest search wins its lane without cancelling a pending selection; lifecycle invalidates both (0.1618ms)
✔ native output validation is distinct from all valid reviewer decisions and stale attempts (1.7536ms)
✔ canonical captured request preview uses frozen parameters but preserves custom or stale Start input (0.4159ms)
✔ explicit routing upgrade freezes a new draft and later existing node edits never downgrade it (2.0115ms)
✔ iteration navigation resolves exact attempts while source arrays and native sessions stay unchanged (0.2686ms)
✔ run confirmation and repeated continuation preserve exact original intent (0.3978ms)
✔ route continuation is explicit and unavailable after uncertainty, cancel, stop or consumed checkpoint (0.1857ms)
✔ condition draft rejects malformed render structures and accepts bounded declarative JSON (0.363ms)
✔ completed agent prose and human approval never imply captured Test acceptance (1.6206ms)
✔ native Build and command observations stay command-only, even with agent PASS prose (0.5362ms)
✔ every configured current Test must pass; invalid observations cannot conceal another genuine failure (0.4249ms)
✔ legacy acceptance, stale/unparsed reports, missing proof and skipped attempts remain conservative (0.8033ms)
✔ not-yet-executed Tests show not-run but a missing current attempt is invalid (0.2774ms)
✔ prior repair pass and receipt cannot replace missing or invalid current iteration evidence (0.3437ms)
✔ explicit Test roles cannot be satisfied by a frozen command recipe or a display name (0.1783ms)
✔ TRX captured pass requires retained normalization metadata, while redacted raw previews do not disprove it (0.1984ms)
✔ metadata summaries perform no content read and cannot declare current retained-file availability (0.1446ms)
✔ explicit historical Tool inspection keeps old evidence separate and ignores caller-supplied substitute facts (0.2559ms)
✔ all frozen Test roles stay required even if a contradictory current recipe claims command-only (0.1585ms)
✔ 500-history pagination bounds rendering while retaining selected identity and all canonical records (1.4044ms)
✔ newer evidence read owns the view and failure clears prior content rather than silently retaining it (0.364ms)
✔ old-run results and failures are suppressed while a current missing result stays explicit (0.1571ms)
✔ pending Build and command-only runs explicitly say no Tests instead of inventing a required Test (0.9887ms)
✔ a missing current repair attempt exposes no old artifact, while explicit history and End retain exact evidence (0.3344ms)
✔ accepted failing assertions and invalid evidence keep different next-action guidance, including mixed checks (0.4877ms)
✔ retained genuine U2 pass-attempt-3 projects captured tests-passed without new execution (6.8874ms)
✔ retained genuine U2 multi-attempt-1 projects captured tests-passed without new execution (2.0716ms)
✔ retained genuine U2 fail-attempt-1 projects captured tests-failed without new execution (1.6917ms)
✔ retained genuine U2 zero-attempt-1 projects captured invalid without new execution (8.8633ms)
✔ retained genuine U2 skipped-attempt-1 projects captured invalid without new execution (1.1661ms)
✔ retained genuine U2 missing-required-attempt-1 projects captured invalid without new execution (0.828ms)
✔ retained genuine U2 source-drift-attempt-1 projects captured invalid without new execution (0.8804ms)
✔ retained genuine U2 build-drift-attempt-1 projects captured invalid without new execution (0.8795ms)
✔ retained U3 completed native handoff stays agent-reported with its exact human approval (1.1835ms)
✔ execution completion, machine evidence and exact human decision are independent captured axes (2.8782ms)
✔ missing or stale approval request and mismatched decision never become current human approval (1.3922ms)
✔ current final gate excludes unvisited repaired entry gates and never borrows the previous approval (0.3035ms)
✔ rejected admitted gate remains visible with a not-yet-reached final gate (0.2588ms)
✔ older sequential gates use frozen planned path and missing gates cannot disappear from the summary (0.1549ms)
✔ captured source display retains exact request time/scope/completeness and never manufactures a live diff (0.1429ms)
✔ permission/question and unknown sessions resolve current exact attempts, never prior iteration sessions (0.2402ms)
✔ Stop requested survives late completed attempt until run terminal proof; unrelated sessions are not invented (0.5999ms)
✔ approval/checkpoint action projections reuse existing admission state and exact saved targets (0.3479ms)
✔ legacy runs preserve captured instructions, status, target and lack of result without fake final text (0.2325ms)
✔ late terminal reconciliation keeps uncertain route inspection available without implying replay or approval (0.201ms)
✔ an uncertain cancellation retains Stop requested until authoritative inactivity or a terminal run (0.1906ms)
✔ lost Run reply retry retains exact revision/config and does not save the changed draft (0.9026ms)
✔ captured settings cannot change during asynchronous Save (0.1891ms)
✔ failed Save cannot create a dispatch payload (0.5249ms)
✔ v5 retry rejects changed confirmation before saving or dispatching a retained intent (8.7541ms)
✔ v5 confirmation saves captured content once and dispatches the exact displayed revision (1.4858ms)
✔ reopening v5 confirmation after a lost ACK never saves or advances the retained revision (0.7164ms)
✔ Cancel and failed Save never instantiate or discard the original draft (1.6085ms)
✔ Save uses its acknowledged revision and Discard does not save the draft (0.205ms)
✔ changing workspace or reviewed content during Save invalidates replacement consent (0.1207ms)
✔ workflow confirmation prepares the saved revision once and dispatches its exact digest (10.7719ms)
✔ uncertain workflow ACK reopens only its retained preflight; refresh cannot silently resolve a new one (0.4272ms)
✔ missing or failed native workflow preparation cannot produce a runnable confirmation (0.2083ms)
✔ task text never substitutes for explicitly selected documents, instructions or skills (1.331ms)
✔ template binding keeps false choices explicit and blocks missing or ill-typed run data (1.2918ms)
✔ template groups preserve every explicit Test and use local Build mapping without changing saved recipes (1.0441ms)
✔ changing primary or additional Test preserves ordered group intent and never silently drops another scope (0.2308ms)
✔ required whitespace is missing and new selection pins the latest compatible non-archived version (0.2127ms)
✔ import acceptance needs an explicit review of a successful dry preview (0.0785ms)
✔ verified Test offers only compatible recipes and rejects a stale or wrong-kind selection (0.2199ms)
✔ workspace switch hides the old projection before effects and rejects its late read (1.766ms)
✔ returning to an existing dirty workspace never reconciles another workspace revision (0.2923ms)
✔ a successful workspace retry clears read failure while newest read retains authority (0.7586ms)
ℹ tests 118
ℹ suites 0
ℹ pass 118
ℹ fail 0
ℹ cancelled 0
ℹ skipped 0
ℹ todo 0
ℹ duration_ms 2004.9251
