✔ fresh U2 source seeding reuses genuine assertions without executing a command (32.3555ms)
✔ seeding refuses pre-existing project bytes instead of replacing them (7.3645ms)
✔ seeding refuses a workspace outside its declared owned home (3.3019ms)
✔ observed native-boundary source fault restores exact bytes and keeps a receipt (31.6739ms)
✔ native-boundary observer failure still restores the source before rejection (30.5412ms)
✔ build drift changes only JSON whitespace and restores exact output bytes (42.081ms)
✔ unexpected concurrent edits survive and retain original backup evidence (34.6131ms)
(node:34316) ExperimentalWarning: SQLite is an experimental feature and might change at any time
(Use `node --trace-warnings ...` to show where the warning was created)
✔ generated TRX classification includes native user-directory assembly metadata (0.5182ms)
✔ clean content: known-clean fixture TRX is preserved unredacted (0.1038ms)
✔ sensitive content: known-sensitive fixture is redacted with digest drift (0.0522ms)
✔ clean content rejects over-redaction (product must not redact clean fixture) (0.4374ms)
✔ clean content rejects digest drift without redaction flag (0.2965ms)
✔ sensitive content rejects under-redaction (security hole: secret retained) (0.1051ms)
✔ sensitive content rejects inconsistent validation flag (0.109ms)
✔ sensitive content rejects non-drifting digest (0.0747ms)
✔ generic selected skill uses the actual native Skill contract before Read/Edit (1.2499ms)
✔ native fixture classifies only actual shipped task headers and strict explicit JSON bindings (0.9462ms)
✔ slot responses require actual native Read and isolated exact Edit instead of emitting success (0.3189ms)
✔ reviewer cannot emit PASS without consuming the exact observed native report (0.4636ms)
ℹ tests 19
ℹ suites 0
ℹ pass 19
ℹ fail 0
ℹ cancelled 0
ℹ skipped 0
ℹ todo 0
ℹ duration_ms 392.4111
