✔ artifact immutable retry, ownership and tamper detection (55.1693ms)
✔ declared capture retains HTML as data and displays unsafe/binary/oversized failures (51.8092ms)
✔ workspace junction capture and fingerprint refuse external files (11.0392ms)
✔ secret-bearing retained copy is marked incomplete, while binary fingerprints retain only metadata (15.9521ms)
✔ file observations distinguish missing, stale and refreshed output without changing content digest (19.4042ms)
✔ explicit declared diff snapshots retain exact inert text under the same capture rules (15.8478ms)
✔ project recipe writes preserve unrelated keys and reject stale/concurrent revisions (72.5327ms)
✔ recipe schema rejects shell recipes, unsafe paths, duplicated IDs, zero test contracts and unknown placeholders (2.7011ms)
✔ missing output preflight checks existing ancestors and project config links (5.5387ms)
✔ all-skipped discovered tests do not count as executed passing tests (2.5287ms)
✔ persisted Agent artifact native input and command identities match its exact attempt (40.8892ms)
✔ native owner failure cannot become Graph success merely because child process exited zero (27.9464ms)
✔ successful-looking result with unobserved process exit never advances the graph (22.0819ms)
✔ source evidence changed while native Tool session is created makes the gate stale before process start (8.6674ms)
✔ real file observations reject a no-op Build reusing stale output and accept refreshed identical bytes (73.276ms)
✔ strict output preserves typed object and rejects prose, trailing data, duplicate escaped keys (1.5845ms)
✔ strict output bounds depth/bytes/members and validates declared shape without repair (2.4445ms)
✔ JSON pointers use own properties, escaped segments and canonical indices only (0.2663ms)
✔ reserved object keys are rejected in JSON, schema properties and decoded pointers (0.205ms)
✔ genuine report identity and positive required tests are independently checked (2.9889ms)
✔ model PASS cannot make failed skipped zero malformed or duplicate-test reports pass (0.8846ms)
ℹ tests 21
ℹ suites 0
ℹ pass 21
ℹ fail 0
ℹ cancelled 0
ℹ skipped 0
ℹ todo 0
ℹ duration_ms 1051.0088
