C:\Users\USER\Desktop\Personal\ZCode\packages\services\src\graph-engineering\adapters\artifacts.test.ts:7
import { fingerprintDeclaredFiles, observeDeclaredFiles } from "./artifact-files.js";
                                   ^
SyntaxError: The requested module './artifact-files.js' does not provide an export named 'observeDeclaredFiles'
    at #asyncInstantiate (node:internal/modules/esm/module_job:319:21)
    at async ModuleJob.run (node:internal/modules/esm/module_job:422:5)
    at async onImport.tracePromise.__proto__ (node:internal/modules/esm/loader:661:26)
    at async asyncRunEntryPointWithESMLoader (node:internal/modules/run_main:101:5)

Node.js v24.14.0
✖ packages\services\src\graph-engineering\adapters\artifacts.test.ts (704.2224ms)
ℹ tests 1
ℹ suites 0
ℹ pass 0
ℹ fail 1
ℹ cancelled 0
ℹ skipped 0
ℹ todo 0
ℹ duration_ms 710.1264

✖ failing tests:

test at packages\services\src\graph-engineering\adapters\artifacts.test.ts:1:1
✖ packages\services\src\graph-engineering\adapters\artifacts.test.ts (704.2224ms)
  'test failed'
