✔ cold gate continuation rejects changed frozen Tool recipe even with its recomputed digest (39.1193ms)
✔ Build cannot combine one output digest with freshness observed from changed bytes (72.2801ms)
✔ Test freshness fingerprint must describe the exact retained report bytes (508.9276ms)
✔ all-skipped discovered tests do not count as executed passing tests (0.3346ms)
✔ persisted Agent artifact native input and command identities match its exact attempt (20.9602ms)
✔ native owner failure cannot become Graph success merely because child process exited zero (18.6346ms)
✔ successful-looking result with unobserved process exit never advances the graph (16.4544ms)
✔ source evidence changed while native Tool session is created makes the gate stale before process start (11.016ms)
✔ real file observations reject a no-op Build reusing stale output and accept refreshed identical bytes (83.0615ms)
✔ Z3 readiness preserves v2, requires explicit evidence and earlier task sources (6.1539ms)
✔ gate freezes exact upstream evidence, performs zero native work until one explicit winner (32.7197ms)
✔ entry and final gates are real controls; final output completes only after final approval (33.4677ms)
✔ cancel/reject waiting gates have no stop or successor; late decisions cannot resurrect (11.8458ms)
✔ required comment, stale request version and incomplete source evidence never authorize (6.7622ms)
✔ graph changes and source changes invalidate review while frozen evidence remains unchanged (13.5473ms)
✔ cold pending gate keeps exact request and demands explicit Continue before decision (17.4572ms)
✔ changed frozen native settings cannot inherit a previously displayed request (10.9847ms)
ℹ tests 17
ℹ suites 0
ℹ pass 17
ℹ fail 0
ℹ cancelled 0
ℹ skipped 0
ℹ todo 0
ℹ duration_ms 1720.3591
