✖ Build cannot combine one output digest with freshness observed from changed bytes (70.5824ms)
✖ Test freshness fingerprint must describe the exact retained report bytes (297.3487ms)
✔ all-skipped discovered tests do not count as executed passing tests (0.4893ms)
✔ persisted Agent artifact native input and command identities match its exact attempt (18.648ms)
✔ native owner failure cannot become Graph success merely because child process exited zero (24.656ms)
✔ successful-looking result with unobserved process exit never advances the graph (23.6351ms)
✔ source evidence changed while native Tool session is created makes the gate stale before process start (10.4549ms)
✔ real file observations reject a no-op Build reusing stale output and accept refreshed identical bytes (81.3816ms)
ℹ tests 8
ℹ suites 0
ℹ pass 6
ℹ fail 2
ℹ cancelled 0
ℹ skipped 0
ℹ todo 0
ℹ duration_ms 1470.8748

✖ failing tests:

test at packages\services\src\graph-engineering\adapters\z4-review.test.ts:1:1458
✖ Build cannot combine one output digest with freshness observed from changed bytes (70.5824ms)
  AssertionError [ERR_ASSERTION]: Expected values to be strictly equal:
  
  true !== false
  
      at TestContext.<anonymous> (C:\Users\USER\Desktop\Personal\ZCode\packages\services\src\graph-engineering\adapters\z4-review.test.ts:40:10)
      at async Test.run (node:internal/test_runner/test:1125:7)
      at async startSubtestAfterBootstrap (node:internal/test_runner/harness:358:3) {
    generatedMessage: true,
    code: 'ERR_ASSERTION',
    actual: true,
    expected: false,
    operator: 'strictEqual',
    diff: 'simple'
  }

test at packages\services\src\graph-engineering\adapters\z4-review.test.ts:1:2212
✖ Test freshness fingerprint must describe the exact retained report bytes (297.3487ms)
  AssertionError [ERR_ASSERTION]: Expected values to be strictly equal:
  
  true !== false
  
      at TestContext.<anonymous> (C:\Users\USER\Desktop\Personal\ZCode\packages\services\src\graph-engineering\adapters\z4-review.test.ts:62:10)
      at async Test.run (node:internal/test_runner/test:1125:7)
      at async Test.processPendingSubtests (node:internal/test_runner/test:787:7) {
    generatedMessage: true,
    code: 'ERR_ASSERTION',
    actual: true,
    expected: false,
    operator: 'strictEqual',
    diff: 'simple'
  }
