(node:4652) ExperimentalWarning: SQLite is an experimental feature and might change at any time
(Use `node --trace-warnings ...` to show where the warning was created)
{
  "scenario": "chinese-light-narrow",
  "home": "C:\\Users\\USER\\Desktop\\Personal\\ZCode\\.tmp\\z1-native-1790255094081-438c01",
  "workspace": "C:\\Users\\USER\\Desktop\\Personal\\ZCode\\.tmp\\z1-native-1790255094081-438c01\\workspace",
  "assertions": [
    "Actual native editor saves named C# recipes, Tool nodes, explicit edges and captured approval artifact selections.",
    "The actual profile menu selected light theme; the newly generated private profile alone was set to Chinese before a completed-history restart.",
    "Actual completed native C# Build retained zero model requests; presentation and artifact reads dispatched no further work.",
    "At 760px the canvas allocation and inspector do not overlap, document width does not overflow, and Tool identity remains selectable."
  ],
  "screenshots": [
    "C:\\Users\\USER\\Desktop\\Personal\\ZCode\\.tmp\\z1-native-1790255094081-438c01\\z4-presentation-build-native-permission.png",
    "C:\\Users\\USER\\Desktop\\Personal\\ZCode\\.tmp\\z1-native-1790255094081-438c01\\z4-chinese-light-narrow-canvas.png",
    "C:\\Users\\USER\\Desktop\\Personal\\ZCode\\.tmp\\z1-native-1790255094081-438c01\\z4-chinese-light-narrow-tool-inspector.png",
    "C:\\Users\\USER\\Desktop\\Personal\\ZCode\\.tmp\\z1-native-1790255094081-438c01\\z4-chinese-light-narrow-artifact.png",
    "C:\\Users\\USER\\Desktop\\Personal\\ZCode\\.tmp\\z1-native-1790255094081-438c01\\z4-chinese-light-narrow-tool-editor.png"
  ],
  "fixture": {
    "runnerDigest": "7cd3cd702a05178bc73b52a10b9f1f012a94942aa7d06377dda2a42b1f05ef79",
    "source": {
      "digest": "6c15a9faaa6c96609bdff37e3f8f6b49da9824037f34cca3affc968174ac15ef",
      "files": [
        {
          "path": "Directory.Build.props",
          "length": 12,
          "digest": "17284cb74605517cbec8a8153505da71a685b28694b67b5ef80608cd79b1c0ea"
        },
        {
          "path": "Directory.Build.targets",
          "length": 12,
          "digest": "17284cb74605517cbec8a8153505da71a685b28694b67b5ef80608cd79b1c0ea"
        },
        {
          "path": "Directory.Packages.props",
          "length": 12,
          "digest": "17284cb74605517cbec8a8153505da71a685b28694b67b5ef80608cd79b1c0ea"
        },
        {
          "path": "MathOps.cs",
          "length": 96,
          "digest": "c74c3bced09a37ec35a9d435752abd3743a8b40a6998d2b95b63400b08c61cd1"
        },
        {
          "path": "NuGet.Config",
          "length": 112,
          "digest": "7d59a339f0f6022f0710d690fe52e2a0f868519847651f6c10f6c9ff1bd7213a"
        },
        {
          "path": "Runner.cs",
          "length": 3700,
          "digest": "7cd3cd702a05178bc73b52a10b9f1f012a94942aa7d06377dda2a42b1f05ef79"
        },
        {
          "path": "Z4Fixture.csproj",
          "length": 494,
          "digest": "97413a96ff9fb4bfc78841548e1d11971590ce5d25a743e6a83b1a1b3fb910ff"
        },
        {
          "path": "global.json",
          "length": 54,
          "digest": "9969992897aee36fbc62db0976390d87b1275dc0d7c6fcb937a7f81a316f97dc"
        }
      ]
    }
  },
  "layout": {
    "mainBottom": 594,
    "childrenBottom": 594,
    "inspectorTop": 606
  },
  "viewport": {
    "width": 760,
    "height": 1000,
    "scrollWidth": 760,
    "clientWidth": 760,
    "theme": "theme-zai-light platform-windows-desktop",
    "language": "en"
  },
  "coverageLimit": "Desktop narrow layout and Chinese/light Tool editor/inspection only. Actual mobile Web is NOT RUN.",
  "status": "PASS",
  "finalRecord": {
    "version": 4,
    "workspaceKey": "C:\\Users\\USER\\Desktop\\Personal\\ZCode\\.tmp\\z1-native-1790255094081-438c01\\workspace",
    "definition": {
      "version": 4,
      "revision": 2,
      "name": "Z4 isolated C# build-only",
      "nodes": [
        {
          "id": "start",
          "position": {
            "x": 40,
            "y": 100
          },
          "type": "start",
          "request": ""
        },
        {
          "id": "end",
          "position": {
            "x": 860,
            "y": 100
          },
          "type": "end",
          "outputNodeId": "0dfdf4cf-a717-4412-83fa-de7f6bb47b7a"
        },
        {
          "id": "0dfdf4cf-a717-4412-83fa-de7f6bb47b7a",
          "position": {
            "x": 600,
            "y": 100
          },
          "type": "tool",
          "name": "Build",
          "recipeId": "fixture-build"
        }
      ],
      "edges": [
        {
          "source": "0dfdf4cf-a717-4412-83fa-de7f6bb47b7a",
          "target": "end"
        },
        {
          "source": "start",
          "target": "0dfdf4cf-a717-4412-83fa-de7f6bb47b7a"
        }
      ]
    },
    "runs": [
      {
        "id": "bab6cf50-29ef-4d5a-93af-850910f307c7",
        "requestId": "2591fe23-48b2-4656-a646-889dece95a81",
        "target": {
          "workspacePath": "C:\\Users\\USER\\Desktop\\Personal\\ZCode\\.tmp\\z1-native-1790255094081-438c01\\workspace"
        },
        "status": "Completed",
        "createdAt": 1790255099639,
        "updatedAt": 1790255103275,
        "version": 4,
        "requestFingerprint": "{\"mode\":\"build\",\"modelSelection\":{\"modelId\":\"graph-tool-only\",\"providerId\":\"graph-tool-only\"},\"planEnabled\":false,\"revision\":2,\"target\":{\"workspacePath\":\"C:\\\\Users\\\\USER\\\\Desktop\\\\Personal\\\\ZCode\\\\.tmp\\\\z1-native-1790255094081-438c01\\\\workspace\"}}",
        "definition": {
          "version": 4,
          "revision": 2,
          "name": "Z4 isolated C# build-only",
          "nodes": [
            {
              "id": "start",
              "position": {
                "x": 40,
                "y": 100
              },
              "type": "start",
              "request": ""
            },
            {
              "id": "end",
              "position": {
                "x": 860,
                "y": 100
              },
              "type": "end",
              "outputNodeId": "0dfdf4cf-a717-4412-83fa-de7f6bb47b7a"
            },
            {
              "id": "0dfdf4cf-a717-4412-83fa-de7f6bb47b7a",
              "position": {
                "x": 600,
                "y": 100
              },
              "type": "tool",
              "name": "Build",
              "recipeId": "fixture-build"
            }
          ],
          "edges": [
            {
              "source": "0dfdf4cf-a717-4412-83fa-de7f6bb47b7a",
              "target": "end"
            },
            {
              "source": "start",
              "target": "0dfdf4cf-a717-4412-83fa-de7f6bb47b7a"
            }
          ]
        },
        "defaults": {
          "modelSelection": {
            "providerId": "graph-tool-only",
            "modelId": "graph-tool-only"
          },
          "mode": "build",
          "planEnabled": false
        },
        "plannedPath": [
          "0dfdf4cf-a717-4412-83fa-de7f6bb47b7a"
        ],
        "startInput": "",
        "nodeAttempts": [],
        "approvalAttempts": [],
        "toolAttempts": [
          {
            "nodeId": "0dfdf4cf-a717-4412-83fa-de7f6bb47b7a",
            "attemptId": "3b7c8b84-fe53-4884-8a61-8dffff4ad1c7",
            "operationId": "cbe25827-1123-4981-bc75-4785556fde42",
            "recipe": {
              "id": "fixture-build",
              "name": "Build C# fixture",
              "executable": "dotnet",
              "args": [
                "build",
                "Z4Fixture.csproj",
                "--configuration",
                "Release",
                "--nologo",
                "--no-incremental",
                "--disable-build-servers",
                "-p:RestoreConfigFile=NuGet.Config",
                "-p:NuGetAudit=false",
                "-p:UseSharedCompilation=false",
                "-p:ImportDirectoryBuildProps=false",
                "-p:ImportDirectoryBuildTargets=false",
                "-p:ImportDirectoryPackagesProps=false",
                "-nodeReuse:false"
              ],
              "cwd": ".",
              "timeoutMs": 60000,
              "sourcePaths": [
                "Z4Fixture.csproj",
                "MathOps.cs",
                "Runner.cs",
                "global.json",
                "NuGet.Config",
                "Directory.Build.props",
                "Directory.Build.targets",
                "Directory.Packages.props"
              ],
              "expectedOutputs": [
                "bin/Release/net8.0/Z4Fixture.dll",
                "bin/Release/net8.0/Z4Fixture.deps.json",
                "bin/Release/net8.0/Z4Fixture.runtimeconfig.json"
              ],
              "verifier": {
                "kind": "build"
              }
            },
            "recipeDigest": "eb2960224cf63fca86773a89ca7b1fff0ed5fc6012fd4b81b996614e4aec695e",
            "status": "Completed",
            "dispatchPhase": "accepted",
            "createdAt": 1790255099639,
            "updatedAt": 1790255103275,
            "sessionId": "sess_1aa42278-cf41-45a5-9b6a-4b22e972a766",
            "runtimeIdentity": "C:\\Users\\USER\\Desktop\\Personal\\ZCode\\.tmp\\z1-native-1790255094081-438c01\\workspace:1:30988:agent-52c48a92-22be-4d8b-846a-e96fef9de991",
            "sourceDigest": "295b19f442eebbacb47a3206595fb9de5a25226fe60be79880eaa0a2a2711bbe",
            "outputDigest": "de8f92bdf5267d9ac4f892f691b7442d2eede62dda3c89d120c3685d98e061de",
            "resolvedArgs": [
              "build",
              "Z4Fixture.csproj",
              "--configuration",
              "Release",
              "--nologo",
              "--no-incremental",
              "--disable-build-servers",
              "-p:RestoreConfigFile=NuGet.Config",
              "-p:NuGetAudit=false",
              "-p:UseSharedCompilation=false",
              "-p:ImportDirectoryBuildProps=false",
              "-p:ImportDirectoryBuildTargets=false",
              "-p:ImportDirectoryPackagesProps=false",
              "-nodeReuse:false"
            ],
            "outputsBefore": [
              {
                "path": "bin/Release/net8.0/Z4Fixture.deps.json",
                "exists": false
              },
              {
                "path": "bin/Release/net8.0/Z4Fixture.dll",
                "exists": false
              },
              {
                "path": "bin/Release/net8.0/Z4Fixture.runtimeconfig.json",
                "exists": false
              }
            ],
            "operation": {
              "operationId": "cbe25827-1123-4981-bc75-4785556fde42",
              "sessionId": "sess_1aa42278-cf41-45a5-9b6a-4b22e972a766",
              "requestDigest": "fb177b3072cd7ea32f8df036fccc959da8713869a913ef6350fc8499c5a93f07",
              "recipeId": "fixture-build",
              "cwd": "C:\\Users\\USER\\Desktop\\Personal\\ZCode\\.tmp\\z1-native-1790255094081-438c01\\workspace",
              "status": "completed",
              "processStarted": true,
              "startedAt": 1790255101447,
              "completedAt": 1790255103274,
              "result": {
                "status": "completed",
                "exitCode": 0,
                "stdout": {
                  "text": "  Determining projects to restore...\n  Restored [USER_PATH] (in 36 ms).\n  Z4Fixture -> [USER_PATH]\n\nBuild succeeded.\n    0 Warning(s)\n    0 Error(s)\n\nTime Elapsed 00:00:01.52\n",
                  "bytes": 376,
                  "truncated": false
                },
                "stderr": {
                  "text": "",
                  "bytes": 0,
                  "truncated": false
                },
                "durationMs": 1822,
                "timedOut": false,
                "cancelled": false,
                "processExitObserved": true
              }
            },
            "verification": {
              "processKnown": true,
              "exitSuccessful": true,
              "reportFresh": false,
              "reportParsed": false,
              "acceptancePassed": true,
              "classification": "build",
              "issues": []
            }
          }
        ],
        "artifacts": [
          {
            "id": "d67a8c81-7156-4c7a-b6b2-01c7cd1217a5",
            "runId": "bab6cf50-29ef-4d5a-93af-850910f307c7",
            "nodeId": "0dfdf4cf-a717-4412-83fa-de7f6bb47b7a",
            "attemptId": "3b7c8b84-fe53-4884-8a61-8dffff4ad1c7",
            "workspaceKey": "C:\\Users\\USER\\Desktop\\Personal\\ZCode\\.tmp\\z1-native-1790255094081-438c01\\workspace",
            "type": "command",
            "provenance": "native-command",
            "bytes": 744,
            "digest": "4287fc11dc0d617f9b53b654d60a62efd6ea7872b06239199ddd37bf7f7c71da",
            "capturedAt": 1790255103275,
            "validation": "valid",
            "sourceBaseline": "295b19f442eebbacb47a3206595fb9de5a25226fe60be79880eaa0a2a2711bbe",
            "sessionId": "sess_1aa42278-cf41-45a5-9b6a-4b22e972a766",
            "operationId": "cbe25827-1123-4981-bc75-4785556fde42"
          },
          {
            "id": "ab5e4be8-444b-4897-b26c-7ee56b614176",
            "runId": "bab6cf50-29ef-4d5a-93af-850910f307c7",
            "nodeId": "0dfdf4cf-a717-4412-83fa-de7f6bb47b7a",
            "attemptId": "3b7c8b84-fe53-4884-8a61-8dffff4ad1c7",
            "workspaceKey": "C:\\Users\\USER\\Desktop\\Personal\\ZCode\\.tmp\\z1-native-1790255094081-438c01\\workspace",
            "type": "file",
            "provenance": "workspace-file",
            "bytes": 0,
            "digest": "e3b0c44298fc1c149afbf4c8996fb92427ae41e4649b934ca495991b7852b855",
            "capturedAt": 1790255103275,
            "validation": "incomplete",
            "issue": "The encoded data was not valid for encoding utf-8",
            "sourceBaseline": "295b19f442eebbacb47a3206595fb9de5a25226fe60be79880eaa0a2a2711bbe",
            "sourcePath": "bin/Release/net8.0/Z4Fixture.dll",
            "sessionId": "sess_1aa42278-cf41-45a5-9b6a-4b22e972a766",
            "operationId": "cbe25827-1123-4981-bc75-4785556fde42"
          },
          {
            "id": "967045bc-20e6-4f2c-a3a9-3091bf644a6d",
            "runId": "bab6cf50-29ef-4d5a-93af-850910f307c7",
            "nodeId": "0dfdf4cf-a717-4412-83fa-de7f6bb47b7a",
            "attemptId": "3b7c8b84-fe53-4884-8a61-8dffff4ad1c7",
            "workspaceKey": "C:\\Users\\USER\\Desktop\\Personal\\ZCode\\.tmp\\z1-native-1790255094081-438c01\\workspace",
            "type": "file",
            "provenance": "workspace-file",
            "bytes": 419,
            "digest": "966c1943eeee943a49a89672e0545508aae39097e66ae7fb9cd27c552b253805",
            "capturedAt": 1790255103275,
            "validation": "valid",
            "sourceBaseline": "295b19f442eebbacb47a3206595fb9de5a25226fe60be79880eaa0a2a2711bbe",
            "sourcePath": "bin/Release/net8.0/Z4Fixture.deps.json",
            "sessionId": "sess_1aa42278-cf41-45a5-9b6a-4b22e972a766",
            "operationId": "cbe25827-1123-4981-bc75-4785556fde42"
          },
          {
            "id": "5ee311c4-d997-4ba1-84f6-c03ca66d40cd",
            "runId": "bab6cf50-29ef-4d5a-93af-850910f307c7",
            "nodeId": "0dfdf4cf-a717-4412-83fa-de7f6bb47b7a",
            "attemptId": "3b7c8b84-fe53-4884-8a61-8dffff4ad1c7",
            "workspaceKey": "C:\\Users\\USER\\Desktop\\Personal\\ZCode\\.tmp\\z1-native-1790255094081-438c01\\workspace",
            "type": "file",
            "provenance": "workspace-file",
            "bytes": 340,
            "digest": "28329cf08f6505e73806b17558b187c02f0c1c516fe47ebfb7a013d082aaa306",
            "capturedAt": 1790255103275,
            "validation": "valid",
            "sourceBaseline": "295b19f442eebbacb47a3206595fb9de5a25226fe60be79880eaa0a2a2711bbe",
            "sourcePath": "bin/Release/net8.0/Z4Fixture.runtimeconfig.json",
            "sessionId": "sess_1aa42278-cf41-45a5-9b6a-4b22e972a766",
            "operationId": "cbe25827-1123-4981-bc75-4785556fde42"
          }
        ],
        "artifactBindings": [
          {
            "nodeId": "0dfdf4cf-a717-4412-83fa-de7f6bb47b7a",
            "attemptId": "3b7c8b84-fe53-4884-8a61-8dffff4ad1c7",
            "selector": "command",
            "artifactId": "d67a8c81-7156-4c7a-b6b2-01c7cd1217a5"
          },
          {
            "nodeId": "0dfdf4cf-a717-4412-83fa-de7f6bb47b7a",
            "attemptId": "3b7c8b84-fe53-4884-8a61-8dffff4ad1c7",
            "selector": "bin/Release/net8.0/Z4Fixture.dll",
            "artifactId": "ab5e4be8-444b-4897-b26c-7ee56b614176"
          },
          {
            "nodeId": "0dfdf4cf-a717-4412-83fa-de7f6bb47b7a",
            "attemptId": "3b7c8b84-fe53-4884-8a61-8dffff4ad1c7",
            "selector": "bin/Release/net8.0/Z4Fixture.deps.json",
            "artifactId": "967045bc-20e6-4f2c-a3a9-3091bf644a6d"
          },
          {
            "nodeId": "0dfdf4cf-a717-4412-83fa-de7f6bb47b7a",
            "attemptId": "3b7c8b84-fe53-4884-8a61-8dffff4ad1c7",
            "selector": "bin/Release/net8.0/Z4Fixture.runtimeconfig.json",
            "artifactId": "5ee311c4-d997-4ba1-84f6-c03ca66d40cd"
          }
        ],
        "resultArtifactId": "d67a8c81-7156-4c7a-b6b2-01c7cd1217a5"
      }
    ]
  },
  "nativeLedger": [],
  "nativeToolResults": [],
  "providerErrors": [],
  "modelRequests": 0,
  "marker": "Z4_FRESH_REVIEW_d772823c-8bb3-4837-b5c4-3205413b4e2d"
}
