(node:25768) ExperimentalWarning: SQLite is an experimental feature and might change at any time
(Use `node --trace-warnings ...` to show where the warning was created)
{
  "scenario": "chinese-light-narrow",
  "home": "C:\\Users\\USER\\Desktop\\Personal\\ZCode\\.tmp\\z1-native-1790255586678-2dd3cb",
  "workspace": "C:\\Users\\USER\\Desktop\\Personal\\ZCode\\.tmp\\z1-native-1790255586678-2dd3cb\\workspace",
  "assertions": [
    "Actual native editor saves named C# recipes, Tool nodes, explicit edges and captured approval artifact selections.",
    "The actual profile menu selected light theme; the newly generated private profile alone was set to Chinese before a completed-history restart.",
    "Actual completed native C# Build retained zero model requests; presentation and artifact reads dispatched no further work.",
    "Build report freshness/parsing is explicitly Not applicable in English and Chinese; Tool deletion names a Tool.",
    "At 760px the canvas allocation and inspector do not overlap, document width does not overflow, and Tool identity remains selectable."
  ],
  "screenshots": [
    "C:\\Users\\USER\\Desktop\\Personal\\ZCode\\.tmp\\z1-native-1790255586678-2dd3cb\\z4-presentation-build-native-permission.png",
    "C:\\Users\\USER\\Desktop\\Personal\\ZCode\\.tmp\\z1-native-1790255586678-2dd3cb\\z4-chinese-light-narrow-canvas.png",
    "C:\\Users\\USER\\Desktop\\Personal\\ZCode\\.tmp\\z1-native-1790255586678-2dd3cb\\z4-chinese-light-narrow-tool-inspector.png",
    "C:\\Users\\USER\\Desktop\\Personal\\ZCode\\.tmp\\z1-native-1790255586678-2dd3cb\\z4-chinese-light-narrow-artifact.png",
    "C:\\Users\\USER\\Desktop\\Personal\\ZCode\\.tmp\\z1-native-1790255586678-2dd3cb\\z4-chinese-light-narrow-tool-editor.png"
  ],
  "fixture": {
    "runnerDigest": "7cd3cd702a05178bc73b52a10b9f1f012a94942aa7d06377dda2a42b1f05ef79",
    "source": {
      "digest": "6c15a9faaa6c96609bdff37e3f8f6b49da9824037f34cca3affc968174ac15ef",
      "files": [
        {
          "path": "Directory.Build.props",
          "length": 12,
          "digest": "17284cb74605517cbec8a8153505da71a685b28694b67b5ef80608cd79b1c0ea"
        },
        {
          "path": "Directory.Build.targets",
          "length": 12,
          "digest": "17284cb74605517cbec8a8153505da71a685b28694b67b5ef80608cd79b1c0ea"
        },
        {
          "path": "Directory.Packages.props",
          "length": 12,
          "digest": "17284cb74605517cbec8a8153505da71a685b28694b67b5ef80608cd79b1c0ea"
        },
        {
          "path": "MathOps.cs",
          "length": 96,
          "digest": "c74c3bced09a37ec35a9d435752abd3743a8b40a6998d2b95b63400b08c61cd1"
        },
        {
          "path": "NuGet.Config",
          "length": 112,
          "digest": "7d59a339f0f6022f0710d690fe52e2a0f868519847651f6c10f6c9ff1bd7213a"
        },
        {
          "path": "Runner.cs",
          "length": 3700,
          "digest": "7cd3cd702a05178bc73b52a10b9f1f012a94942aa7d06377dda2a42b1f05ef79"
        },
        {
          "path": "Z4Fixture.csproj",
          "length": 494,
          "digest": "97413a96ff9fb4bfc78841548e1d11971590ce5d25a743e6a83b1a1b3fb910ff"
        },
        {
          "path": "global.json",
          "length": 54,
          "digest": "9969992897aee36fbc62db0976390d87b1275dc0d7c6fcb937a7f81a316f97dc"
        }
      ]
    }
  },
  "layout": {
    "mainBottom": 594,
    "childrenBottom": 594,
    "inspectorTop": 606
  },
  "viewport": {
    "width": 760,
    "height": 1000,
    "scrollWidth": 760,
    "clientWidth": 760,
    "theme": "theme-zai-light platform-windows-desktop",
    "language": "en"
  },
  "coverageLimit": "Desktop narrow layout and Chinese/light Tool editor/inspection only. Actual mobile Web is NOT RUN.",
  "status": "PASS",
  "finalRecord": {
    "version": 4,
    "workspaceKey": "C:\\Users\\USER\\Desktop\\Personal\\ZCode\\.tmp\\z1-native-1790255586678-2dd3cb\\workspace",
    "definition": {
      "version": 4,
      "revision": 2,
      "name": "Z4 isolated C# build-only",
      "nodes": [
        {
          "id": "start",
          "position": {
            "x": 40,
            "y": 100
          },
          "type": "start",
          "request": ""
        },
        {
          "id": "end",
          "position": {
            "x": 860,
            "y": 100
          },
          "type": "end",
          "outputNodeId": "04c6e8da-0a85-4e5d-aadb-084623fbbb9e"
        },
        {
          "id": "04c6e8da-0a85-4e5d-aadb-084623fbbb9e",
          "position": {
            "x": 600,
            "y": 100
          },
          "type": "tool",
          "name": "Build",
          "recipeId": "fixture-build"
        }
      ],
      "edges": [
        {
          "source": "04c6e8da-0a85-4e5d-aadb-084623fbbb9e",
          "target": "end"
        },
        {
          "source": "start",
          "target": "04c6e8da-0a85-4e5d-aadb-084623fbbb9e"
        }
      ]
    },
    "runs": [
      {
        "id": "394a7c73-8019-48a6-8f47-65b1355e97e4",
        "requestId": "7e7de4cd-03aa-431f-ac93-5c192714b1a2",
        "target": {
          "workspacePath": "C:\\Users\\USER\\Desktop\\Personal\\ZCode\\.tmp\\z1-native-1790255586678-2dd3cb\\workspace"
        },
        "status": "Completed",
        "createdAt": 1790255592386,
        "updatedAt": 1790255596298,
        "version": 4,
        "requestFingerprint": "{\"mode\":\"build\",\"modelSelection\":{\"modelId\":\"graph-tool-only\",\"providerId\":\"graph-tool-only\"},\"planEnabled\":false,\"revision\":2,\"target\":{\"workspacePath\":\"C:\\\\Users\\\\USER\\\\Desktop\\\\Personal\\\\ZCode\\\\.tmp\\\\z1-native-1790255586678-2dd3cb\\\\workspace\"}}",
        "definition": {
          "version": 4,
          "revision": 2,
          "name": "Z4 isolated C# build-only",
          "nodes": [
            {
              "id": "start",
              "position": {
                "x": 40,
                "y": 100
              },
              "type": "start",
              "request": ""
            },
            {
              "id": "end",
              "position": {
                "x": 860,
                "y": 100
              },
              "type": "end",
              "outputNodeId": "04c6e8da-0a85-4e5d-aadb-084623fbbb9e"
            },
            {
              "id": "04c6e8da-0a85-4e5d-aadb-084623fbbb9e",
              "position": {
                "x": 600,
                "y": 100
              },
              "type": "tool",
              "name": "Build",
              "recipeId": "fixture-build"
            }
          ],
          "edges": [
            {
              "source": "04c6e8da-0a85-4e5d-aadb-084623fbbb9e",
              "target": "end"
            },
            {
              "source": "start",
              "target": "04c6e8da-0a85-4e5d-aadb-084623fbbb9e"
            }
          ]
        },
        "defaults": {
          "modelSelection": {
            "providerId": "graph-tool-only",
            "modelId": "graph-tool-only"
          },
          "mode": "build",
          "planEnabled": false
        },
        "plannedPath": [
          "04c6e8da-0a85-4e5d-aadb-084623fbbb9e"
        ],
        "startInput": "",
        "nodeAttempts": [],
        "approvalAttempts": [],
        "toolAttempts": [
          {
            "nodeId": "04c6e8da-0a85-4e5d-aadb-084623fbbb9e",
            "attemptId": "7ea8c115-5439-43da-bd84-f411f73e29fc",
            "operationId": "874abcbf-c92c-490c-a3e3-7bebb5327025",
            "recipe": {
              "id": "fixture-build",
              "name": "Build C# fixture",
              "executable": "dotnet",
              "args": [
                "build",
                "Z4Fixture.csproj",
                "--configuration",
                "Release",
                "--nologo",
                "--no-incremental",
                "--disable-build-servers",
                "-p:RestoreConfigFile=NuGet.Config",
                "-p:NuGetAudit=false",
                "-p:UseSharedCompilation=false",
                "-p:ImportDirectoryBuildProps=false",
                "-p:ImportDirectoryBuildTargets=false",
                "-p:ImportDirectoryPackagesProps=false",
                "-nodeReuse:false"
              ],
              "cwd": ".",
              "timeoutMs": 60000,
              "sourcePaths": [
                "Z4Fixture.csproj",
                "MathOps.cs",
                "Runner.cs",
                "global.json",
                "NuGet.Config",
                "Directory.Build.props",
                "Directory.Build.targets",
                "Directory.Packages.props"
              ],
              "expectedOutputs": [
                "bin/Release/net8.0/Z4Fixture.dll",
                "bin/Release/net8.0/Z4Fixture.deps.json",
                "bin/Release/net8.0/Z4Fixture.runtimeconfig.json"
              ],
              "verifier": {
                "kind": "build"
              }
            },
            "recipeDigest": "eb2960224cf63fca86773a89ca7b1fff0ed5fc6012fd4b81b996614e4aec695e",
            "status": "Completed",
            "dispatchPhase": "accepted",
            "createdAt": 1790255592386,
            "updatedAt": 1790255596298,
            "sessionId": "sess_4877f2a3-8737-4fc0-8b36-70d4f2b64f71",
            "runtimeIdentity": "C:\\Users\\USER\\Desktop\\Personal\\ZCode\\.tmp\\z1-native-1790255586678-2dd3cb\\workspace:1:42992:agent-3bdeb707-88c7-4bd9-8260-46043e783aa3",
            "sourceDigest": "295b19f442eebbacb47a3206595fb9de5a25226fe60be79880eaa0a2a2711bbe",
            "outputDigest": "776c81af59692ad523fb15adddcf99695ef2efd9359a83853bf5ff8916bfcd6e",
            "resolvedArgs": [
              "build",
              "Z4Fixture.csproj",
              "--configuration",
              "Release",
              "--nologo",
              "--no-incremental",
              "--disable-build-servers",
              "-p:RestoreConfigFile=NuGet.Config",
              "-p:NuGetAudit=false",
              "-p:UseSharedCompilation=false",
              "-p:ImportDirectoryBuildProps=false",
              "-p:ImportDirectoryBuildTargets=false",
              "-p:ImportDirectoryPackagesProps=false",
              "-nodeReuse:false"
            ],
            "outputsBefore": [
              {
                "path": "bin/Release/net8.0/Z4Fixture.deps.json",
                "exists": false
              },
              {
                "path": "bin/Release/net8.0/Z4Fixture.dll",
                "exists": false
              },
              {
                "path": "bin/Release/net8.0/Z4Fixture.runtimeconfig.json",
                "exists": false
              }
            ],
            "operation": {
              "operationId": "874abcbf-c92c-490c-a3e3-7bebb5327025",
              "sessionId": "sess_4877f2a3-8737-4fc0-8b36-70d4f2b64f71",
              "requestDigest": "ac630fdc4cda8e797b14d46e7a99ec1b7f4f6164c94450aa623936c26ca321ab",
              "recipeId": "fixture-build",
              "cwd": "C:\\Users\\USER\\Desktop\\Personal\\ZCode\\.tmp\\z1-native-1790255586678-2dd3cb\\workspace",
              "status": "completed",
              "processStarted": true,
              "startedAt": 1790255594281,
              "completedAt": 1790255596162,
              "result": {
                "status": "completed",
                "exitCode": 0,
                "stdout": {
                  "text": "  Determining projects to restore...\n  Restored [USER_PATH] (in 38 ms).\n  Z4Fixture -> [USER_PATH]\n\nBuild succeeded.\n    0 Warning(s)\n    0 Error(s)\n\nTime Elapsed 00:00:01.55\n",
                  "bytes": 376,
                  "truncated": false
                },
                "stderr": {
                  "text": "",
                  "bytes": 0,
                  "truncated": false
                },
                "durationMs": 1876,
                "timedOut": false,
                "cancelled": false,
                "processExitObserved": true
              }
            },
            "verification": {
              "processKnown": true,
              "exitSuccessful": true,
              "reportFresh": false,
              "reportParsed": false,
              "acceptancePassed": true,
              "classification": "build",
              "issues": []
            }
          }
        ],
        "artifacts": [
          {
            "id": "f446b983-fe31-49cb-814c-0430d5a02aac",
            "runId": "394a7c73-8019-48a6-8f47-65b1355e97e4",
            "nodeId": "04c6e8da-0a85-4e5d-aadb-084623fbbb9e",
            "attemptId": "7ea8c115-5439-43da-bd84-f411f73e29fc",
            "workspaceKey": "C:\\Users\\USER\\Desktop\\Personal\\ZCode\\.tmp\\z1-native-1790255586678-2dd3cb\\workspace",
            "type": "command",
            "provenance": "native-command",
            "bytes": 744,
            "digest": "8a224db512a7812f3d6a6a3837c5ffcc9a811f50b65095a73972f409a1162a70",
            "capturedAt": 1790255596299,
            "validation": "valid",
            "sourceBaseline": "295b19f442eebbacb47a3206595fb9de5a25226fe60be79880eaa0a2a2711bbe",
            "sessionId": "sess_4877f2a3-8737-4fc0-8b36-70d4f2b64f71",
            "operationId": "874abcbf-c92c-490c-a3e3-7bebb5327025"
          },
          {
            "id": "513b453c-7b92-4fa3-95c6-b5e4536fea69",
            "runId": "394a7c73-8019-48a6-8f47-65b1355e97e4",
            "nodeId": "04c6e8da-0a85-4e5d-aadb-084623fbbb9e",
            "attemptId": "7ea8c115-5439-43da-bd84-f411f73e29fc",
            "workspaceKey": "C:\\Users\\USER\\Desktop\\Personal\\ZCode\\.tmp\\z1-native-1790255586678-2dd3cb\\workspace",
            "type": "file",
            "provenance": "workspace-file",
            "bytes": 0,
            "digest": "e3b0c44298fc1c149afbf4c8996fb92427ae41e4649b934ca495991b7852b855",
            "capturedAt": 1790255596299,
            "validation": "incomplete",
            "issue": "The encoded data was not valid for encoding utf-8",
            "sourceBaseline": "295b19f442eebbacb47a3206595fb9de5a25226fe60be79880eaa0a2a2711bbe",
            "sourcePath": "bin/Release/net8.0/Z4Fixture.dll",
            "sessionId": "sess_4877f2a3-8737-4fc0-8b36-70d4f2b64f71",
            "operationId": "874abcbf-c92c-490c-a3e3-7bebb5327025"
          },
          {
            "id": "0517ceb5-04a4-44a6-9bd7-5c4ebdf72eec",
            "runId": "394a7c73-8019-48a6-8f47-65b1355e97e4",
            "nodeId": "04c6e8da-0a85-4e5d-aadb-084623fbbb9e",
            "attemptId": "7ea8c115-5439-43da-bd84-f411f73e29fc",
            "workspaceKey": "C:\\Users\\USER\\Desktop\\Personal\\ZCode\\.tmp\\z1-native-1790255586678-2dd3cb\\workspace",
            "type": "file",
            "provenance": "workspace-file",
            "bytes": 419,
            "digest": "966c1943eeee943a49a89672e0545508aae39097e66ae7fb9cd27c552b253805",
            "capturedAt": 1790255596299,
            "validation": "valid",
            "sourceBaseline": "295b19f442eebbacb47a3206595fb9de5a25226fe60be79880eaa0a2a2711bbe",
            "sourcePath": "bin/Release/net8.0/Z4Fixture.deps.json",
            "sessionId": "sess_4877f2a3-8737-4fc0-8b36-70d4f2b64f71",
            "operationId": "874abcbf-c92c-490c-a3e3-7bebb5327025"
          },
          {
            "id": "4cf09350-3a66-4ffe-9d2a-4743246b7d9e",
            "runId": "394a7c73-8019-48a6-8f47-65b1355e97e4",
            "nodeId": "04c6e8da-0a85-4e5d-aadb-084623fbbb9e",
            "attemptId": "7ea8c115-5439-43da-bd84-f411f73e29fc",
            "workspaceKey": "C:\\Users\\USER\\Desktop\\Personal\\ZCode\\.tmp\\z1-native-1790255586678-2dd3cb\\workspace",
            "type": "file",
            "provenance": "workspace-file",
            "bytes": 340,
            "digest": "28329cf08f6505e73806b17558b187c02f0c1c516fe47ebfb7a013d082aaa306",
            "capturedAt": 1790255596299,
            "validation": "valid",
            "sourceBaseline": "295b19f442eebbacb47a3206595fb9de5a25226fe60be79880eaa0a2a2711bbe",
            "sourcePath": "bin/Release/net8.0/Z4Fixture.runtimeconfig.json",
            "sessionId": "sess_4877f2a3-8737-4fc0-8b36-70d4f2b64f71",
            "operationId": "874abcbf-c92c-490c-a3e3-7bebb5327025"
          }
        ],
        "artifactBindings": [
          {
            "nodeId": "04c6e8da-0a85-4e5d-aadb-084623fbbb9e",
            "attemptId": "7ea8c115-5439-43da-bd84-f411f73e29fc",
            "selector": "command",
            "artifactId": "f446b983-fe31-49cb-814c-0430d5a02aac"
          },
          {
            "nodeId": "04c6e8da-0a85-4e5d-aadb-084623fbbb9e",
            "attemptId": "7ea8c115-5439-43da-bd84-f411f73e29fc",
            "selector": "bin/Release/net8.0/Z4Fixture.dll",
            "artifactId": "513b453c-7b92-4fa3-95c6-b5e4536fea69"
          },
          {
            "nodeId": "04c6e8da-0a85-4e5d-aadb-084623fbbb9e",
            "attemptId": "7ea8c115-5439-43da-bd84-f411f73e29fc",
            "selector": "bin/Release/net8.0/Z4Fixture.deps.json",
            "artifactId": "0517ceb5-04a4-44a6-9bd7-5c4ebdf72eec"
          },
          {
            "nodeId": "04c6e8da-0a85-4e5d-aadb-084623fbbb9e",
            "attemptId": "7ea8c115-5439-43da-bd84-f411f73e29fc",
            "selector": "bin/Release/net8.0/Z4Fixture.runtimeconfig.json",
            "artifactId": "4cf09350-3a66-4ffe-9d2a-4743246b7d9e"
          }
        ],
        "resultArtifactId": "f446b983-fe31-49cb-814c-0430d5a02aac"
      }
    ]
  },
  "nativeLedger": [],
  "nativeToolResults": [],
  "providerErrors": [],
  "modelRequests": 0,
  "marker": "Z4_FRESH_REVIEW_93a648fc-2d9f-4396-b238-e5f9c48d9318"
}
