(node:41748) ExperimentalWarning: SQLite is an experimental feature and might change at any time
(Use `node --trace-warnings ...` to show where the warning was created)
{
  "scenario": "chinese-light-narrow",
  "home": "C:\\Users\\USER\\Desktop\\Personal\\ZCode\\.tmp\\z1-native-1790254778179-a46d97",
  "workspace": "C:\\Users\\USER\\Desktop\\Personal\\ZCode\\.tmp\\z1-native-1790254778179-a46d97\\workspace",
  "assertions": [
    "Actual native editor saves named C# recipes, Tool nodes, explicit edges and captured approval artifact selections."
  ],
  "screenshots": [
    "C:\\Users\\USER\\Desktop\\Personal\\ZCode\\.tmp\\z1-native-1790254778179-a46d97\\z4-presentation-build-native-permission.png",
    "C:\\Users\\USER\\Desktop\\Personal\\ZCode\\.tmp\\z1-native-1790254778179-a46d97\\z4-failure.png"
  ],
  "fixture": {
    "runnerDigest": "7cd3cd702a05178bc73b52a10b9f1f012a94942aa7d06377dda2a42b1f05ef79",
    "source": {
      "digest": "6c15a9faaa6c96609bdff37e3f8f6b49da9824037f34cca3affc968174ac15ef",
      "files": [
        {
          "path": "Directory.Build.props",
          "length": 12,
          "digest": "17284cb74605517cbec8a8153505da71a685b28694b67b5ef80608cd79b1c0ea"
        },
        {
          "path": "Directory.Build.targets",
          "length": 12,
          "digest": "17284cb74605517cbec8a8153505da71a685b28694b67b5ef80608cd79b1c0ea"
        },
        {
          "path": "Directory.Packages.props",
          "length": 12,
          "digest": "17284cb74605517cbec8a8153505da71a685b28694b67b5ef80608cd79b1c0ea"
        },
        {
          "path": "MathOps.cs",
          "length": 96,
          "digest": "c74c3bced09a37ec35a9d435752abd3743a8b40a6998d2b95b63400b08c61cd1"
        },
        {
          "path": "NuGet.Config",
          "length": 112,
          "digest": "7d59a339f0f6022f0710d690fe52e2a0f868519847651f6c10f6c9ff1bd7213a"
        },
        {
          "path": "Runner.cs",
          "length": 3700,
          "digest": "7cd3cd702a05178bc73b52a10b9f1f012a94942aa7d06377dda2a42b1f05ef79"
        },
        {
          "path": "Z4Fixture.csproj",
          "length": 494,
          "digest": "97413a96ff9fb4bfc78841548e1d11971590ce5d25a743e6a83b1a1b3fb910ff"
        },
        {
          "path": "global.json",
          "length": 54,
          "digest": "9969992897aee36fbc62db0976390d87b1275dc0d7c6fcb937a7f81a316f97dc"
        }
      ]
    }
  },
  "status": "FAIL",
  "error": "locator.hover: Timeout 30000ms exceeded.\nCall log:\n\u001b[2m  - waiting for getByRole('menuitem', { name: 'Language', exact: true })\u001b[22m\n\n    at C:\\Users\\USER\\Desktop\\Personal\\ZCode\\scripts\\graph-engineering\\z4-native-presentation.mjs:48:73",
  "body": "Command palette\n\nSearch and run commands available in this workspace.\n\nNew task\nCtrl+N\nSearch\nCtrl+K\nGraph Engineering\nAutomations\nPlugin Marketplace\nGroup\nProject\nProjects\nworkspace\nNo tasks yet\nTasks\nNo tasks yet\nConnect\nMobile remote control\nBack to chat\nGraph Engineering\n\nC:\\Users\\USER\\Desktop\\Personal\\ZCode\\.tmp\\z1-native-1790254778179-a46d97\\workspace\n\nDesign\nRuns\nFrozen run — submitted definition and settings\nZ4 isolated C# build-only · Input completed · 8:59:43 PM\n\nAll tasks share this workspace. Other Chats and editors can still change its files; avoid concurrent edits. A new run can repeat earlier side effects.\n\nStart\nEnd\nBuild\nInput completed\nReact Flow\nStart\nEnd\nBuild\n\nDrag nodes or select with Enter / Space then use arrow keys. Connect handles, or choose Next node in the inspector. Edges define order. Fit view is in the canvas controls.\n\n5b23c711-62e7-4b0e-a20e-79c3e98dfd0a\n\nRun completed\n\nThe sequence reached End with its required approvals. Check the saved evidence, conversations, file changes and test results for the requested outcome.\n\nBuild\n\nThis inspector shows the saved run snapshot. Later graph edits and Chat follow-ups cannot rewrite it.\n\nInput completed\n\nProcess completion, successful exit, fresh parsed evidence and acceptance are separate facts. Agent claims and graph approval do not replace these checks.\n\nOpen conversation\nProcess actually started\nYes\nProcess outcome known\nYes\nCommand exit successful\nYes\nExpected fresh output/report captured\nNo\nDeclared report parsed\nNo\nConfigured acceptance passed\nYes\nVerifier classification\nbuild\nDiscovered / passed / failed / skipped tests\n— / — / — / —\nFrozen recipe and native operation\nCaptured artifacts\ncommand · 876e1e0d-169f-4e15-9c7f-47e40c835d44 · valid\nfile · bin/Release/net8.0/Z4Fixture.dll · incomplete\nfile · bin/Release/net8.0/Z4Fixture.deps.json · valid\nfile · bin/Release/net8.0/Z4Fixture.runtimeconfig.json · valid\nExport metadata manifest",
  "finalRecord": {
    "version": 4,
    "workspaceKey": "C:\\Users\\USER\\Desktop\\Personal\\ZCode\\.tmp\\z1-native-1790254778179-a46d97\\workspace",
    "definition": {
      "version": 4,
      "revision": 2,
      "name": "Z4 isolated C# build-only",
      "nodes": [
        {
          "id": "start",
          "position": {
            "x": 40,
            "y": 100
          },
          "type": "start",
          "request": ""
        },
        {
          "id": "end",
          "position": {
            "x": 860,
            "y": 100
          },
          "type": "end",
          "outputNodeId": "4682aa09-0479-4947-8fe8-a47b8d331e6f"
        },
        {
          "id": "4682aa09-0479-4947-8fe8-a47b8d331e6f",
          "position": {
            "x": 600,
            "y": 100
          },
          "type": "tool",
          "name": "Build",
          "recipeId": "fixture-build"
        }
      ],
      "edges": [
        {
          "source": "4682aa09-0479-4947-8fe8-a47b8d331e6f",
          "target": "end"
        },
        {
          "source": "start",
          "target": "4682aa09-0479-4947-8fe8-a47b8d331e6f"
        }
      ]
    },
    "runs": [
      {
        "id": "5b23c711-62e7-4b0e-a20e-79c3e98dfd0a",
        "requestId": "e641c855-2348-4b45-a1d3-81a91ed51eaa",
        "target": {
          "workspacePath": "C:\\Users\\USER\\Desktop\\Personal\\ZCode\\.tmp\\z1-native-1790254778179-a46d97\\workspace"
        },
        "status": "Completed",
        "createdAt": 1790254783768,
        "updatedAt": 1790254787877,
        "version": 4,
        "requestFingerprint": "{\"mode\":\"build\",\"modelSelection\":{\"modelId\":\"graph-tool-only\",\"providerId\":\"graph-tool-only\"},\"planEnabled\":false,\"revision\":2,\"target\":{\"workspacePath\":\"C:\\\\Users\\\\USER\\\\Desktop\\\\Personal\\\\ZCode\\\\.tmp\\\\z1-native-1790254778179-a46d97\\\\workspace\"}}",
        "definition": {
          "version": 4,
          "revision": 2,
          "name": "Z4 isolated C# build-only",
          "nodes": [
            {
              "id": "start",
              "position": {
                "x": 40,
                "y": 100
              },
              "type": "start",
              "request": ""
            },
            {
              "id": "end",
              "position": {
                "x": 860,
                "y": 100
              },
              "type": "end",
              "outputNodeId": "4682aa09-0479-4947-8fe8-a47b8d331e6f"
            },
            {
              "id": "4682aa09-0479-4947-8fe8-a47b8d331e6f",
              "position": {
                "x": 600,
                "y": 100
              },
              "type": "tool",
              "name": "Build",
              "recipeId": "fixture-build"
            }
          ],
          "edges": [
            {
              "source": "4682aa09-0479-4947-8fe8-a47b8d331e6f",
              "target": "end"
            },
            {
              "source": "start",
              "target": "4682aa09-0479-4947-8fe8-a47b8d331e6f"
            }
          ]
        },
        "defaults": {
          "modelSelection": {
            "providerId": "graph-tool-only",
            "modelId": "graph-tool-only"
          },
          "mode": "build",
          "planEnabled": false
        },
        "plannedPath": [
          "4682aa09-0479-4947-8fe8-a47b8d331e6f"
        ],
        "startInput": "",
        "nodeAttempts": [],
        "approvalAttempts": [],
        "toolAttempts": [
          {
            "nodeId": "4682aa09-0479-4947-8fe8-a47b8d331e6f",
            "attemptId": "8840eec7-ac23-4331-a95d-f38da136f4ac",
            "operationId": "fcd272f4-81de-43a9-b5aa-43474e40990f",
            "recipe": {
              "id": "fixture-build",
              "name": "Build C# fixture",
              "executable": "dotnet",
              "args": [
                "build",
                "Z4Fixture.csproj",
                "--configuration",
                "Release",
                "--nologo",
                "--no-incremental",
                "--disable-build-servers",
                "-p:RestoreConfigFile=NuGet.Config",
                "-p:NuGetAudit=false",
                "-p:UseSharedCompilation=false",
                "-p:ImportDirectoryBuildProps=false",
                "-p:ImportDirectoryBuildTargets=false",
                "-p:ImportDirectoryPackagesProps=false",
                "-nodeReuse:false"
              ],
              "cwd": ".",
              "timeoutMs": 60000,
              "sourcePaths": [
                "Z4Fixture.csproj",
                "MathOps.cs",
                "Runner.cs",
                "global.json",
                "NuGet.Config",
                "Directory.Build.props",
                "Directory.Build.targets",
                "Directory.Packages.props"
              ],
              "expectedOutputs": [
                "bin/Release/net8.0/Z4Fixture.dll",
                "bin/Release/net8.0/Z4Fixture.deps.json",
                "bin/Release/net8.0/Z4Fixture.runtimeconfig.json"
              ],
              "verifier": {
                "kind": "build"
              }
            },
            "recipeDigest": "eb2960224cf63fca86773a89ca7b1fff0ed5fc6012fd4b81b996614e4aec695e",
            "status": "Completed",
            "dispatchPhase": "accepted",
            "createdAt": 1790254783768,
            "updatedAt": 1790254787877,
            "sessionId": "sess_9d81653d-3cfe-41d9-a61a-98f096912d4a",
            "runtimeIdentity": "C:\\Users\\USER\\Desktop\\Personal\\ZCode\\.tmp\\z1-native-1790254778179-a46d97\\workspace:1:23104:agent-c387954d-8d68-4de5-a2dd-94f13324224b",
            "sourceDigest": "295b19f442eebbacb47a3206595fb9de5a25226fe60be79880eaa0a2a2711bbe",
            "outputDigest": "a1af766625eadbef7d3f0a003f5f1b8c6bebdc88a1f3159dd71ccc235ebf8273",
            "resolvedArgs": [
              "build",
              "Z4Fixture.csproj",
              "--configuration",
              "Release",
              "--nologo",
              "--no-incremental",
              "--disable-build-servers",
              "-p:RestoreConfigFile=NuGet.Config",
              "-p:NuGetAudit=false",
              "-p:UseSharedCompilation=false",
              "-p:ImportDirectoryBuildProps=false",
              "-p:ImportDirectoryBuildTargets=false",
              "-p:ImportDirectoryPackagesProps=false",
              "-nodeReuse:false"
            ],
            "outputsBefore": [
              {
                "path": "bin/Release/net8.0/Z4Fixture.deps.json",
                "exists": false
              },
              {
                "path": "bin/Release/net8.0/Z4Fixture.dll",
                "exists": false
              },
              {
                "path": "bin/Release/net8.0/Z4Fixture.runtimeconfig.json",
                "exists": false
              }
            ],
            "operation": {
              "operationId": "fcd272f4-81de-43a9-b5aa-43474e40990f",
              "sessionId": "sess_9d81653d-3cfe-41d9-a61a-98f096912d4a",
              "requestDigest": "8a29070c85906ce8df1886f9dc898c252ad89f797a5bc3103e84b8db48b496f0",
              "recipeId": "fixture-build",
              "cwd": "C:\\Users\\USER\\Desktop\\Personal\\ZCode\\.tmp\\z1-native-1790254778179-a46d97\\workspace",
              "status": "completed",
              "processStarted": true,
              "startedAt": 1790254785740,
              "completedAt": 1790254787845,
              "result": {
                "status": "completed",
                "exitCode": 0,
                "stdout": {
                  "text": "  Determining projects to restore...\n  Restored [USER_PATH] (in 44 ms).\n  Z4Fixture -> [USER_PATH]\n\nBuild succeeded.\n    0 Warning(s)\n    0 Error(s)\n\nTime Elapsed 00:00:01.74\n",
                  "bytes": 376,
                  "truncated": false
                },
                "stderr": {
                  "text": "",
                  "bytes": 0,
                  "truncated": false
                },
                "durationMs": 2099,
                "timedOut": false,
                "cancelled": false,
                "processExitObserved": true
              }
            },
            "verification": {
              "processKnown": true,
              "exitSuccessful": true,
              "reportFresh": false,
              "reportParsed": false,
              "acceptancePassed": true,
              "classification": "build",
              "issues": []
            }
          }
        ],
        "artifacts": [
          {
            "id": "876e1e0d-169f-4e15-9c7f-47e40c835d44",
            "runId": "5b23c711-62e7-4b0e-a20e-79c3e98dfd0a",
            "nodeId": "4682aa09-0479-4947-8fe8-a47b8d331e6f",
            "attemptId": "8840eec7-ac23-4331-a95d-f38da136f4ac",
            "workspaceKey": "C:\\Users\\USER\\Desktop\\Personal\\ZCode\\.tmp\\z1-native-1790254778179-a46d97\\workspace",
            "type": "command",
            "provenance": "native-command",
            "bytes": 744,
            "digest": "1f180cc28600277f3f8adb9e78b16c5dbf03251fd1d6cbb2c6b436b238aec421",
            "capturedAt": 1790254787877,
            "validation": "valid",
            "sourceBaseline": "295b19f442eebbacb47a3206595fb9de5a25226fe60be79880eaa0a2a2711bbe",
            "sessionId": "sess_9d81653d-3cfe-41d9-a61a-98f096912d4a",
            "operationId": "fcd272f4-81de-43a9-b5aa-43474e40990f"
          },
          {
            "id": "229e15bf-41c7-4137-b819-0aef92fdf6b1",
            "runId": "5b23c711-62e7-4b0e-a20e-79c3e98dfd0a",
            "nodeId": "4682aa09-0479-4947-8fe8-a47b8d331e6f",
            "attemptId": "8840eec7-ac23-4331-a95d-f38da136f4ac",
            "workspaceKey": "C:\\Users\\USER\\Desktop\\Personal\\ZCode\\.tmp\\z1-native-1790254778179-a46d97\\workspace",
            "type": "file",
            "provenance": "workspace-file",
            "bytes": 0,
            "digest": "e3b0c44298fc1c149afbf4c8996fb92427ae41e4649b934ca495991b7852b855",
            "capturedAt": 1790254787877,
            "validation": "incomplete",
            "issue": "The encoded data was not valid for encoding utf-8",
            "sourceBaseline": "295b19f442eebbacb47a3206595fb9de5a25226fe60be79880eaa0a2a2711bbe",
            "sourcePath": "bin/Release/net8.0/Z4Fixture.dll",
            "sessionId": "sess_9d81653d-3cfe-41d9-a61a-98f096912d4a",
            "operationId": "fcd272f4-81de-43a9-b5aa-43474e40990f"
          },
          {
            "id": "ebf65415-8470-424d-95e8-ccb626253c78",
            "runId": "5b23c711-62e7-4b0e-a20e-79c3e98dfd0a",
            "nodeId": "4682aa09-0479-4947-8fe8-a47b8d331e6f",
            "attemptId": "8840eec7-ac23-4331-a95d-f38da136f4ac",
            "workspaceKey": "C:\\Users\\USER\\Desktop\\Personal\\ZCode\\.tmp\\z1-native-1790254778179-a46d97\\workspace",
            "type": "file",
            "provenance": "workspace-file",
            "bytes": 419,
            "digest": "966c1943eeee943a49a89672e0545508aae39097e66ae7fb9cd27c552b253805",
            "capturedAt": 1790254787877,
            "validation": "valid",
            "sourceBaseline": "295b19f442eebbacb47a3206595fb9de5a25226fe60be79880eaa0a2a2711bbe",
            "sourcePath": "bin/Release/net8.0/Z4Fixture.deps.json",
            "sessionId": "sess_9d81653d-3cfe-41d9-a61a-98f096912d4a",
            "operationId": "fcd272f4-81de-43a9-b5aa-43474e40990f"
          },
          {
            "id": "84ac9390-9ede-4b6d-ab6f-9f7e121e81d0",
            "runId": "5b23c711-62e7-4b0e-a20e-79c3e98dfd0a",
            "nodeId": "4682aa09-0479-4947-8fe8-a47b8d331e6f",
            "attemptId": "8840eec7-ac23-4331-a95d-f38da136f4ac",
            "workspaceKey": "C:\\Users\\USER\\Desktop\\Personal\\ZCode\\.tmp\\z1-native-1790254778179-a46d97\\workspace",
            "type": "file",
            "provenance": "workspace-file",
            "bytes": 340,
            "digest": "28329cf08f6505e73806b17558b187c02f0c1c516fe47ebfb7a013d082aaa306",
            "capturedAt": 1790254787877,
            "validation": "valid",
            "sourceBaseline": "295b19f442eebbacb47a3206595fb9de5a25226fe60be79880eaa0a2a2711bbe",
            "sourcePath": "bin/Release/net8.0/Z4Fixture.runtimeconfig.json",
            "sessionId": "sess_9d81653d-3cfe-41d9-a61a-98f096912d4a",
            "operationId": "fcd272f4-81de-43a9-b5aa-43474e40990f"
          }
        ],
        "artifactBindings": [
          {
            "nodeId": "4682aa09-0479-4947-8fe8-a47b8d331e6f",
            "attemptId": "8840eec7-ac23-4331-a95d-f38da136f4ac",
            "selector": "command",
            "artifactId": "876e1e0d-169f-4e15-9c7f-47e40c835d44"
          },
          {
            "nodeId": "4682aa09-0479-4947-8fe8-a47b8d331e6f",
            "attemptId": "8840eec7-ac23-4331-a95d-f38da136f4ac",
            "selector": "bin/Release/net8.0/Z4Fixture.dll",
            "artifactId": "229e15bf-41c7-4137-b819-0aef92fdf6b1"
          },
          {
            "nodeId": "4682aa09-0479-4947-8fe8-a47b8d331e6f",
            "attemptId": "8840eec7-ac23-4331-a95d-f38da136f4ac",
            "selector": "bin/Release/net8.0/Z4Fixture.deps.json",
            "artifactId": "ebf65415-8470-424d-95e8-ccb626253c78"
          },
          {
            "nodeId": "4682aa09-0479-4947-8fe8-a47b8d331e6f",
            "attemptId": "8840eec7-ac23-4331-a95d-f38da136f4ac",
            "selector": "bin/Release/net8.0/Z4Fixture.runtimeconfig.json",
            "artifactId": "84ac9390-9ede-4b6d-ab6f-9f7e121e81d0"
          }
        ],
        "resultArtifactId": "876e1e0d-169f-4e15-9c7f-47e40c835d44"
      }
    ]
  },
  "nativeLedger": [],
  "nativeToolResults": [],
  "providerErrors": [],
  "modelRequests": 0,
  "marker": "Z4_FRESH_REVIEW_f87a2491-6a08-41a2-9a4f-503b836e9392"
}
