C:\Users\USER\Desktop\Personal\ZCode\packages\ui\test\graphEditing.test.ts:7
  appendGraphTool,
  ^
SyntaxError: The requested module '../src/graph-engineering/graphEditing.js' does not provide an export named 'appendGraphTool'
    at #asyncInstantiate (node:internal/modules/esm/module_job:319:21)
    at async ModuleJob.run (node:internal/modules/esm/module_job:422:5)
    at async onImport.tracePromise.__proto__ (node:internal/modules/esm/loader:661:26)
    at async asyncRunEntryPointWithESMLoader (node:internal/modules/run_main:101:5)

Node.js v24.14.0
✖ packages\ui\test\graphEditing.test.ts (167.9294ms)
ℹ tests 1
ℹ suites 0
ℹ pass 0
ℹ fail 1
ℹ cancelled 0
ℹ skipped 0
ℹ todo 0
ℹ duration_ms 173.1858

✖ failing tests:

test at packages\ui\test\graphEditing.test.ts:1:1
✖ packages\ui\test\graphEditing.test.ts (167.9294ms)
  'test failed'
