[2026-09-28 11:12:00.464] [pid:43932] [settingService] write done
[2026-09-28 11:12:00.468] [pid:43932] [main] [open-folder] Windows Explorer 右键菜单安装失败 { error: '[Z1 isolation] registry access blocked' }
[43932:0928/111200.469:ERROR:content\browser\gpu\gpu_process_host.cc:996] GPU process exited unexpectedly: exit_code=-1073741515
[43932:0928/111200.483:ERROR:content\browser\gpu\gpu_process_host.cc:996] GPU process exited unexpectedly: exit_code=-1073741515
[43932:0928/111200.496:ERROR:content\browser\gpu\gpu_process_host.cc:996] GPU process exited unexpectedly: exit_code=-1073741515
[2026-09-28 11:12:00.500] [pid:43932] [main] [desktop-network] renderer proxy mode=direct bypass=disabled customCa=disabled insecureCerts=rejected
[2026-09-28 11:12:00.502] [pid:43932] [main] [desktop-network] renderer proxy mode=system bypass=disabled customCa=disabled insecureCerts=rejected
[2026-09-28 11:12:00.504] [pid:43932] [main] [auto-update] disabled for this desktop product flavor
[Z1 isolation] blocked recent-document mutation
[2026-09-28 11:12:00.518] [pid:43932] [main] [resource] sampling started interval=10000ms report=60000ms
[2026-09-28 11:12:00.519] [pid:43932] [main] [network] reporting started interval=60000ms
[2026-09-28 11:12:00.520] [pid:43932] [main] [force-update] Preview 跳过远端强制升级检查
[2026-09-28 11:12:00.521] [pid:43932] [main] [startup] 创建主窗口
[2026-09-28 11:12:00.521] [pid:43932] [main] [primary-window] creating main window (app-ready)
[2026-09-28 11:12:00.523] [pid:43932] [main] [startup-workspace] using explicit open workspace: C:\Users\USER\Desktop\Personal\ZCode\.tmp\z1-native-1790565113623-a06682\workspace
[43932:0928/111200.600:ERROR:content\browser\gpu\gpu_process_host.cc:996] GPU process exited unexpectedly: exit_code=-1073741515
[2026-09-28 11:12:00.600] [pid:43932] [main] [crash-capture] child-process-gone: {
  type: 'GPU',
  reason: 'crashed',
  exitCode: -1073741515,
  serviceName: 'GPU'
}
[2026-09-28 11:12:00.601] [pid:43932] [main] [stability] perf_process_exit reported {
  exit_code: -1073741515,
  exit_reason: 'crashed',
  process_role: 'gpu',
  exit_kind: 'recoverable_child_crash',
  process_type: 'GPU',
  process_name: 'GPU'
}
[2026-09-28 11:12:00.606] [pid:43932] [main] [crash-capture] render-process-gone: {
  webContentsId: 1,
  reason: 'launch-failed',
  exitCode: 49,
  name: 'window',
  url: ''
}
[2026-09-28 11:12:00.607] [pid:43932] [main] [stability] perf_crash reported {
  crash_id: '4bafc0c7-0003-4826-ac0e-f5f6f3cee22d',
  crash_kind: 'native',
  crash_scope: 'main_window_renderer',
  crash_cause: 'launch_failed',
  crash_source: 'electron_callback',
  exit_code: 49,
  exit_reason: 'launch-failed',
  process_role: 'renderer',
  web_contents_type: 'window',
  web_contents_id: 1,
  window_id: 1
}
[43932:0928/111200.627:ERROR:content\browser\gpu\gpu_process_host.cc:996] GPU process exited unexpectedly: exit_code=-1073741515
[2026-09-28 11:12:00.627] [pid:43932] [main] [crash-capture] child-process-gone: {
  type: 'GPU',
  reason: 'crashed',
  exitCode: -1073741515,
  serviceName: 'GPU'
}
[2026-09-28 11:12:00.628] [pid:43932] [main] [stability] perf_process_exit reported {
  exit_code: -1073741515,
  exit_reason: 'crashed',
  process_role: 'gpu',
  exit_kind: 'recoverable_child_crash',
  process_type: 'GPU',
  process_name: 'GPU'
}
[2026-09-28 11:12:00.634] [pid:43932] [main] [desktop-context-prompt] config refreshed { enabled: false, configVersion: undefined }
[2026-09-28 11:12:00.642] [pid:43932] [main] [desktop-window] renderer navigation rejected Error: ERR_FAILED (-2) loading 'file:///C:\Users\USER\Desktop\Personal\ZCode\packages\desktop\out\renderer\index.html?restoreSession=true&supportsSettings=true&initialWorkspacePath=C%3A%5CUsers%5CUSER%5CDesktop%5CPersonal%5CZCode%5C.tmp%5Cz1-native-1790565113623-a06682%5Cworkspace&initialWorkspacePurpose=project&zcodeLaunchMarks=%7B%22createdAt%22%3A1790565113868.752%2C%22mainStart%22%3A1790565120341%2C%22appReady%22%3A1790565120420%2C%22loadUrl%22%3A1790565120587%7D'
    at rejectAndCleanup (node:electron/js2c/browser_init:2:89325)
    at finishListener (node:electron/js2c/browser_init:2:89487)
    at WebContents.stopLoadingListener (node:electron/js2c/browser_init:2:89874)
    at WebContents.emit (node:events:508:28) {
  errno: -2,
  code: 'ERR_FAILED',
  url: 'file:///C:\\Users\\USER\\Desktop\\Personal\\ZCode\\packages\\desktop\\out\\renderer\\index.html?restoreSession=true&supportsSettings=true&initialWorkspacePath=C%3A%5CUsers%5CUSER%5CDesktop%5CPersonal%5CZCode%5C.tmp%5Cz1-native-1790565113623-a06682%5Cworkspace&initialWorkspacePurpose=project&zcodeLaunchMarks=%7B%22createdAt%22%3A1790565113868.752%2C%22mainStart%22%3A1790565120341%2C%22appReady%22%3A1790565120420%2C%22loadUrl%22%3A1790565120587%7D'
}
[2026-09-28 11:12:00.645] [pid:43932] [main] [crash-capture] render-process-gone: {
  webContentsId: 1,
  reason: 'launch-failed',
  exitCode: 49,
  name: 'window',
  url: ''
}
[2026-09-28 11:12:00.646] [pid:43932] [main] [stability] perf_crash reported {
  crash_id: 'fef2cd4d-3fcd-4340-b2fb-899559518b8a',
  crash_kind: 'native',
  crash_scope: 'main_window_renderer',
  crash_cause: 'launch_failed',
  crash_source: 'electron_callback',
  exit_code: 49,
  exit_reason: 'launch-failed',
  process_role: 'renderer',
  web_contents_type: 'window',
  web_contents_id: 1,
  window_id: 1
}
[43932:0928/111200.647:ERROR:content\browser\gpu\gpu_process_host.cc:996] GPU process exited unexpectedly: exit_code=-1073741515
[43932:0928/111200.647:FATAL:content\browser\gpu\gpu_data_manager_impl_private.cc:417] GPU process isn't usable. Goodbye.
